<!doctype html public "-//w3c//dtd html 4.0 transitional//en">
<html><head>
<title>Static Call Graph - [.\objects\AT32M416K8U7-4_WorkBench.axf]</title></head>
<body><HR>
<H1>Static Call Graph for image .\objects\AT32M416K8U7-4_WorkBench.axf</H1><HR>
<BR><P>#&#060CALLGRAPH&#062# ARM Linker, 5060960: Last Updated: Fri May 08 09:04:54 2026
<BR><P>
<H3>Maximum Stack Usage =        168 bytes + Unknown(Functions without stacksize, Cycles, Untraceable Function Pointers)</H3><H3>
Call chain for Maximum Stack Depth:</H3>
__rt_entry_main &rArr; main &rArr; wk_usart1_init &rArr; usart_init &rArr; crm_clocks_freq_get &rArr; __aeabi_uldivmod
<P>
<H3>
Functions with no stack information
</H3><UL>
 <LI><a href="#[4f]">__user_initial_stackheap</a>
</UL>
</UL>
<P>
<H3>
Mutually Recursive functions
</H3> <LI><a href="#[23]">CAN1_ERR_IRQHandler</a>&nbsp;&nbsp;&nbsp;&rArr;&nbsp;&nbsp;&nbsp;<a href="#[23]">CAN1_ERR_IRQHandler</a><BR>
</UL>
<P>
<H3>
Function Pointers
</H3><UL>
 <LI><a href="#[1f]">ADC1_2_IRQHandler</a> from at32m412_416_int.o(i.ADC1_2_IRQHandler) referenced from startup_at32m412_416.o(RESET)
 <LI><a href="#[7]">BusFault_Handler</a> from at32m412_416_int.o(i.BusFault_Handler) referenced from startup_at32m412_416.o(RESET)
 <LI><a href="#[23]">CAN1_ERR_IRQHandler</a> from startup_at32m412_416.o(.text) referenced from startup_at32m412_416.o(RESET)
 <LI><a href="#[21]">CAN1_RX_IRQHandler</a> from startup_at32m412_416.o(.text) referenced from startup_at32m412_416.o(RESET)
 <LI><a href="#[22]">CAN1_STAT_IRQHandler</a> from startup_at32m412_416.o(.text) referenced from startup_at32m412_416.o(RESET)
 <LI><a href="#[20]">CAN1_TX_IRQHandler</a> from startup_at32m412_416.o(.text) referenced from startup_at32m412_416.o(RESET)
 <LI><a href="#[37]">CMP2_1_IRQHandler</a> from startup_at32m412_416.o(.text) referenced from startup_at32m412_416.o(RESET)
 <LI><a href="#[12]">CRM_IRQHandler</a> from startup_at32m412_416.o(.text) referenced from startup_at32m412_416.o(RESET)
 <LI><a href="#[18]">DMA1_Channel1_IRQHandler</a> from at32m412_416_int.o(i.DMA1_Channel1_IRQHandler) referenced from startup_at32m412_416.o(RESET)
 <LI><a href="#[19]">DMA1_Channel2_IRQHandler</a> from startup_at32m412_416.o(.text) referenced from startup_at32m412_416.o(RESET)
 <LI><a href="#[1a]">DMA1_Channel3_IRQHandler</a> from startup_at32m412_416.o(.text) referenced from startup_at32m412_416.o(RESET)
 <LI><a href="#[1b]">DMA1_Channel4_IRQHandler</a> from startup_at32m412_416.o(.text) referenced from startup_at32m412_416.o(RESET)
 <LI><a href="#[1c]">DMA1_Channel5_IRQHandler</a> from startup_at32m412_416.o(.text) referenced from startup_at32m412_416.o(RESET)
 <LI><a href="#[1d]">DMA1_Channel6_IRQHandler</a> from startup_at32m412_416.o(.text) referenced from startup_at32m412_416.o(RESET)
 <LI><a href="#[1e]">DMA1_Channel7_IRQHandler</a> from startup_at32m412_416.o(.text) referenced from startup_at32m412_416.o(RESET)
 <LI><a href="#[39]">DMAMUX_IRQHandler</a> from startup_at32m412_416.o(.text) referenced from startup_at32m412_416.o(RESET)
 <LI><a href="#[a]">DebugMon_Handler</a> from at32m412_416_int.o(i.DebugMon_Handler) referenced from startup_at32m412_416.o(RESET)
 <LI><a href="#[34]">ERTCAlarm_IRQHandler</a> from startup_at32m412_416.o(.text) referenced from startup_at32m412_416.o(RESET)
 <LI><a href="#[10]">ERTC_WKUP_IRQHandler</a> from startup_at32m412_416.o(.text) referenced from startup_at32m412_416.o(RESET)
 <LI><a href="#[13]">EXINT0_IRQHandler</a> from startup_at32m412_416.o(.text) referenced from startup_at32m412_416.o(RESET)
 <LI><a href="#[33]">EXINT15_10_IRQHandler</a> from startup_at32m412_416.o(.text) referenced from startup_at32m412_416.o(RESET)
 <LI><a href="#[14]">EXINT1_IRQHandler</a> from startup_at32m412_416.o(.text) referenced from startup_at32m412_416.o(RESET)
 <LI><a href="#[15]">EXINT2_IRQHandler</a> from startup_at32m412_416.o(.text) referenced from startup_at32m412_416.o(RESET)
 <LI><a href="#[16]">EXINT3_IRQHandler</a> from startup_at32m412_416.o(.text) referenced from startup_at32m412_416.o(RESET)
 <LI><a href="#[17]">EXINT4_IRQHandler</a> from startup_at32m412_416.o(.text) referenced from startup_at32m412_416.o(RESET)
 <LI><a href="#[24]">EXINT9_5_IRQHandler</a> from startup_at32m412_416.o(.text) referenced from startup_at32m412_416.o(RESET)
 <LI><a href="#[11]">FLASH_IRQHandler</a> from startup_at32m412_416.o(.text) referenced from startup_at32m412_416.o(RESET)
 <LI><a href="#[38]">FPU_IRQHandler</a> from startup_at32m412_416.o(.text) referenced from startup_at32m412_416.o(RESET)
 <LI><a href="#[5]">HardFault_Handler</a> from at32m412_416_int.o(i.HardFault_Handler) referenced from startup_at32m412_416.o(RESET)
 <LI><a href="#[2c]">I2C1_ERR_IRQHandler</a> from startup_at32m412_416.o(.text) referenced from startup_at32m412_416.o(RESET)
 <LI><a href="#[2b]">I2C1_EVT_IRQHandler</a> from startup_at32m412_416.o(.text) referenced from startup_at32m412_416.o(RESET)
 <LI><a href="#[2e]">I2C2_ERR_IRQHandler</a> from startup_at32m412_416.o(.text) referenced from startup_at32m412_416.o(RESET)
 <LI><a href="#[2d]">I2C2_EVT_IRQHandler</a> from startup_at32m412_416.o(.text) referenced from startup_at32m412_416.o(RESET)
 <LI><a href="#[6]">MemManage_Handler</a> from at32m412_416_int.o(i.MemManage_Handler) referenced from startup_at32m412_416.o(RESET)
 <LI><a href="#[4]">NMI_Handler</a> from at32m412_416_int.o(i.NMI_Handler) referenced from startup_at32m412_416.o(RESET)
 <LI><a href="#[e]">PVM_IRQHandler</a> from startup_at32m412_416.o(.text) referenced from startup_at32m412_416.o(RESET)
 <LI><a href="#[b]">PendSV_Handler</a> from at32m412_416_int.o(i.PendSV_Handler) referenced from startup_at32m412_416.o(RESET)
 <LI><a href="#[3]">Reset_Handler</a> from startup_at32m412_416.o(.text) referenced from startup_at32m412_416.o(RESET)
 <LI><a href="#[2f]">SPI1_IRQHandler</a> from startup_at32m412_416.o(.text) referenced from startup_at32m412_416.o(RESET)
 <LI><a href="#[30]">SPI2_IRQHandler</a> from startup_at32m412_416.o(.text) referenced from startup_at32m412_416.o(RESET)
 <LI><a href="#[9]">SVC_Handler</a> from at32m412_416_int.o(i.SVC_Handler) referenced from startup_at32m412_416.o(RESET)
 <LI><a href="#[c]">SysTick_Handler</a> from at32m412_416_int.o(i.SysTick_Handler) referenced from startup_at32m412_416.o(RESET)
 <LI><a href="#[3a]">SystemInit</a> from system_at32m412_416.o(i.SystemInit) referenced from startup_at32m412_416.o(.text)
 <LI><a href="#[f]">TAMP_STAMP_IRQHandler</a> from startup_at32m412_416.o(.text) referenced from startup_at32m412_416.o(RESET)
 <LI><a href="#[25]">TMR1_BRK_TMR9_IRQHandler</a> from startup_at32m412_416.o(.text) referenced from startup_at32m412_416.o(RESET)
 <LI><a href="#[28]">TMR1_CH_IRQHandler</a> from startup_at32m412_416.o(.text) referenced from startup_at32m412_416.o(RESET)
 <LI><a href="#[26]">TMR1_OVF_TMR10_IRQHandler</a> from startup_at32m412_416.o(.text) referenced from startup_at32m412_416.o(RESET)
 <LI><a href="#[27]">TMR1_TRG_HALL_TMR11_IRQHandler</a> from startup_at32m412_416.o(.text) referenced from startup_at32m412_416.o(RESET)
 <LI><a href="#[29]">TMR3_GLOBAL_IRQHandler</a> from startup_at32m412_416.o(.text) referenced from startup_at32m412_416.o(RESET)
 <LI><a href="#[2a]">TMR4_GLOBAL_IRQHandler</a> from startup_at32m412_416.o(.text) referenced from startup_at32m412_416.o(RESET)
 <LI><a href="#[35]">TMR6_DAC_GLOBAL_IRQHandler</a> from startup_at32m412_416.o(.text) referenced from startup_at32m412_416.o(RESET)
 <LI><a href="#[36]">TMR7_GLOBAL_IRQHandler</a> from startup_at32m412_416.o(.text) referenced from startup_at32m412_416.o(RESET)
 <LI><a href="#[31]">USART1_IRQHandler</a> from startup_at32m412_416.o(.text) referenced from startup_at32m412_416.o(RESET)
 <LI><a href="#[32]">USART2_IRQHandler</a> from startup_at32m412_416.o(.text) referenced from startup_at32m412_416.o(RESET)
 <LI><a href="#[8]">UsageFault_Handler</a> from at32m412_416_int.o(i.UsageFault_Handler) referenced from startup_at32m412_416.o(RESET)
 <LI><a href="#[d]">WWDT_IRQHandler</a> from startup_at32m412_416.o(.text) referenced from startup_at32m412_416.o(RESET)
 <LI><a href="#[3c]">__main</a> from __main.o(!!!main) referenced from startup_at32m412_416.o(.text)
</UL>
<P>
<H3>
Global Symbols
</H3>
<P><STRONG><a name="[3c]"></a>__main</STRONG> (Thumb, 8 bytes, Stack size 0 bytes, __main.o(!!!main))
<BR><BR>[Calls]<UL><LI><a href="#[3d]">&gt;&gt;</a>&nbsp;&nbsp;&nbsp;__scatterload
<LI><a href="#[3e]">&gt;&gt;</a>&nbsp;&nbsp;&nbsp;__rt_entry
</UL>

<P><STRONG><a name="[3d]"></a>__scatterload</STRONG> (Thumb, 0 bytes, Stack size unknown bytes, __scatter.o(!!!scatter))
<BR><BR>[Called By]<UL><LI><a href="#[3c]">&gt;&gt;</a>&nbsp;&nbsp;&nbsp;__main
</UL>

<P><STRONG><a name="[3f]"></a>__scatterload_rt2</STRONG> (Thumb, 44 bytes, Stack size unknown bytes, __scatter.o(!!!scatter), UNUSED)
<BR><BR>[Calls]<UL><LI><a href="#[3e]">&gt;&gt;</a>&nbsp;&nbsp;&nbsp;__rt_entry
</UL>

<P><STRONG><a name="[bf]"></a>__scatterload_rt2_thumb_only</STRONG> (Thumb, 0 bytes, Stack size unknown bytes, __scatter.o(!!!scatter), UNUSED)

<P><STRONG><a name="[c0]"></a>__scatterload_null</STRONG> (Thumb, 0 bytes, Stack size unknown bytes, __scatter.o(!!!scatter), UNUSED)

<P><STRONG><a name="[40]"></a>__scatterload_copy</STRONG> (Thumb, 26 bytes, Stack size unknown bytes, __scatter_copy.o(!!handler_copy), UNUSED)
<BR><BR>[Calls]<UL><LI><a href="#[40]">&gt;&gt;</a>&nbsp;&nbsp;&nbsp;__scatterload_copy
</UL>
<BR>[Called By]<UL><LI><a href="#[40]">&gt;&gt;</a>&nbsp;&nbsp;&nbsp;__scatterload_copy
</UL>

<P><STRONG><a name="[c1]"></a>__scatterload_zeroinit</STRONG> (Thumb, 28 bytes, Stack size unknown bytes, __scatter_zi.o(!!handler_zi), UNUSED)

<P><STRONG><a name="[46]"></a>__rt_lib_init</STRONG> (Thumb, 0 bytes, Stack size unknown bytes, libinit.o(.ARM.Collect$$libinit$$00000000))
<BR><BR>[Called By]<UL><LI><a href="#[45]">&gt;&gt;</a>&nbsp;&nbsp;&nbsp;__rt_entry_li
</UL>

<P><STRONG><a name="[41]"></a>__rt_lib_init_fp_1</STRONG> (Thumb, 0 bytes, Stack size unknown bytes, libinit2.o(.ARM.Collect$$libinit$$00000001))
<BR><BR>[Calls]<UL><LI><a href="#[42]">&gt;&gt;</a>&nbsp;&nbsp;&nbsp;_fp_init
</UL>

<P><STRONG><a name="[c2]"></a>__rt_lib_init_alloca_1</STRONG> (Thumb, 0 bytes, Stack size unknown bytes, libinit2.o(.ARM.Collect$$libinit$$0000002E))

<P><STRONG><a name="[c3]"></a>__rt_lib_init_argv_1</STRONG> (Thumb, 0 bytes, Stack size unknown bytes, libinit2.o(.ARM.Collect$$libinit$$0000002C))

<P><STRONG><a name="[c4]"></a>__rt_lib_init_atexit_1</STRONG> (Thumb, 0 bytes, Stack size unknown bytes, libinit2.o(.ARM.Collect$$libinit$$0000001B))

<P><STRONG><a name="[c5]"></a>__rt_lib_init_clock_1</STRONG> (Thumb, 0 bytes, Stack size unknown bytes, libinit2.o(.ARM.Collect$$libinit$$00000021))

<P><STRONG><a name="[c6]"></a>__rt_lib_init_cpp_1</STRONG> (Thumb, 0 bytes, Stack size unknown bytes, libinit2.o(.ARM.Collect$$libinit$$00000032))

<P><STRONG><a name="[c7]"></a>__rt_lib_init_exceptions_1</STRONG> (Thumb, 0 bytes, Stack size unknown bytes, libinit2.o(.ARM.Collect$$libinit$$00000030))

<P><STRONG><a name="[c8]"></a>__rt_lib_init_fp_trap_1</STRONG> (Thumb, 0 bytes, Stack size unknown bytes, libinit2.o(.ARM.Collect$$libinit$$0000001F))

<P><STRONG><a name="[c9]"></a>__rt_lib_init_getenv_1</STRONG> (Thumb, 0 bytes, Stack size unknown bytes, libinit2.o(.ARM.Collect$$libinit$$00000023))

<P><STRONG><a name="[ca]"></a>__rt_lib_init_heap_1</STRONG> (Thumb, 0 bytes, Stack size unknown bytes, libinit2.o(.ARM.Collect$$libinit$$0000000A))

<P><STRONG><a name="[cb]"></a>__rt_lib_init_lc_collate_1</STRONG> (Thumb, 0 bytes, Stack size unknown bytes, libinit2.o(.ARM.Collect$$libinit$$00000011))

<P><STRONG><a name="[cc]"></a>__rt_lib_init_lc_ctype_1</STRONG> (Thumb, 0 bytes, Stack size unknown bytes, libinit2.o(.ARM.Collect$$libinit$$00000013))

<P><STRONG><a name="[cd]"></a>__rt_lib_init_lc_monetary_1</STRONG> (Thumb, 0 bytes, Stack size unknown bytes, libinit2.o(.ARM.Collect$$libinit$$00000015))

<P><STRONG><a name="[ce]"></a>__rt_lib_init_lc_numeric_1</STRONG> (Thumb, 0 bytes, Stack size unknown bytes, libinit2.o(.ARM.Collect$$libinit$$00000017))

<P><STRONG><a name="[cf]"></a>__rt_lib_init_lc_time_1</STRONG> (Thumb, 0 bytes, Stack size unknown bytes, libinit2.o(.ARM.Collect$$libinit$$00000019))

<P><STRONG><a name="[d0]"></a>__rt_lib_init_preinit_1</STRONG> (Thumb, 0 bytes, Stack size unknown bytes, libinit2.o(.ARM.Collect$$libinit$$00000004))

<P><STRONG><a name="[d1]"></a>__rt_lib_init_rand_1</STRONG> (Thumb, 0 bytes, Stack size unknown bytes, libinit2.o(.ARM.Collect$$libinit$$0000000E))

<P><STRONG><a name="[d2]"></a>__rt_lib_init_return</STRONG> (Thumb, 0 bytes, Stack size unknown bytes, libinit2.o(.ARM.Collect$$libinit$$00000033))

<P><STRONG><a name="[d3]"></a>__rt_lib_init_signal_1</STRONG> (Thumb, 0 bytes, Stack size unknown bytes, libinit2.o(.ARM.Collect$$libinit$$0000001D))

<P><STRONG><a name="[d4]"></a>__rt_lib_init_stdio_1</STRONG> (Thumb, 0 bytes, Stack size unknown bytes, libinit2.o(.ARM.Collect$$libinit$$00000025))

<P><STRONG><a name="[d5]"></a>__rt_lib_init_user_alloc_1</STRONG> (Thumb, 0 bytes, Stack size unknown bytes, libinit2.o(.ARM.Collect$$libinit$$0000000C))

<P><STRONG><a name="[4b]"></a>__rt_lib_shutdown</STRONG> (Thumb, 0 bytes, Stack size unknown bytes, libshutdown.o(.ARM.Collect$$libshutdown$$00000000))
<BR><BR>[Called By]<UL><LI><a href="#[4a]">&gt;&gt;</a>&nbsp;&nbsp;&nbsp;__rt_exit_ls
</UL>

<P><STRONG><a name="[d6]"></a>__rt_lib_shutdown_cpp_1</STRONG> (Thumb, 0 bytes, Stack size unknown bytes, libshutdown2.o(.ARM.Collect$$libshutdown$$00000004))

<P><STRONG><a name="[d7]"></a>__rt_lib_shutdown_fini_1</STRONG> (Thumb, 0 bytes, Stack size unknown bytes, libshutdown2.o(.ARM.Collect$$libshutdown$$00000002))

<P><STRONG><a name="[d8]"></a>__rt_lib_shutdown_fp_trap_1</STRONG> (Thumb, 0 bytes, Stack size unknown bytes, libshutdown2.o(.ARM.Collect$$libshutdown$$00000009))

<P><STRONG><a name="[d9]"></a>__rt_lib_shutdown_heap_1</STRONG> (Thumb, 0 bytes, Stack size unknown bytes, libshutdown2.o(.ARM.Collect$$libshutdown$$00000011))

<P><STRONG><a name="[da]"></a>__rt_lib_shutdown_return</STRONG> (Thumb, 0 bytes, Stack size unknown bytes, libshutdown2.o(.ARM.Collect$$libshutdown$$00000012))

<P><STRONG><a name="[db]"></a>__rt_lib_shutdown_signal_1</STRONG> (Thumb, 0 bytes, Stack size unknown bytes, libshutdown2.o(.ARM.Collect$$libshutdown$$0000000C))

<P><STRONG><a name="[dc]"></a>__rt_lib_shutdown_stdio_1</STRONG> (Thumb, 0 bytes, Stack size unknown bytes, libshutdown2.o(.ARM.Collect$$libshutdown$$00000006))

<P><STRONG><a name="[dd]"></a>__rt_lib_shutdown_user_alloc_1</STRONG> (Thumb, 0 bytes, Stack size unknown bytes, libshutdown2.o(.ARM.Collect$$libshutdown$$0000000E))

<P><STRONG><a name="[3e]"></a>__rt_entry</STRONG> (Thumb, 0 bytes, Stack size unknown bytes, __rtentry.o(.ARM.Collect$$rtentry$$00000000))
<BR><BR>[Called By]<UL><LI><a href="#[3f]">&gt;&gt;</a>&nbsp;&nbsp;&nbsp;__scatterload_rt2
<LI><a href="#[3c]">&gt;&gt;</a>&nbsp;&nbsp;&nbsp;__main
</UL>

<P><STRONG><a name="[de]"></a>__rt_entry_presh_1</STRONG> (Thumb, 0 bytes, Stack size unknown bytes, __rtentry2.o(.ARM.Collect$$rtentry$$00000002))

<P><STRONG><a name="[43]"></a>__rt_entry_sh</STRONG> (Thumb, 0 bytes, Stack size unknown bytes, __rtentry4.o(.ARM.Collect$$rtentry$$00000004))
<BR><BR>[Stack]<UL><LI>Max Depth = 8 + Unknown Stack Size
<LI>Call Chain = __rt_entry_sh &rArr; __user_setup_stackheap
</UL>
<BR>[Calls]<UL><LI><a href="#[44]">&gt;&gt;</a>&nbsp;&nbsp;&nbsp;__user_setup_stackheap
</UL>

<P><STRONG><a name="[45]"></a>__rt_entry_li</STRONG> (Thumb, 0 bytes, Stack size unknown bytes, __rtentry2.o(.ARM.Collect$$rtentry$$0000000A))
<BR><BR>[Calls]<UL><LI><a href="#[46]">&gt;&gt;</a>&nbsp;&nbsp;&nbsp;__rt_lib_init
</UL>

<P><STRONG><a name="[df]"></a>__rt_entry_postsh_1</STRONG> (Thumb, 0 bytes, Stack size unknown bytes, __rtentry2.o(.ARM.Collect$$rtentry$$00000009))

<P><STRONG><a name="[47]"></a>__rt_entry_main</STRONG> (Thumb, 0 bytes, Stack size unknown bytes, __rtentry2.o(.ARM.Collect$$rtentry$$0000000D))
<BR><BR>[Stack]<UL><LI>Max Depth = 168 + Unknown Stack Size
<LI>Call Chain = __rt_entry_main &rArr; main &rArr; wk_usart1_init &rArr; usart_init &rArr; crm_clocks_freq_get &rArr; __aeabi_uldivmod
</UL>
<BR>[Calls]<UL><LI><a href="#[48]">&gt;&gt;</a>&nbsp;&nbsp;&nbsp;main
<LI><a href="#[49]">&gt;&gt;</a>&nbsp;&nbsp;&nbsp;exit
</UL>

<P><STRONG><a name="[e0]"></a>__rt_entry_postli_1</STRONG> (Thumb, 0 bytes, Stack size unknown bytes, __rtentry2.o(.ARM.Collect$$rtentry$$0000000C))

<P><STRONG><a name="[50]"></a>__rt_exit</STRONG> (Thumb, 0 bytes, Stack size unknown bytes, rtexit.o(.ARM.Collect$$rtexit$$00000000))
<BR><BR>[Called By]<UL><LI><a href="#[49]">&gt;&gt;</a>&nbsp;&nbsp;&nbsp;exit
</UL>

<P><STRONG><a name="[4a]"></a>__rt_exit_ls</STRONG> (Thumb, 0 bytes, Stack size unknown bytes, rtexit2.o(.ARM.Collect$$rtexit$$00000003))
<BR><BR>[Calls]<UL><LI><a href="#[4b]">&gt;&gt;</a>&nbsp;&nbsp;&nbsp;__rt_lib_shutdown
</UL>

<P><STRONG><a name="[e1]"></a>__rt_exit_prels_1</STRONG> (Thumb, 0 bytes, Stack size unknown bytes, rtexit2.o(.ARM.Collect$$rtexit$$00000002))

<P><STRONG><a name="[4c]"></a>__rt_exit_exit</STRONG> (Thumb, 0 bytes, Stack size unknown bytes, rtexit2.o(.ARM.Collect$$rtexit$$00000004))
<BR><BR>[Calls]<UL><LI><a href="#[4d]">&gt;&gt;</a>&nbsp;&nbsp;&nbsp;_sys_exit
</UL>

<P><STRONG><a name="[3]"></a>Reset_Handler</STRONG> (Thumb, 8 bytes, Stack size 0 bytes, startup_at32m412_416.o(.text))
<BR>[Address Reference Count : 1]<UL><LI> startup_at32m412_416.o(RESET)
</UL>
<P><STRONG><a name="[23]"></a>CAN1_ERR_IRQHandler</STRONG> (Thumb, 0 bytes, Stack size 0 bytes, startup_at32m412_416.o(.text))
<BR><BR>[Calls]<UL><LI><a href="#[23]">&gt;&gt;</a>&nbsp;&nbsp;&nbsp;CAN1_ERR_IRQHandler
</UL>
<BR>[Called By]<UL><LI><a href="#[23]">&gt;&gt;</a>&nbsp;&nbsp;&nbsp;CAN1_ERR_IRQHandler
</UL>
<BR>[Address Reference Count : 1]<UL><LI> startup_at32m412_416.o(RESET)
</UL>
<P><STRONG><a name="[21]"></a>CAN1_RX_IRQHandler</STRONG> (Thumb, 0 bytes, Stack size 0 bytes, startup_at32m412_416.o(.text))
<BR>[Address Reference Count : 1]<UL><LI> startup_at32m412_416.o(RESET)
</UL>
<P><STRONG><a name="[22]"></a>CAN1_STAT_IRQHandler</STRONG> (Thumb, 0 bytes, Stack size 0 bytes, startup_at32m412_416.o(.text))
<BR>[Address Reference Count : 1]<UL><LI> startup_at32m412_416.o(RESET)
</UL>
<P><STRONG><a name="[20]"></a>CAN1_TX_IRQHandler</STRONG> (Thumb, 0 bytes, Stack size 0 bytes, startup_at32m412_416.o(.text))
<BR>[Address Reference Count : 1]<UL><LI> startup_at32m412_416.o(RESET)
</UL>
<P><STRONG><a name="[37]"></a>CMP2_1_IRQHandler</STRONG> (Thumb, 0 bytes, Stack size 0 bytes, startup_at32m412_416.o(.text))
<BR>[Address Reference Count : 1]<UL><LI> startup_at32m412_416.o(RESET)
</UL>
<P><STRONG><a name="[12]"></a>CRM_IRQHandler</STRONG> (Thumb, 0 bytes, Stack size 0 bytes, startup_at32m412_416.o(.text))
<BR>[Address Reference Count : 1]<UL><LI> startup_at32m412_416.o(RESET)
</UL>
<P><STRONG><a name="[19]"></a>DMA1_Channel2_IRQHandler</STRONG> (Thumb, 0 bytes, Stack size 0 bytes, startup_at32m412_416.o(.text))
<BR>[Address Reference Count : 1]<UL><LI> startup_at32m412_416.o(RESET)
</UL>
<P><STRONG><a name="[1a]"></a>DMA1_Channel3_IRQHandler</STRONG> (Thumb, 0 bytes, Stack size 0 bytes, startup_at32m412_416.o(.text))
<BR>[Address Reference Count : 1]<UL><LI> startup_at32m412_416.o(RESET)
</UL>
<P><STRONG><a name="[1b]"></a>DMA1_Channel4_IRQHandler</STRONG> (Thumb, 0 bytes, Stack size 0 bytes, startup_at32m412_416.o(.text))
<BR>[Address Reference Count : 1]<UL><LI> startup_at32m412_416.o(RESET)
</UL>
<P><STRONG><a name="[1c]"></a>DMA1_Channel5_IRQHandler</STRONG> (Thumb, 0 bytes, Stack size 0 bytes, startup_at32m412_416.o(.text))
<BR>[Address Reference Count : 1]<UL><LI> startup_at32m412_416.o(RESET)
</UL>
<P><STRONG><a name="[1d]"></a>DMA1_Channel6_IRQHandler</STRONG> (Thumb, 0 bytes, Stack size 0 bytes, startup_at32m412_416.o(.text))
<BR>[Address Reference Count : 1]<UL><LI> startup_at32m412_416.o(RESET)
</UL>
<P><STRONG><a name="[1e]"></a>DMA1_Channel7_IRQHandler</STRONG> (Thumb, 0 bytes, Stack size 0 bytes, startup_at32m412_416.o(.text))
<BR>[Address Reference Count : 1]<UL><LI> startup_at32m412_416.o(RESET)
</UL>
<P><STRONG><a name="[39]"></a>DMAMUX_IRQHandler</STRONG> (Thumb, 0 bytes, Stack size 0 bytes, startup_at32m412_416.o(.text))
<BR>[Address Reference Count : 1]<UL><LI> startup_at32m412_416.o(RESET)
</UL>
<P><STRONG><a name="[34]"></a>ERTCAlarm_IRQHandler</STRONG> (Thumb, 0 bytes, Stack size 0 bytes, startup_at32m412_416.o(.text))
<BR>[Address Reference Count : 1]<UL><LI> startup_at32m412_416.o(RESET)
</UL>
<P><STRONG><a name="[10]"></a>ERTC_WKUP_IRQHandler</STRONG> (Thumb, 0 bytes, Stack size 0 bytes, startup_at32m412_416.o(.text))
<BR>[Address Reference Count : 1]<UL><LI> startup_at32m412_416.o(RESET)
</UL>
<P><STRONG><a name="[13]"></a>EXINT0_IRQHandler</STRONG> (Thumb, 0 bytes, Stack size 0 bytes, startup_at32m412_416.o(.text))
<BR>[Address Reference Count : 1]<UL><LI> startup_at32m412_416.o(RESET)
</UL>
<P><STRONG><a name="[33]"></a>EXINT15_10_IRQHandler</STRONG> (Thumb, 0 bytes, Stack size 0 bytes, startup_at32m412_416.o(.text))
<BR>[Address Reference Count : 1]<UL><LI> startup_at32m412_416.o(RESET)
</UL>
<P><STRONG><a name="[14]"></a>EXINT1_IRQHandler</STRONG> (Thumb, 0 bytes, Stack size 0 bytes, startup_at32m412_416.o(.text))
<BR>[Address Reference Count : 1]<UL><LI> startup_at32m412_416.o(RESET)
</UL>
<P><STRONG><a name="[15]"></a>EXINT2_IRQHandler</STRONG> (Thumb, 0 bytes, Stack size 0 bytes, startup_at32m412_416.o(.text))
<BR>[Address Reference Count : 1]<UL><LI> startup_at32m412_416.o(RESET)
</UL>
<P><STRONG><a name="[16]"></a>EXINT3_IRQHandler</STRONG> (Thumb, 0 bytes, Stack size 0 bytes, startup_at32m412_416.o(.text))
<BR>[Address Reference Count : 1]<UL><LI> startup_at32m412_416.o(RESET)
</UL>
<P><STRONG><a name="[17]"></a>EXINT4_IRQHandler</STRONG> (Thumb, 0 bytes, Stack size 0 bytes, startup_at32m412_416.o(.text))
<BR>[Address Reference Count : 1]<UL><LI> startup_at32m412_416.o(RESET)
</UL>
<P><STRONG><a name="[24]"></a>EXINT9_5_IRQHandler</STRONG> (Thumb, 0 bytes, Stack size 0 bytes, startup_at32m412_416.o(.text))
<BR>[Address Reference Count : 1]<UL><LI> startup_at32m412_416.o(RESET)
</UL>
<P><STRONG><a name="[11]"></a>FLASH_IRQHandler</STRONG> (Thumb, 0 bytes, Stack size 0 bytes, startup_at32m412_416.o(.text))
<BR>[Address Reference Count : 1]<UL><LI> startup_at32m412_416.o(RESET)
</UL>
<P><STRONG><a name="[38]"></a>FPU_IRQHandler</STRONG> (Thumb, 0 bytes, Stack size 0 bytes, startup_at32m412_416.o(.text))
<BR>[Address Reference Count : 1]<UL><LI> startup_at32m412_416.o(RESET)
</UL>
<P><STRONG><a name="[2c]"></a>I2C1_ERR_IRQHandler</STRONG> (Thumb, 0 bytes, Stack size 0 bytes, startup_at32m412_416.o(.text))
<BR>[Address Reference Count : 1]<UL><LI> startup_at32m412_416.o(RESET)
</UL>
<P><STRONG><a name="[2b]"></a>I2C1_EVT_IRQHandler</STRONG> (Thumb, 0 bytes, Stack size 0 bytes, startup_at32m412_416.o(.text))
<BR>[Address Reference Count : 1]<UL><LI> startup_at32m412_416.o(RESET)
</UL>
<P><STRONG><a name="[2e]"></a>I2C2_ERR_IRQHandler</STRONG> (Thumb, 0 bytes, Stack size 0 bytes, startup_at32m412_416.o(.text))
<BR>[Address Reference Count : 1]<UL><LI> startup_at32m412_416.o(RESET)
</UL>
<P><STRONG><a name="[2d]"></a>I2C2_EVT_IRQHandler</STRONG> (Thumb, 0 bytes, Stack size 0 bytes, startup_at32m412_416.o(.text))
<BR>[Address Reference Count : 1]<UL><LI> startup_at32m412_416.o(RESET)
</UL>
<P><STRONG><a name="[e]"></a>PVM_IRQHandler</STRONG> (Thumb, 0 bytes, Stack size 0 bytes, startup_at32m412_416.o(.text))
<BR>[Address Reference Count : 1]<UL><LI> startup_at32m412_416.o(RESET)
</UL>
<P><STRONG><a name="[2f]"></a>SPI1_IRQHandler</STRONG> (Thumb, 0 bytes, Stack size 0 bytes, startup_at32m412_416.o(.text))
<BR>[Address Reference Count : 1]<UL><LI> startup_at32m412_416.o(RESET)
</UL>
<P><STRONG><a name="[30]"></a>SPI2_IRQHandler</STRONG> (Thumb, 0 bytes, Stack size 0 bytes, startup_at32m412_416.o(.text))
<BR>[Address Reference Count : 1]<UL><LI> startup_at32m412_416.o(RESET)
</UL>
<P><STRONG><a name="[f]"></a>TAMP_STAMP_IRQHandler</STRONG> (Thumb, 0 bytes, Stack size 0 bytes, startup_at32m412_416.o(.text))
<BR>[Address Reference Count : 1]<UL><LI> startup_at32m412_416.o(RESET)
</UL>
<P><STRONG><a name="[25]"></a>TMR1_BRK_TMR9_IRQHandler</STRONG> (Thumb, 0 bytes, Stack size 0 bytes, startup_at32m412_416.o(.text))
<BR>[Address Reference Count : 1]<UL><LI> startup_at32m412_416.o(RESET)
</UL>
<P><STRONG><a name="[28]"></a>TMR1_CH_IRQHandler</STRONG> (Thumb, 0 bytes, Stack size 0 bytes, startup_at32m412_416.o(.text))
<BR>[Address Reference Count : 1]<UL><LI> startup_at32m412_416.o(RESET)
</UL>
<P><STRONG><a name="[26]"></a>TMR1_OVF_TMR10_IRQHandler</STRONG> (Thumb, 0 bytes, Stack size 0 bytes, startup_at32m412_416.o(.text))
<BR>[Address Reference Count : 1]<UL><LI> startup_at32m412_416.o(RESET)
</UL>
<P><STRONG><a name="[27]"></a>TMR1_TRG_HALL_TMR11_IRQHandler</STRONG> (Thumb, 0 bytes, Stack size 0 bytes, startup_at32m412_416.o(.text))
<BR>[Address Reference Count : 1]<UL><LI> startup_at32m412_416.o(RESET)
</UL>
<P><STRONG><a name="[29]"></a>TMR3_GLOBAL_IRQHandler</STRONG> (Thumb, 0 bytes, Stack size 0 bytes, startup_at32m412_416.o(.text))
<BR>[Address Reference Count : 1]<UL><LI> startup_at32m412_416.o(RESET)
</UL>
<P><STRONG><a name="[2a]"></a>TMR4_GLOBAL_IRQHandler</STRONG> (Thumb, 0 bytes, Stack size 0 bytes, startup_at32m412_416.o(.text))
<BR>[Address Reference Count : 1]<UL><LI> startup_at32m412_416.o(RESET)
</UL>
<P><STRONG><a name="[35]"></a>TMR6_DAC_GLOBAL_IRQHandler</STRONG> (Thumb, 0 bytes, Stack size 0 bytes, startup_at32m412_416.o(.text))
<BR>[Address Reference Count : 1]<UL><LI> startup_at32m412_416.o(RESET)
</UL>
<P><STRONG><a name="[36]"></a>TMR7_GLOBAL_IRQHandler</STRONG> (Thumb, 0 bytes, Stack size 0 bytes, startup_at32m412_416.o(.text))
<BR>[Address Reference Count : 1]<UL><LI> startup_at32m412_416.o(RESET)
</UL>
<P><STRONG><a name="[31]"></a>USART1_IRQHandler</STRONG> (Thumb, 0 bytes, Stack size 0 bytes, startup_at32m412_416.o(.text))
<BR>[Address Reference Count : 1]<UL><LI> startup_at32m412_416.o(RESET)
</UL>
<P><STRONG><a name="[32]"></a>USART2_IRQHandler</STRONG> (Thumb, 0 bytes, Stack size 0 bytes, startup_at32m412_416.o(.text))
<BR>[Address Reference Count : 1]<UL><LI> startup_at32m412_416.o(RESET)
</UL>
<P><STRONG><a name="[d]"></a>WWDT_IRQHandler</STRONG> (Thumb, 0 bytes, Stack size 0 bytes, startup_at32m412_416.o(.text))
<BR>[Address Reference Count : 1]<UL><LI> startup_at32m412_416.o(RESET)
</UL>
<P><STRONG><a name="[4f]"></a>__user_initial_stackheap</STRONG> (Thumb, 0 bytes, Stack size unknown bytes, startup_at32m412_416.o(.text))
<BR><BR>[Called By]<UL><LI><a href="#[44]">&gt;&gt;</a>&nbsp;&nbsp;&nbsp;__user_setup_stackheap
</UL>

<P><STRONG><a name="[e2]"></a>__use_no_semihosting</STRONG> (Thumb, 2 bytes, Stack size 0 bytes, use_no_semi_2.o(.text), UNUSED)

<P><STRONG><a name="[58]"></a>__aeabi_uldivmod</STRONG> (Thumb, 0 bytes, Stack size 48 bytes, lludivv7m.o(.text))
<BR><BR>[Stack]<UL><LI>Max Depth = 48<LI>Call Chain = __aeabi_uldivmod
</UL>
<BR>[Called By]<UL><LI><a href="#[56]">&gt;&gt;</a>&nbsp;&nbsp;&nbsp;crm_clocks_freq_get
<LI><a href="#[6a]">&gt;&gt;</a>&nbsp;&nbsp;&nbsp;system_core_clock_update
</UL>

<P><STRONG><a name="[e3]"></a>_ll_udiv</STRONG> (Thumb, 238 bytes, Stack size 48 bytes, lludivv7m.o(.text), UNUSED)

<P><STRONG><a name="[e4]"></a>__use_two_region_memory</STRONG> (Thumb, 2 bytes, Stack size 0 bytes, heapauxi.o(.text), UNUSED)

<P><STRONG><a name="[e5]"></a>__rt_heap_escrow$2region</STRONG> (Thumb, 2 bytes, Stack size 0 bytes, heapauxi.o(.text), UNUSED)

<P><STRONG><a name="[e6]"></a>__rt_heap_expand$2region</STRONG> (Thumb, 2 bytes, Stack size 0 bytes, heapauxi.o(.text), UNUSED)

<P><STRONG><a name="[e7]"></a>__I$use$semihosting</STRONG> (Thumb, 0 bytes, Stack size 0 bytes, use_no_semi.o(.text), UNUSED)

<P><STRONG><a name="[e8]"></a>__use_no_semihosting_swi</STRONG> (Thumb, 2 bytes, Stack size 0 bytes, use_no_semi.o(.text), UNUSED)

<P><STRONG><a name="[44]"></a>__user_setup_stackheap</STRONG> (Thumb, 74 bytes, Stack size 8 bytes, sys_stackheap_outer.o(.text))
<BR><BR>[Stack]<UL><LI>Max Depth = 8 + Unknown Stack Size
<LI>Call Chain = __user_setup_stackheap
</UL>
<BR>[Calls]<UL><LI><a href="#[4f]">&gt;&gt;</a>&nbsp;&nbsp;&nbsp;__user_initial_stackheap
<LI><a href="#[4e]">&gt;&gt;</a>&nbsp;&nbsp;&nbsp;__user_perproc_libspace
</UL>
<BR>[Called By]<UL><LI><a href="#[43]">&gt;&gt;</a>&nbsp;&nbsp;&nbsp;__rt_entry_sh
</UL>

<P><STRONG><a name="[49]"></a>exit</STRONG> (Thumb, 18 bytes, Stack size 8 bytes, exit.o(.text))
<BR><BR>[Stack]<UL><LI>Max Depth = 8 + Unknown Stack Size
<LI>Call Chain = exit
</UL>
<BR>[Calls]<UL><LI><a href="#[50]">&gt;&gt;</a>&nbsp;&nbsp;&nbsp;__rt_exit
</UL>
<BR>[Called By]<UL><LI><a href="#[47]">&gt;&gt;</a>&nbsp;&nbsp;&nbsp;__rt_entry_main
</UL>

<P><STRONG><a name="[e9]"></a>__user_libspace</STRONG> (Thumb, 8 bytes, Stack size 0 bytes, libspace.o(.text), UNUSED)

<P><STRONG><a name="[4e]"></a>__user_perproc_libspace</STRONG> (Thumb, 0 bytes, Stack size 0 bytes, libspace.o(.text))
<BR><BR>[Called By]<UL><LI><a href="#[44]">&gt;&gt;</a>&nbsp;&nbsp;&nbsp;__user_setup_stackheap
</UL>

<P><STRONG><a name="[ea]"></a>__user_perthread_libspace</STRONG> (Thumb, 0 bytes, Stack size 0 bytes, libspace.o(.text), UNUSED)

<P><STRONG><a name="[1f]"></a>ADC1_2_IRQHandler</STRONG> (Thumb, 2 bytes, Stack size 0 bytes, at32m412_416_int.o(i.ADC1_2_IRQHandler))
<BR>[Address Reference Count : 1]<UL><LI> startup_at32m412_416.o(RESET)
</UL>
<P><STRONG><a name="[7]"></a>BusFault_Handler</STRONG> (Thumb, 4 bytes, Stack size 0 bytes, at32m412_416_int.o(i.BusFault_Handler))
<BR>[Address Reference Count : 1]<UL><LI> startup_at32m412_416.o(RESET)
</UL>
<P><STRONG><a name="[18]"></a>DMA1_Channel1_IRQHandler</STRONG> (Thumb, 2 bytes, Stack size 0 bytes, at32m412_416_int.o(i.DMA1_Channel1_IRQHandler))
<BR>[Address Reference Count : 1]<UL><LI> startup_at32m412_416.o(RESET)
</UL>
<P><STRONG><a name="[a]"></a>DebugMon_Handler</STRONG> (Thumb, 2 bytes, Stack size 0 bytes, at32m412_416_int.o(i.DebugMon_Handler))
<BR>[Address Reference Count : 1]<UL><LI> startup_at32m412_416.o(RESET)
</UL>
<P><STRONG><a name="[5]"></a>HardFault_Handler</STRONG> (Thumb, 4 bytes, Stack size 0 bytes, at32m412_416_int.o(i.HardFault_Handler))
<BR>[Address Reference Count : 1]<UL><LI> startup_at32m412_416.o(RESET)
</UL>
<P><STRONG><a name="[6]"></a>MemManage_Handler</STRONG> (Thumb, 4 bytes, Stack size 0 bytes, at32m412_416_int.o(i.MemManage_Handler))
<BR>[Address Reference Count : 1]<UL><LI> startup_at32m412_416.o(RESET)
</UL>
<P><STRONG><a name="[4]"></a>NMI_Handler</STRONG> (Thumb, 2 bytes, Stack size 0 bytes, at32m412_416_int.o(i.NMI_Handler))
<BR>[Address Reference Count : 1]<UL><LI> startup_at32m412_416.o(RESET)
</UL>
<P><STRONG><a name="[b]"></a>PendSV_Handler</STRONG> (Thumb, 2 bytes, Stack size 0 bytes, at32m412_416_int.o(i.PendSV_Handler))
<BR>[Address Reference Count : 1]<UL><LI> startup_at32m412_416.o(RESET)
</UL>
<P><STRONG><a name="[9]"></a>SVC_Handler</STRONG> (Thumb, 2 bytes, Stack size 0 bytes, at32m412_416_int.o(i.SVC_Handler))
<BR>[Address Reference Count : 1]<UL><LI> startup_at32m412_416.o(RESET)
</UL>
<P><STRONG><a name="[c]"></a>SysTick_Handler</STRONG> (Thumb, 8 bytes, Stack size 8 bytes, at32m412_416_int.o(i.SysTick_Handler))
<BR><BR>[Stack]<UL><LI>Max Depth = 16<LI>Call Chain = SysTick_Handler &rArr; wk_timebase_handler
</UL>
<BR>[Calls]<UL><LI><a href="#[51]">&gt;&gt;</a>&nbsp;&nbsp;&nbsp;wk_timebase_handler
</UL>
<BR>[Address Reference Count : 1]<UL><LI> startup_at32m412_416.o(RESET)
</UL>
<P><STRONG><a name="[3a]"></a>SystemInit</STRONG> (Thumb, 132 bytes, Stack size 0 bytes, system_at32m412_416.o(i.SystemInit))
<BR>[Address Reference Count : 1]<UL><LI> startup_at32m412_416.o(.text)
</UL>
<P><STRONG><a name="[8]"></a>UsageFault_Handler</STRONG> (Thumb, 4 bytes, Stack size 0 bytes, at32m412_416_int.o(i.UsageFault_Handler))
<BR>[Address Reference Count : 1]<UL><LI> startup_at32m412_416.o(RESET)
</UL>
<P><STRONG><a name="[4d]"></a>_sys_exit</STRONG> (Thumb, 2 bytes, Stack size 0 bytes, wk_system.o(i._sys_exit))
<BR><BR>[Called By]<UL><LI><a href="#[4c]">&gt;&gt;</a>&nbsp;&nbsp;&nbsp;__rt_exit_exit
</UL>

<P><STRONG><a name="[6f]"></a>adc_base_config</STRONG> (Thumb, 44 bytes, Stack size 0 bytes, at32m412_416_adc.o(i.adc_base_config))
<BR><BR>[Called By]<UL><LI><a href="#[61]">&gt;&gt;</a>&nbsp;&nbsp;&nbsp;wk_adc2_init
</UL>

<P><STRONG><a name="[6e]"></a>adc_base_default_para_init</STRONG> (Thumb, 14 bytes, Stack size 0 bytes, at32m412_416_adc.o(i.adc_base_default_para_init))
<BR><BR>[Called By]<UL><LI><a href="#[61]">&gt;&gt;</a>&nbsp;&nbsp;&nbsp;wk_adc2_init
</UL>

<P><STRONG><a name="[77]"></a>adc_calibration_init</STRONG> (Thumb, 12 bytes, Stack size 0 bytes, at32m412_416_adc.o(i.adc_calibration_init))
<BR><BR>[Called By]<UL><LI><a href="#[61]">&gt;&gt;</a>&nbsp;&nbsp;&nbsp;wk_adc2_init
</UL>

<P><STRONG><a name="[78]"></a>adc_calibration_init_status_get</STRONG> (Thumb, 18 bytes, Stack size 0 bytes, at32m412_416_adc.o(i.adc_calibration_init_status_get))
<BR><BR>[Called By]<UL><LI><a href="#[61]">&gt;&gt;</a>&nbsp;&nbsp;&nbsp;wk_adc2_init
</UL>

<P><STRONG><a name="[79]"></a>adc_calibration_start</STRONG> (Thumb, 12 bytes, Stack size 0 bytes, at32m412_416_adc.o(i.adc_calibration_start))
<BR><BR>[Called By]<UL><LI><a href="#[61]">&gt;&gt;</a>&nbsp;&nbsp;&nbsp;wk_adc2_init
</UL>

<P><STRONG><a name="[7a]"></a>adc_calibration_status_get</STRONG> (Thumb, 18 bytes, Stack size 0 bytes, at32m412_416_adc.o(i.adc_calibration_status_get))
<BR><BR>[Called By]<UL><LI><a href="#[61]">&gt;&gt;</a>&nbsp;&nbsp;&nbsp;wk_adc2_init
</UL>

<P><STRONG><a name="[7c]"></a>adc_common_config</STRONG> (Thumb, 138 bytes, Stack size 0 bytes, at32m412_416_adc.o(i.adc_common_config))
<BR><BR>[Called By]<UL><LI><a href="#[60]">&gt;&gt;</a>&nbsp;&nbsp;&nbsp;wk_adc_common_init
</UL>

<P><STRONG><a name="[7b]"></a>adc_common_default_para_init</STRONG> (Thumb, 16 bytes, Stack size 0 bytes, at32m412_416_adc.o(i.adc_common_default_para_init))
<BR><BR>[Called By]<UL><LI><a href="#[60]">&gt;&gt;</a>&nbsp;&nbsp;&nbsp;wk_adc_common_init
</UL>

<P><STRONG><a name="[75]"></a>adc_enable</STRONG> (Thumb, 10 bytes, Stack size 0 bytes, at32m412_416_adc.o(i.adc_enable))
<BR><BR>[Called By]<UL><LI><a href="#[61]">&gt;&gt;</a>&nbsp;&nbsp;&nbsp;wk_adc2_init
</UL>

<P><STRONG><a name="[76]"></a>adc_flag_get</STRONG> (Thumb, 16 bytes, Stack size 0 bytes, at32m412_416_adc.o(i.adc_flag_get))
<BR><BR>[Called By]<UL><LI><a href="#[61]">&gt;&gt;</a>&nbsp;&nbsp;&nbsp;wk_adc2_init
</UL>

<P><STRONG><a name="[71]"></a>adc_preempt_channel_length_set</STRONG> (Thumb, 12 bytes, Stack size 0 bytes, at32m412_416_adc.o(i.adc_preempt_channel_length_set))
<BR><BR>[Called By]<UL><LI><a href="#[61]">&gt;&gt;</a>&nbsp;&nbsp;&nbsp;wk_adc2_init
</UL>

<P><STRONG><a name="[72]"></a>adc_preempt_channel_set</STRONG> (Thumb, 362 bytes, Stack size 16 bytes, at32m412_416_adc.o(i.adc_preempt_channel_set))
<BR><BR>[Stack]<UL><LI>Max Depth = 16<LI>Call Chain = adc_preempt_channel_set
</UL>
<BR>[Called By]<UL><LI><a href="#[61]">&gt;&gt;</a>&nbsp;&nbsp;&nbsp;wk_adc2_init
</UL>

<P><STRONG><a name="[74]"></a>adc_preempt_conversion_trigger_set</STRONG> (Thumb, 52 bytes, Stack size 0 bytes, at32m412_416_adc.o(i.adc_preempt_conversion_trigger_set))
<BR><BR>[Called By]<UL><LI><a href="#[61]">&gt;&gt;</a>&nbsp;&nbsp;&nbsp;wk_adc2_init
</UL>

<P><STRONG><a name="[73]"></a>adc_preempt_offset_value_set</STRONG> (Thumb, 62 bytes, Stack size 0 bytes, at32m412_416_adc.o(i.adc_preempt_offset_value_set))
<BR><BR>[Called By]<UL><LI><a href="#[61]">&gt;&gt;</a>&nbsp;&nbsp;&nbsp;wk_adc2_init
</UL>

<P><STRONG><a name="[52]"></a>adc_reset</STRONG> (Thumb, 20 bytes, Stack size 8 bytes, at32m412_416_adc.o(i.adc_reset))
<BR><BR>[Stack]<UL><LI>Max Depth = 16<LI>Call Chain = adc_reset &rArr; crm_periph_reset
</UL>
<BR>[Calls]<UL><LI><a href="#[53]">&gt;&gt;</a>&nbsp;&nbsp;&nbsp;crm_periph_reset
</UL>
<BR>[Called By]<UL><LI><a href="#[60]">&gt;&gt;</a>&nbsp;&nbsp;&nbsp;wk_adc_common_init
</UL>

<P><STRONG><a name="[70]"></a>adc_resolution_set</STRONG> (Thumb, 10 bytes, Stack size 0 bytes, at32m412_416_adc.o(i.adc_resolution_set))
<BR><BR>[Called By]<UL><LI><a href="#[61]">&gt;&gt;</a>&nbsp;&nbsp;&nbsp;wk_adc2_init
</UL>

<P><STRONG><a name="[80]"></a>can_bittime_default_para_init</STRONG> (Thumb, 30 bytes, Stack size 0 bytes, at32m412_416_can.o(i.can_bittime_default_para_init))
<BR><BR>[Called By]<UL><LI><a href="#[66]">&gt;&gt;</a>&nbsp;&nbsp;&nbsp;wk_can1_init
</UL>

<P><STRONG><a name="[81]"></a>can_bittime_set</STRONG> (Thumb, 96 bytes, Stack size 0 bytes, at32m412_416_can.o(i.can_bittime_set))
<BR><BR>[Called By]<UL><LI><a href="#[66]">&gt;&gt;</a>&nbsp;&nbsp;&nbsp;wk_can1_init
</UL>

<P><STRONG><a name="[89]"></a>can_error_warning_set</STRONG> (Thumb, 10 bytes, Stack size 0 bytes, at32m412_416_can.o(i.can_error_warning_set))
<BR><BR>[Called By]<UL><LI><a href="#[66]">&gt;&gt;</a>&nbsp;&nbsp;&nbsp;wk_can1_init
</UL>

<P><STRONG><a name="[82]"></a>can_fd_iso_mode_enable</STRONG> (Thumb, 10 bytes, Stack size 0 bytes, at32m412_416_can.o(i.can_fd_iso_mode_enable))
<BR><BR>[Called By]<UL><LI><a href="#[66]">&gt;&gt;</a>&nbsp;&nbsp;&nbsp;wk_can1_init
</UL>

<P><STRONG><a name="[85]"></a>can_mode_set</STRONG> (Thumb, 294 bytes, Stack size 0 bytes, at32m412_416_can.o(i.can_mode_set))
<BR><BR>[Called By]<UL><LI><a href="#[66]">&gt;&gt;</a>&nbsp;&nbsp;&nbsp;wk_can1_init
</UL>

<P><STRONG><a name="[84]"></a>can_rearbitration_limit_set</STRONG> (Thumb, 10 bytes, Stack size 0 bytes, at32m412_416_can.o(i.can_rearbitration_limit_set))
<BR><BR>[Called By]<UL><LI><a href="#[66]">&gt;&gt;</a>&nbsp;&nbsp;&nbsp;wk_can1_init
</UL>

<P><STRONG><a name="[8b]"></a>can_receive_all_enable</STRONG> (Thumb, 10 bytes, Stack size 0 bytes, at32m412_416_can.o(i.can_receive_all_enable))
<BR><BR>[Called By]<UL><LI><a href="#[66]">&gt;&gt;</a>&nbsp;&nbsp;&nbsp;wk_can1_init
</UL>

<P><STRONG><a name="[8a]"></a>can_restricted_operation_enable</STRONG> (Thumb, 10 bytes, Stack size 0 bytes, at32m412_416_can.o(i.can_restricted_operation_enable))
<BR><BR>[Called By]<UL><LI><a href="#[66]">&gt;&gt;</a>&nbsp;&nbsp;&nbsp;wk_can1_init
</UL>

<P><STRONG><a name="[83]"></a>can_retransmission_limit_set</STRONG> (Thumb, 10 bytes, Stack size 0 bytes, at32m412_416_can.o(i.can_retransmission_limit_set))
<BR><BR>[Called By]<UL><LI><a href="#[66]">&gt;&gt;</a>&nbsp;&nbsp;&nbsp;wk_can1_init
</UL>

<P><STRONG><a name="[88]"></a>can_rxbuf_overflow_mode_set</STRONG> (Thumb, 10 bytes, Stack size 0 bytes, at32m412_416_can.o(i.can_rxbuf_overflow_mode_set))
<BR><BR>[Called By]<UL><LI><a href="#[66]">&gt;&gt;</a>&nbsp;&nbsp;&nbsp;wk_can1_init
</UL>

<P><STRONG><a name="[87]"></a>can_rxbuf_warning_set</STRONG> (Thumb, 10 bytes, Stack size 0 bytes, at32m412_416_can.o(i.can_rxbuf_warning_set))
<BR><BR>[Called By]<UL><LI><a href="#[66]">&gt;&gt;</a>&nbsp;&nbsp;&nbsp;wk_can1_init
</UL>

<P><STRONG><a name="[7f]"></a>can_software_reset</STRONG> (Thumb, 10 bytes, Stack size 0 bytes, at32m412_416_can.o(i.can_software_reset))
<BR><BR>[Called By]<UL><LI><a href="#[66]">&gt;&gt;</a>&nbsp;&nbsp;&nbsp;wk_can1_init
</UL>

<P><STRONG><a name="[86]"></a>can_stb_transmit_mode_set</STRONG> (Thumb, 10 bytes, Stack size 0 bytes, at32m412_416_can.o(i.can_stb_transmit_mode_set))
<BR><BR>[Called By]<UL><LI><a href="#[66]">&gt;&gt;</a>&nbsp;&nbsp;&nbsp;wk_can1_init
</UL>

<P><STRONG><a name="[91]"></a>crc_data_reset</STRONG> (Thumb, 16 bytes, Stack size 0 bytes, at32m412_416_crc.o(i.crc_data_reset))
<BR><BR>[Called By]<UL><LI><a href="#[68]">&gt;&gt;</a>&nbsp;&nbsp;&nbsp;wk_crc_init
</UL>

<P><STRONG><a name="[8c]"></a>crc_init_data_set</STRONG> (Thumb, 6 bytes, Stack size 0 bytes, at32m412_416_crc.o(i.crc_init_data_set))
<BR><BR>[Called By]<UL><LI><a href="#[68]">&gt;&gt;</a>&nbsp;&nbsp;&nbsp;wk_crc_init
</UL>

<P><STRONG><a name="[8d]"></a>crc_poly_size_set</STRONG> (Thumb, 14 bytes, Stack size 0 bytes, at32m412_416_crc.o(i.crc_poly_size_set))
<BR><BR>[Called By]<UL><LI><a href="#[68]">&gt;&gt;</a>&nbsp;&nbsp;&nbsp;wk_crc_init
</UL>

<P><STRONG><a name="[8e]"></a>crc_poly_value_set</STRONG> (Thumb, 6 bytes, Stack size 0 bytes, at32m412_416_crc.o(i.crc_poly_value_set))
<BR><BR>[Called By]<UL><LI><a href="#[68]">&gt;&gt;</a>&nbsp;&nbsp;&nbsp;wk_crc_init
</UL>

<P><STRONG><a name="[8f]"></a>crc_reverse_input_data_set</STRONG> (Thumb, 14 bytes, Stack size 0 bytes, at32m412_416_crc.o(i.crc_reverse_input_data_set))
<BR><BR>[Called By]<UL><LI><a href="#[68]">&gt;&gt;</a>&nbsp;&nbsp;&nbsp;wk_crc_init
</UL>

<P><STRONG><a name="[90]"></a>crc_reverse_output_data_set</STRONG> (Thumb, 14 bytes, Stack size 0 bytes, at32m412_416_crc.o(i.crc_reverse_output_data_set))
<BR><BR>[Called By]<UL><LI><a href="#[68]">&gt;&gt;</a>&nbsp;&nbsp;&nbsp;wk_crc_init
</UL>

<P><STRONG><a name="[54]"></a>crm_ahb_div_set</STRONG> (Thumb, 30 bytes, Stack size 4 bytes, at32m412_416_crm.o(i.crm_ahb_div_set))
<BR><BR>[Stack]<UL><LI>Max Depth = 4<LI>Call Chain = crm_ahb_div_set
</UL>
<BR>[Calls]<UL><LI><a href="#[55]">&gt;&gt;</a>&nbsp;&nbsp;&nbsp;crm_auto_step_mode_enable
</UL>
<BR>[Called By]<UL><LI><a href="#[5b]">&gt;&gt;</a>&nbsp;&nbsp;&nbsp;wk_system_clock_config
</UL>

<P><STRONG><a name="[a6]"></a>crm_apb1_div_set</STRONG> (Thumb, 14 bytes, Stack size 0 bytes, at32m412_416_crm.o(i.crm_apb1_div_set))
<BR><BR>[Called By]<UL><LI><a href="#[5b]">&gt;&gt;</a>&nbsp;&nbsp;&nbsp;wk_system_clock_config
</UL>

<P><STRONG><a name="[a5]"></a>crm_apb2_div_set</STRONG> (Thumb, 14 bytes, Stack size 0 bytes, at32m412_416_crm.o(i.crm_apb2_div_set))
<BR><BR>[Called By]<UL><LI><a href="#[5b]">&gt;&gt;</a>&nbsp;&nbsp;&nbsp;wk_system_clock_config
</UL>

<P><STRONG><a name="[a4]"></a>crm_apb3_div_set</STRONG> (Thumb, 14 bytes, Stack size 0 bytes, at32m412_416_crm.o(i.crm_apb3_div_set))
<BR><BR>[Called By]<UL><LI><a href="#[5b]">&gt;&gt;</a>&nbsp;&nbsp;&nbsp;wk_system_clock_config
</UL>

<P><STRONG><a name="[55]"></a>crm_auto_step_mode_enable</STRONG> (Thumb, 34 bytes, Stack size 0 bytes, at32m412_416_crm.o(i.crm_auto_step_mode_enable))
<BR><BR>[Called By]<UL><LI><a href="#[5a]">&gt;&gt;</a>&nbsp;&nbsp;&nbsp;crm_sysclk_switch
<LI><a href="#[59]">&gt;&gt;</a>&nbsp;&nbsp;&nbsp;crm_reset
<LI><a href="#[54]">&gt;&gt;</a>&nbsp;&nbsp;&nbsp;crm_ahb_div_set
<LI><a href="#[5b]">&gt;&gt;</a>&nbsp;&nbsp;&nbsp;wk_system_clock_config
</UL>

<P><STRONG><a name="[7e]"></a>crm_can_clock_select</STRONG> (Thumb, 20 bytes, Stack size 0 bytes, at32m412_416_crm.o(i.crm_can_clock_select))
<BR><BR>[Called By]<UL><LI><a href="#[66]">&gt;&gt;</a>&nbsp;&nbsp;&nbsp;wk_can1_init
</UL>

<P><STRONG><a name="[a1]"></a>crm_clock_source_enable</STRONG> (Thumb, 98 bytes, Stack size 0 bytes, at32m412_416_crm.o(i.crm_clock_source_enable))
<BR><BR>[Called By]<UL><LI><a href="#[5b]">&gt;&gt;</a>&nbsp;&nbsp;&nbsp;wk_system_clock_config
</UL>

<P><STRONG><a name="[56]"></a>crm_clocks_freq_get</STRONG> (Thumb, 272 bytes, Stack size 56 bytes, at32m412_416_crm.o(i.crm_clocks_freq_get))
<BR><BR>[Stack]<UL><LI>Max Depth = 104<LI>Call Chain = crm_clocks_freq_get &rArr; __aeabi_uldivmod
</UL>
<BR>[Calls]<UL><LI><a href="#[57]">&gt;&gt;</a>&nbsp;&nbsp;&nbsp;crm_sysclk_switch_status_get
<LI><a href="#[58]">&gt;&gt;</a>&nbsp;&nbsp;&nbsp;__aeabi_uldivmod
</UL>
<BR>[Called By]<UL><LI><a href="#[6b]">&gt;&gt;</a>&nbsp;&nbsp;&nbsp;usart_init
<LI><a href="#[5e]">&gt;&gt;</a>&nbsp;&nbsp;&nbsp;wk_timebase_init
</UL>

<P><STRONG><a name="[a2]"></a>crm_flag_get</STRONG> (Thumb, 44 bytes, Stack size 8 bytes, at32m412_416_crm.o(i.crm_flag_get))
<BR><BR>[Stack]<UL><LI>Max Depth = 8<LI>Call Chain = crm_flag_get
</UL>
<BR>[Called By]<UL><LI><a href="#[5b]">&gt;&gt;</a>&nbsp;&nbsp;&nbsp;wk_system_clock_config
</UL>

<P><STRONG><a name="[9d]"></a>crm_periph_clock_enable</STRONG> (Thumb, 70 bytes, Stack size 8 bytes, at32m412_416_crm.o(i.crm_periph_clock_enable))
<BR><BR>[Stack]<UL><LI>Max Depth = 8<LI>Call Chain = crm_periph_clock_enable
</UL>
<BR>[Called By]<UL><LI><a href="#[5b]">&gt;&gt;</a>&nbsp;&nbsp;&nbsp;wk_system_clock_config
<LI><a href="#[5c]">&gt;&gt;</a>&nbsp;&nbsp;&nbsp;wk_periph_clock_config
</UL>

<P><STRONG><a name="[53]"></a>crm_periph_reset</STRONG> (Thumb, 70 bytes, Stack size 8 bytes, at32m412_416_crm.o(i.crm_periph_reset))
<BR><BR>[Stack]<UL><LI>Max Depth = 8<LI>Call Chain = crm_periph_reset
</UL>
<BR>[Called By]<UL><LI><a href="#[52]">&gt;&gt;</a>&nbsp;&nbsp;&nbsp;adc_reset
</UL>

<P><STRONG><a name="[a3]"></a>crm_pll_config</STRONG> (Thumb, 46 bytes, Stack size 12 bytes, at32m412_416_crm.o(i.crm_pll_config))
<BR><BR>[Stack]<UL><LI>Max Depth = 12<LI>Call Chain = crm_pll_config
</UL>
<BR>[Called By]<UL><LI><a href="#[5b]">&gt;&gt;</a>&nbsp;&nbsp;&nbsp;wk_system_clock_config
</UL>

<P><STRONG><a name="[59]"></a>crm_reset</STRONG> (Thumb, 124 bytes, Stack size 4 bytes, at32m412_416_crm.o(i.crm_reset))
<BR><BR>[Stack]<UL><LI>Max Depth = 4<LI>Call Chain = crm_reset
</UL>
<BR>[Calls]<UL><LI><a href="#[55]">&gt;&gt;</a>&nbsp;&nbsp;&nbsp;crm_auto_step_mode_enable
</UL>
<BR>[Called By]<UL><LI><a href="#[5b]">&gt;&gt;</a>&nbsp;&nbsp;&nbsp;wk_system_clock_config
</UL>

<P><STRONG><a name="[5a]"></a>crm_sysclk_switch</STRONG> (Thumb, 30 bytes, Stack size 4 bytes, at32m412_416_crm.o(i.crm_sysclk_switch))
<BR><BR>[Stack]<UL><LI>Max Depth = 4<LI>Call Chain = crm_sysclk_switch
</UL>
<BR>[Calls]<UL><LI><a href="#[55]">&gt;&gt;</a>&nbsp;&nbsp;&nbsp;crm_auto_step_mode_enable
</UL>
<BR>[Called By]<UL><LI><a href="#[5b]">&gt;&gt;</a>&nbsp;&nbsp;&nbsp;wk_system_clock_config
</UL>

<P><STRONG><a name="[57]"></a>crm_sysclk_switch_status_get</STRONG> (Thumb, 10 bytes, Stack size 0 bytes, at32m412_416_crm.o(i.crm_sysclk_switch_status_get))
<BR><BR>[Called By]<UL><LI><a href="#[56]">&gt;&gt;</a>&nbsp;&nbsp;&nbsp;crm_clocks_freq_get
<LI><a href="#[6a]">&gt;&gt;</a>&nbsp;&nbsp;&nbsp;system_core_clock_update
<LI><a href="#[5b]">&gt;&gt;</a>&nbsp;&nbsp;&nbsp;wk_system_clock_config
</UL>

<P><STRONG><a name="[64]"></a>dma_channel_enable</STRONG> (Thumb, 10 bytes, Stack size 0 bytes, at32m412_416_dma.o(i.dma_channel_enable))
<BR><BR>[Called By]<UL><LI><a href="#[48]">&gt;&gt;</a>&nbsp;&nbsp;&nbsp;main
</UL>

<P><STRONG><a name="[93]"></a>dma_default_para_init</STRONG> (Thumb, 24 bytes, Stack size 0 bytes, at32m412_416_dma.o(i.dma_default_para_init))
<BR><BR>[Called By]<UL><LI><a href="#[62]">&gt;&gt;</a>&nbsp;&nbsp;&nbsp;wk_dma1_channel1_init
</UL>

<P><STRONG><a name="[94]"></a>dma_init</STRONG> (Thumb, 94 bytes, Stack size 0 bytes, at32m412_416_dma.o(i.dma_init))
<BR><BR>[Called By]<UL><LI><a href="#[62]">&gt;&gt;</a>&nbsp;&nbsp;&nbsp;wk_dma1_channel1_init
</UL>

<P><STRONG><a name="[92]"></a>dma_reset</STRONG> (Thumb, 50 bytes, Stack size 0 bytes, at32m412_416_dma.o(i.dma_reset))
<BR><BR>[Called By]<UL><LI><a href="#[62]">&gt;&gt;</a>&nbsp;&nbsp;&nbsp;wk_dma1_channel1_init
</UL>

<P><STRONG><a name="[95]"></a>dmamux_enable</STRONG> (Thumb, 14 bytes, Stack size 0 bytes, at32m412_416_dma.o(i.dmamux_enable))
<BR><BR>[Called By]<UL><LI><a href="#[62]">&gt;&gt;</a>&nbsp;&nbsp;&nbsp;wk_dma1_channel1_init
</UL>

<P><STRONG><a name="[96]"></a>dmamux_init</STRONG> (Thumb, 10 bytes, Stack size 0 bytes, at32m412_416_dma.o(i.dmamux_init))
<BR><BR>[Called By]<UL><LI><a href="#[62]">&gt;&gt;</a>&nbsp;&nbsp;&nbsp;wk_dma1_channel1_init
</UL>

<P><STRONG><a name="[97]"></a>gpio_bits_set</STRONG> (Thumb, 4 bytes, Stack size 0 bytes, at32m412_416_gpio.o(i.gpio_bits_set))
<BR><BR>[Called By]<UL><LI><a href="#[5f]">&gt;&gt;</a>&nbsp;&nbsp;&nbsp;wk_gpio_config
</UL>

<P><STRONG><a name="[6c]"></a>gpio_default_para_init</STRONG> (Thumb, 20 bytes, Stack size 0 bytes, at32m412_416_gpio.o(i.gpio_default_para_init))
<BR><BR>[Called By]<UL><LI><a href="#[65]">&gt;&gt;</a>&nbsp;&nbsp;&nbsp;wk_usart1_init
<LI><a href="#[69]">&gt;&gt;</a>&nbsp;&nbsp;&nbsp;wk_tmr1_init
<LI><a href="#[67]">&gt;&gt;</a>&nbsp;&nbsp;&nbsp;wk_spi2_init
<LI><a href="#[5f]">&gt;&gt;</a>&nbsp;&nbsp;&nbsp;wk_gpio_config
<LI><a href="#[66]">&gt;&gt;</a>&nbsp;&nbsp;&nbsp;wk_can1_init
<LI><a href="#[61]">&gt;&gt;</a>&nbsp;&nbsp;&nbsp;wk_adc2_init
</UL>

<P><STRONG><a name="[6d]"></a>gpio_init</STRONG> (Thumb, 122 bytes, Stack size 16 bytes, at32m412_416_gpio.o(i.gpio_init))
<BR><BR>[Stack]<UL><LI>Max Depth = 16<LI>Call Chain = gpio_init
</UL>
<BR>[Called By]<UL><LI><a href="#[65]">&gt;&gt;</a>&nbsp;&nbsp;&nbsp;wk_usart1_init
<LI><a href="#[69]">&gt;&gt;</a>&nbsp;&nbsp;&nbsp;wk_tmr1_init
<LI><a href="#[67]">&gt;&gt;</a>&nbsp;&nbsp;&nbsp;wk_spi2_init
<LI><a href="#[5f]">&gt;&gt;</a>&nbsp;&nbsp;&nbsp;wk_gpio_config
<LI><a href="#[66]">&gt;&gt;</a>&nbsp;&nbsp;&nbsp;wk_can1_init
<LI><a href="#[61]">&gt;&gt;</a>&nbsp;&nbsp;&nbsp;wk_adc2_init
</UL>

<P><STRONG><a name="[7d]"></a>gpio_pin_mux_config</STRONG> (Thumb, 60 bytes, Stack size 16 bytes, at32m412_416_gpio.o(i.gpio_pin_mux_config))
<BR><BR>[Stack]<UL><LI>Max Depth = 16<LI>Call Chain = gpio_pin_mux_config
</UL>
<BR>[Called By]<UL><LI><a href="#[65]">&gt;&gt;</a>&nbsp;&nbsp;&nbsp;wk_usart1_init
<LI><a href="#[69]">&gt;&gt;</a>&nbsp;&nbsp;&nbsp;wk_tmr1_init
<LI><a href="#[67]">&gt;&gt;</a>&nbsp;&nbsp;&nbsp;wk_spi2_init
<LI><a href="#[66]">&gt;&gt;</a>&nbsp;&nbsp;&nbsp;wk_can1_init
</UL>

<P><STRONG><a name="[48]"></a>main</STRONG> (Thumb, 76 bytes, Stack size 0 bytes, main.o(i.main))
<BR><BR>[Stack]<UL><LI>Max Depth = 168<LI>Call Chain = main &rArr; wk_usart1_init &rArr; usart_init &rArr; crm_clocks_freq_get &rArr; __aeabi_uldivmod
</UL>
<BR>[Calls]<UL><LI><a href="#[65]">&gt;&gt;</a>&nbsp;&nbsp;&nbsp;wk_usart1_init
<LI><a href="#[69]">&gt;&gt;</a>&nbsp;&nbsp;&nbsp;wk_tmr1_init
<LI><a href="#[5e]">&gt;&gt;</a>&nbsp;&nbsp;&nbsp;wk_timebase_init
<LI><a href="#[67]">&gt;&gt;</a>&nbsp;&nbsp;&nbsp;wk_spi2_init
<LI><a href="#[5f]">&gt;&gt;</a>&nbsp;&nbsp;&nbsp;wk_gpio_config
<LI><a href="#[63]">&gt;&gt;</a>&nbsp;&nbsp;&nbsp;wk_dma_channel_config
<LI><a href="#[62]">&gt;&gt;</a>&nbsp;&nbsp;&nbsp;wk_dma1_channel1_init
<LI><a href="#[68]">&gt;&gt;</a>&nbsp;&nbsp;&nbsp;wk_crc_init
<LI><a href="#[66]">&gt;&gt;</a>&nbsp;&nbsp;&nbsp;wk_can1_init
<LI><a href="#[60]">&gt;&gt;</a>&nbsp;&nbsp;&nbsp;wk_adc_common_init
<LI><a href="#[61]">&gt;&gt;</a>&nbsp;&nbsp;&nbsp;wk_adc2_init
<LI><a href="#[64]">&gt;&gt;</a>&nbsp;&nbsp;&nbsp;dma_channel_enable
<LI><a href="#[5b]">&gt;&gt;</a>&nbsp;&nbsp;&nbsp;wk_system_clock_config
<LI><a href="#[5c]">&gt;&gt;</a>&nbsp;&nbsp;&nbsp;wk_periph_clock_config
<LI><a href="#[5d]">&gt;&gt;</a>&nbsp;&nbsp;&nbsp;wk_nvic_config
</UL>
<BR>[Called By]<UL><LI><a href="#[47]">&gt;&gt;</a>&nbsp;&nbsp;&nbsp;__rt_entry_main
</UL>

<P><STRONG><a name="[9c]"></a>nvic_irq_enable</STRONG> (Thumb, 190 bytes, Stack size 32 bytes, at32m412_416_misc.o(i.nvic_irq_enable))
<BR><BR>[Stack]<UL><LI>Max Depth = 32<LI>Call Chain = nvic_irq_enable
</UL>
<BR>[Called By]<UL><LI><a href="#[5d]">&gt;&gt;</a>&nbsp;&nbsp;&nbsp;wk_nvic_config
</UL>

<P><STRONG><a name="[98]"></a>nvic_priority_group_config</STRONG> (Thumb, 32 bytes, Stack size 0 bytes, at32m412_416_misc.o(i.nvic_priority_group_config))
<BR><BR>[Called By]<UL><LI><a href="#[5d]">&gt;&gt;</a>&nbsp;&nbsp;&nbsp;wk_nvic_config
</UL>

<P><STRONG><a name="[9e]"></a>spi_default_para_init</STRONG> (Thumb, 22 bytes, Stack size 0 bytes, at32m412_416_spi.o(i.spi_default_para_init))
<BR><BR>[Called By]<UL><LI><a href="#[67]">&gt;&gt;</a>&nbsp;&nbsp;&nbsp;wk_spi2_init
</UL>

<P><STRONG><a name="[a0]"></a>spi_enable</STRONG> (Thumb, 10 bytes, Stack size 0 bytes, at32m412_416_spi.o(i.spi_enable))
<BR><BR>[Called By]<UL><LI><a href="#[67]">&gt;&gt;</a>&nbsp;&nbsp;&nbsp;wk_spi2_init
</UL>

<P><STRONG><a name="[9f]"></a>spi_init</STRONG> (Thumb, 344 bytes, Stack size 0 bytes, at32m412_416_spi.o(i.spi_init))
<BR><BR>[Called By]<UL><LI><a href="#[67]">&gt;&gt;</a>&nbsp;&nbsp;&nbsp;wk_spi2_init
</UL>

<P><STRONG><a name="[6a]"></a>system_core_clock_update</STRONG> (Thumb, 248 bytes, Stack size 48 bytes, system_at32m412_416.o(i.system_core_clock_update))
<BR><BR>[Stack]<UL><LI>Max Depth = 96<LI>Call Chain = system_core_clock_update &rArr; __aeabi_uldivmod
</UL>
<BR>[Calls]<UL><LI><a href="#[57]">&gt;&gt;</a>&nbsp;&nbsp;&nbsp;crm_sysclk_switch_status_get
<LI><a href="#[58]">&gt;&gt;</a>&nbsp;&nbsp;&nbsp;__aeabi_uldivmod
</UL>
<BR>[Called By]<UL><LI><a href="#[5b]">&gt;&gt;</a>&nbsp;&nbsp;&nbsp;wk_system_clock_config
</UL>

<P><STRONG><a name="[a8]"></a>systick_clock_source_config</STRONG> (Thumb, 40 bytes, Stack size 0 bytes, at32m412_416_misc.o(i.systick_clock_source_config))
<BR><BR>[Called By]<UL><LI><a href="#[5e]">&gt;&gt;</a>&nbsp;&nbsp;&nbsp;wk_timebase_init
</UL>

<P><STRONG><a name="[ad]"></a>tmr_base_init</STRONG> (Thumb, 16 bytes, Stack size 0 bytes, at32m412_416_tmr.o(i.tmr_base_init))
<BR><BR>[Called By]<UL><LI><a href="#[69]">&gt;&gt;</a>&nbsp;&nbsp;&nbsp;wk_tmr1_init
</UL>

<P><STRONG><a name="[b7]"></a>tmr_brk2_config</STRONG> (Thumb, 32 bytes, Stack size 0 bytes, at32m412_416_tmr.o(i.tmr_brk2_config))
<BR><BR>[Called By]<UL><LI><a href="#[69]">&gt;&gt;</a>&nbsp;&nbsp;&nbsp;wk_tmr1_init
</UL>

<P><STRONG><a name="[b6]"></a>tmr_brk_filter_value_set</STRONG> (Thumb, 10 bytes, Stack size 0 bytes, at32m412_416_tmr.o(i.tmr_brk_filter_value_set))
<BR><BR>[Called By]<UL><LI><a href="#[69]">&gt;&gt;</a>&nbsp;&nbsp;&nbsp;wk_tmr1_init
</UL>

<P><STRONG><a name="[b5]"></a>tmr_brkdt_config</STRONG> (Thumb, 72 bytes, Stack size 0 bytes, at32m412_416_tmr.o(i.tmr_brkdt_config))
<BR><BR>[Called By]<UL><LI><a href="#[69]">&gt;&gt;</a>&nbsp;&nbsp;&nbsp;wk_tmr1_init
</UL>

<P><STRONG><a name="[b2]"></a>tmr_channel_value_set</STRONG> (Thumb, 86 bytes, Stack size 8 bytes, at32m412_416_tmr.o(i.tmr_channel_value_set))
<BR><BR>[Stack]<UL><LI>Max Depth = 8<LI>Call Chain = tmr_channel_value_set
</UL>
<BR>[Called By]<UL><LI><a href="#[69]">&gt;&gt;</a>&nbsp;&nbsp;&nbsp;wk_tmr1_init
</UL>

<P><STRONG><a name="[aa]"></a>tmr_clock_source_div_set</STRONG> (Thumb, 10 bytes, Stack size 0 bytes, at32m412_416_tmr.o(i.tmr_clock_source_div_set))
<BR><BR>[Called By]<UL><LI><a href="#[69]">&gt;&gt;</a>&nbsp;&nbsp;&nbsp;wk_tmr1_init
</UL>

<P><STRONG><a name="[a9]"></a>tmr_cnt_dir_set</STRONG> (Thumb, 10 bytes, Stack size 0 bytes, at32m412_416_tmr.o(i.tmr_cnt_dir_set))
<BR><BR>[Called By]<UL><LI><a href="#[69]">&gt;&gt;</a>&nbsp;&nbsp;&nbsp;wk_tmr1_init
</UL>

<P><STRONG><a name="[b9]"></a>tmr_counter_enable</STRONG> (Thumb, 10 bytes, Stack size 0 bytes, at32m412_416_tmr.o(i.tmr_counter_enable))
<BR><BR>[Called By]<UL><LI><a href="#[69]">&gt;&gt;</a>&nbsp;&nbsp;&nbsp;wk_tmr1_init
</UL>

<P><STRONG><a name="[b3]"></a>tmr_output_channel_buffer_enable</STRONG> (Thumb, 88 bytes, Stack size 8 bytes, at32m412_416_tmr.o(i.tmr_output_channel_buffer_enable))
<BR><BR>[Stack]<UL><LI>Max Depth = 8<LI>Call Chain = tmr_output_channel_buffer_enable
</UL>
<BR>[Called By]<UL><LI><a href="#[69]">&gt;&gt;</a>&nbsp;&nbsp;&nbsp;wk_tmr1_init
</UL>

<P><STRONG><a name="[b1]"></a>tmr_output_channel_config</STRONG> (Thumb, 506 bytes, Stack size 20 bytes, at32m412_416_tmr.o(i.tmr_output_channel_config))
<BR><BR>[Stack]<UL><LI>Max Depth = 20<LI>Call Chain = tmr_output_channel_config
</UL>
<BR>[Called By]<UL><LI><a href="#[69]">&gt;&gt;</a>&nbsp;&nbsp;&nbsp;wk_tmr1_init
</UL>

<P><STRONG><a name="[b4]"></a>tmr_output_channel_immediately_set</STRONG> (Thumb, 88 bytes, Stack size 8 bytes, at32m412_416_tmr.o(i.tmr_output_channel_immediately_set))
<BR><BR>[Stack]<UL><LI>Max Depth = 8<LI>Call Chain = tmr_output_channel_immediately_set
</UL>
<BR>[Called By]<UL><LI><a href="#[69]">&gt;&gt;</a>&nbsp;&nbsp;&nbsp;wk_tmr1_init
</UL>

<P><STRONG><a name="[b8]"></a>tmr_output_enable</STRONG> (Thumb, 10 bytes, Stack size 0 bytes, at32m412_416_tmr.o(i.tmr_output_enable))
<BR><BR>[Called By]<UL><LI><a href="#[69]">&gt;&gt;</a>&nbsp;&nbsp;&nbsp;wk_tmr1_init
</UL>

<P><STRONG><a name="[ac]"></a>tmr_period_buffer_enable</STRONG> (Thumb, 10 bytes, Stack size 0 bytes, at32m412_416_tmr.o(i.tmr_period_buffer_enable))
<BR><BR>[Called By]<UL><LI><a href="#[69]">&gt;&gt;</a>&nbsp;&nbsp;&nbsp;wk_tmr1_init
</UL>

<P><STRONG><a name="[b0]"></a>tmr_primary_mode2_select</STRONG> (Thumb, 10 bytes, Stack size 0 bytes, at32m412_416_tmr.o(i.tmr_primary_mode2_select))
<BR><BR>[Called By]<UL><LI><a href="#[69]">&gt;&gt;</a>&nbsp;&nbsp;&nbsp;wk_tmr1_init
</UL>

<P><STRONG><a name="[af]"></a>tmr_primary_mode_select</STRONG> (Thumb, 14 bytes, Stack size 0 bytes, at32m412_416_tmr.o(i.tmr_primary_mode_select))
<BR><BR>[Called By]<UL><LI><a href="#[69]">&gt;&gt;</a>&nbsp;&nbsp;&nbsp;wk_tmr1_init
</UL>

<P><STRONG><a name="[ab]"></a>tmr_repetition_counter_set</STRONG> (Thumb, 34 bytes, Stack size 0 bytes, at32m412_416_tmr.o(i.tmr_repetition_counter_set))
<BR><BR>[Called By]<UL><LI><a href="#[69]">&gt;&gt;</a>&nbsp;&nbsp;&nbsp;wk_tmr1_init
</UL>

<P><STRONG><a name="[ae]"></a>tmr_sub_sync_mode_set</STRONG> (Thumb, 10 bytes, Stack size 0 bytes, at32m412_416_tmr.o(i.tmr_sub_sync_mode_set))
<BR><BR>[Called By]<UL><LI><a href="#[69]">&gt;&gt;</a>&nbsp;&nbsp;&nbsp;wk_tmr1_init
</UL>

<P><STRONG><a name="[be]"></a>usart_enable</STRONG> (Thumb, 10 bytes, Stack size 0 bytes, at32m412_416_usart.o(i.usart_enable))
<BR><BR>[Called By]<UL><LI><a href="#[65]">&gt;&gt;</a>&nbsp;&nbsp;&nbsp;wk_usart1_init
</UL>

<P><STRONG><a name="[bd]"></a>usart_hardware_flow_control_set</STRONG> (Thumb, 102 bytes, Stack size 0 bytes, at32m412_416_usart.o(i.usart_hardware_flow_control_set))
<BR><BR>[Called By]<UL><LI><a href="#[65]">&gt;&gt;</a>&nbsp;&nbsp;&nbsp;wk_usart1_init
</UL>

<P><STRONG><a name="[6b]"></a>usart_init</STRONG> (Thumb, 156 bytes, Stack size 48 bytes, at32m412_416_usart.o(i.usart_init))
<BR><BR>[Stack]<UL><LI>Max Depth = 152<LI>Call Chain = usart_init &rArr; crm_clocks_freq_get &rArr; __aeabi_uldivmod
</UL>
<BR>[Calls]<UL><LI><a href="#[56]">&gt;&gt;</a>&nbsp;&nbsp;&nbsp;crm_clocks_freq_get
</UL>
<BR>[Called By]<UL><LI><a href="#[65]">&gt;&gt;</a>&nbsp;&nbsp;&nbsp;wk_usart1_init
</UL>

<P><STRONG><a name="[bc]"></a>usart_parity_selection_config</STRONG> (Thumb, 76 bytes, Stack size 0 bytes, at32m412_416_usart.o(i.usart_parity_selection_config))
<BR><BR>[Called By]<UL><LI><a href="#[65]">&gt;&gt;</a>&nbsp;&nbsp;&nbsp;wk_usart1_init
</UL>

<P><STRONG><a name="[bb]"></a>usart_receiver_enable</STRONG> (Thumb, 10 bytes, Stack size 0 bytes, at32m412_416_usart.o(i.usart_receiver_enable))
<BR><BR>[Called By]<UL><LI><a href="#[65]">&gt;&gt;</a>&nbsp;&nbsp;&nbsp;wk_usart1_init
</UL>

<P><STRONG><a name="[ba]"></a>usart_transmitter_enable</STRONG> (Thumb, 10 bytes, Stack size 0 bytes, at32m412_416_usart.o(i.usart_transmitter_enable))
<BR><BR>[Called By]<UL><LI><a href="#[65]">&gt;&gt;</a>&nbsp;&nbsp;&nbsp;wk_usart1_init
</UL>

<P><STRONG><a name="[61]"></a>wk_adc2_init</STRONG> (Thumb, 290 bytes, Stack size 16 bytes, wk_adc.o(i.wk_adc2_init))
<BR><BR>[Stack]<UL><LI>Max Depth = 32<LI>Call Chain = wk_adc2_init &rArr; gpio_init
</UL>
<BR>[Calls]<UL><LI><a href="#[6d]">&gt;&gt;</a>&nbsp;&nbsp;&nbsp;gpio_init
<LI><a href="#[6c]">&gt;&gt;</a>&nbsp;&nbsp;&nbsp;gpio_default_para_init
<LI><a href="#[70]">&gt;&gt;</a>&nbsp;&nbsp;&nbsp;adc_resolution_set
<LI><a href="#[73]">&gt;&gt;</a>&nbsp;&nbsp;&nbsp;adc_preempt_offset_value_set
<LI><a href="#[74]">&gt;&gt;</a>&nbsp;&nbsp;&nbsp;adc_preempt_conversion_trigger_set
<LI><a href="#[72]">&gt;&gt;</a>&nbsp;&nbsp;&nbsp;adc_preempt_channel_set
<LI><a href="#[71]">&gt;&gt;</a>&nbsp;&nbsp;&nbsp;adc_preempt_channel_length_set
<LI><a href="#[76]">&gt;&gt;</a>&nbsp;&nbsp;&nbsp;adc_flag_get
<LI><a href="#[75]">&gt;&gt;</a>&nbsp;&nbsp;&nbsp;adc_enable
<LI><a href="#[7a]">&gt;&gt;</a>&nbsp;&nbsp;&nbsp;adc_calibration_status_get
<LI><a href="#[79]">&gt;&gt;</a>&nbsp;&nbsp;&nbsp;adc_calibration_start
<LI><a href="#[78]">&gt;&gt;</a>&nbsp;&nbsp;&nbsp;adc_calibration_init_status_get
<LI><a href="#[77]">&gt;&gt;</a>&nbsp;&nbsp;&nbsp;adc_calibration_init
<LI><a href="#[6e]">&gt;&gt;</a>&nbsp;&nbsp;&nbsp;adc_base_default_para_init
<LI><a href="#[6f]">&gt;&gt;</a>&nbsp;&nbsp;&nbsp;adc_base_config
</UL>
<BR>[Called By]<UL><LI><a href="#[48]">&gt;&gt;</a>&nbsp;&nbsp;&nbsp;main
</UL>

<P><STRONG><a name="[60]"></a>wk_adc_common_init</STRONG> (Thumb, 50 bytes, Stack size 16 bytes, wk_adc.o(i.wk_adc_common_init))
<BR><BR>[Stack]<UL><LI>Max Depth = 32<LI>Call Chain = wk_adc_common_init &rArr; adc_reset &rArr; crm_periph_reset
</UL>
<BR>[Calls]<UL><LI><a href="#[52]">&gt;&gt;</a>&nbsp;&nbsp;&nbsp;adc_reset
<LI><a href="#[7b]">&gt;&gt;</a>&nbsp;&nbsp;&nbsp;adc_common_default_para_init
<LI><a href="#[7c]">&gt;&gt;</a>&nbsp;&nbsp;&nbsp;adc_common_config
</UL>
<BR>[Called By]<UL><LI><a href="#[48]">&gt;&gt;</a>&nbsp;&nbsp;&nbsp;main
</UL>

<P><STRONG><a name="[66]"></a>wk_can1_init</STRONG> (Thumb, 268 bytes, Stack size 24 bytes, wk_can.o(i.wk_can1_init))
<BR><BR>[Stack]<UL><LI>Max Depth = 40<LI>Call Chain = wk_can1_init &rArr; gpio_pin_mux_config
</UL>
<BR>[Calls]<UL><LI><a href="#[7d]">&gt;&gt;</a>&nbsp;&nbsp;&nbsp;gpio_pin_mux_config
<LI><a href="#[7e]">&gt;&gt;</a>&nbsp;&nbsp;&nbsp;crm_can_clock_select
<LI><a href="#[86]">&gt;&gt;</a>&nbsp;&nbsp;&nbsp;can_stb_transmit_mode_set
<LI><a href="#[7f]">&gt;&gt;</a>&nbsp;&nbsp;&nbsp;can_software_reset
<LI><a href="#[87]">&gt;&gt;</a>&nbsp;&nbsp;&nbsp;can_rxbuf_warning_set
<LI><a href="#[88]">&gt;&gt;</a>&nbsp;&nbsp;&nbsp;can_rxbuf_overflow_mode_set
<LI><a href="#[83]">&gt;&gt;</a>&nbsp;&nbsp;&nbsp;can_retransmission_limit_set
<LI><a href="#[8a]">&gt;&gt;</a>&nbsp;&nbsp;&nbsp;can_restricted_operation_enable
<LI><a href="#[8b]">&gt;&gt;</a>&nbsp;&nbsp;&nbsp;can_receive_all_enable
<LI><a href="#[84]">&gt;&gt;</a>&nbsp;&nbsp;&nbsp;can_rearbitration_limit_set
<LI><a href="#[85]">&gt;&gt;</a>&nbsp;&nbsp;&nbsp;can_mode_set
<LI><a href="#[82]">&gt;&gt;</a>&nbsp;&nbsp;&nbsp;can_fd_iso_mode_enable
<LI><a href="#[89]">&gt;&gt;</a>&nbsp;&nbsp;&nbsp;can_error_warning_set
<LI><a href="#[81]">&gt;&gt;</a>&nbsp;&nbsp;&nbsp;can_bittime_set
<LI><a href="#[80]">&gt;&gt;</a>&nbsp;&nbsp;&nbsp;can_bittime_default_para_init
<LI><a href="#[6d]">&gt;&gt;</a>&nbsp;&nbsp;&nbsp;gpio_init
<LI><a href="#[6c]">&gt;&gt;</a>&nbsp;&nbsp;&nbsp;gpio_default_para_init
</UL>
<BR>[Called By]<UL><LI><a href="#[48]">&gt;&gt;</a>&nbsp;&nbsp;&nbsp;main
</UL>

<P><STRONG><a name="[68]"></a>wk_crc_init</STRONG> (Thumb, 38 bytes, Stack size 8 bytes, wk_crc.o(i.wk_crc_init))
<BR><BR>[Stack]<UL><LI>Max Depth = 8<LI>Call Chain = wk_crc_init
</UL>
<BR>[Calls]<UL><LI><a href="#[90]">&gt;&gt;</a>&nbsp;&nbsp;&nbsp;crc_reverse_output_data_set
<LI><a href="#[8f]">&gt;&gt;</a>&nbsp;&nbsp;&nbsp;crc_reverse_input_data_set
<LI><a href="#[8e]">&gt;&gt;</a>&nbsp;&nbsp;&nbsp;crc_poly_value_set
<LI><a href="#[8d]">&gt;&gt;</a>&nbsp;&nbsp;&nbsp;crc_poly_size_set
<LI><a href="#[8c]">&gt;&gt;</a>&nbsp;&nbsp;&nbsp;crc_init_data_set
<LI><a href="#[91]">&gt;&gt;</a>&nbsp;&nbsp;&nbsp;crc_data_reset
</UL>
<BR>[Called By]<UL><LI><a href="#[48]">&gt;&gt;</a>&nbsp;&nbsp;&nbsp;main
</UL>

<P><STRONG><a name="[62]"></a>wk_dma1_channel1_init</STRONG> (Thumb, 84 bytes, Stack size 24 bytes, wk_dma.o(i.wk_dma1_channel1_init))
<BR><BR>[Stack]<UL><LI>Max Depth = 24<LI>Call Chain = wk_dma1_channel1_init
</UL>
<BR>[Calls]<UL><LI><a href="#[96]">&gt;&gt;</a>&nbsp;&nbsp;&nbsp;dmamux_init
<LI><a href="#[95]">&gt;&gt;</a>&nbsp;&nbsp;&nbsp;dmamux_enable
<LI><a href="#[92]">&gt;&gt;</a>&nbsp;&nbsp;&nbsp;dma_reset
<LI><a href="#[94]">&gt;&gt;</a>&nbsp;&nbsp;&nbsp;dma_init
<LI><a href="#[93]">&gt;&gt;</a>&nbsp;&nbsp;&nbsp;dma_default_para_init
</UL>
<BR>[Called By]<UL><LI><a href="#[48]">&gt;&gt;</a>&nbsp;&nbsp;&nbsp;main
</UL>

<P><STRONG><a name="[63]"></a>wk_dma_channel_config</STRONG> (Thumb, 8 bytes, Stack size 0 bytes, wk_dma.o(i.wk_dma_channel_config))
<BR><BR>[Called By]<UL><LI><a href="#[48]">&gt;&gt;</a>&nbsp;&nbsp;&nbsp;main
</UL>

<P><STRONG><a name="[5f]"></a>wk_gpio_config</STRONG> (Thumb, 128 bytes, Stack size 16 bytes, wk_gpio.o(i.wk_gpio_config))
<BR><BR>[Stack]<UL><LI>Max Depth = 32<LI>Call Chain = wk_gpio_config &rArr; gpio_init
</UL>
<BR>[Calls]<UL><LI><a href="#[97]">&gt;&gt;</a>&nbsp;&nbsp;&nbsp;gpio_bits_set
<LI><a href="#[6d]">&gt;&gt;</a>&nbsp;&nbsp;&nbsp;gpio_init
<LI><a href="#[6c]">&gt;&gt;</a>&nbsp;&nbsp;&nbsp;gpio_default_para_init
</UL>
<BR>[Called By]<UL><LI><a href="#[48]">&gt;&gt;</a>&nbsp;&nbsp;&nbsp;main
</UL>

<P><STRONG><a name="[5d]"></a>wk_nvic_config</STRONG> (Thumb, 212 bytes, Stack size 16 bytes, at32m412_416_wk_config.o(i.wk_nvic_config))
<BR><BR>[Stack]<UL><LI>Max Depth = 48<LI>Call Chain = wk_nvic_config &rArr; nvic_irq_enable
</UL>
<BR>[Calls]<UL><LI><a href="#[98]">&gt;&gt;</a>&nbsp;&nbsp;&nbsp;nvic_priority_group_config
<LI><a href="#[9c]">&gt;&gt;</a>&nbsp;&nbsp;&nbsp;nvic_irq_enable
<LI><a href="#[9b]">&gt;&gt;</a>&nbsp;&nbsp;&nbsp;__NVIC_SetPriority
<LI><a href="#[99]">&gt;&gt;</a>&nbsp;&nbsp;&nbsp;__NVIC_GetPriorityGrouping
<LI><a href="#[9a]">&gt;&gt;</a>&nbsp;&nbsp;&nbsp;NVIC_EncodePriority
</UL>
<BR>[Called By]<UL><LI><a href="#[48]">&gt;&gt;</a>&nbsp;&nbsp;&nbsp;main
</UL>

<P><STRONG><a name="[5c]"></a>wk_periph_clock_config</STRONG> (Thumb, 108 bytes, Stack size 8 bytes, at32m412_416_wk_config.o(i.wk_periph_clock_config))
<BR><BR>[Stack]<UL><LI>Max Depth = 16<LI>Call Chain = wk_periph_clock_config &rArr; crm_periph_clock_enable
</UL>
<BR>[Calls]<UL><LI><a href="#[9d]">&gt;&gt;</a>&nbsp;&nbsp;&nbsp;crm_periph_clock_enable
</UL>
<BR>[Called By]<UL><LI><a href="#[48]">&gt;&gt;</a>&nbsp;&nbsp;&nbsp;main
</UL>

<P><STRONG><a name="[67]"></a>wk_spi2_init</STRONG> (Thumb, 212 bytes, Stack size 24 bytes, wk_spi.o(i.wk_spi2_init))
<BR><BR>[Stack]<UL><LI>Max Depth = 40<LI>Call Chain = wk_spi2_init &rArr; gpio_pin_mux_config
</UL>
<BR>[Calls]<UL><LI><a href="#[9f]">&gt;&gt;</a>&nbsp;&nbsp;&nbsp;spi_init
<LI><a href="#[a0]">&gt;&gt;</a>&nbsp;&nbsp;&nbsp;spi_enable
<LI><a href="#[9e]">&gt;&gt;</a>&nbsp;&nbsp;&nbsp;spi_default_para_init
<LI><a href="#[7d]">&gt;&gt;</a>&nbsp;&nbsp;&nbsp;gpio_pin_mux_config
<LI><a href="#[6d]">&gt;&gt;</a>&nbsp;&nbsp;&nbsp;gpio_init
<LI><a href="#[6c]">&gt;&gt;</a>&nbsp;&nbsp;&nbsp;gpio_default_para_init
</UL>
<BR>[Called By]<UL><LI><a href="#[48]">&gt;&gt;</a>&nbsp;&nbsp;&nbsp;main
</UL>

<P><STRONG><a name="[5b]"></a>wk_system_clock_config</STRONG> (Thumb, 166 bytes, Stack size 8 bytes, at32m412_416_wk_config.o(i.wk_system_clock_config))
<BR><BR>[Stack]<UL><LI>Max Depth = 104<LI>Call Chain = wk_system_clock_config &rArr; system_core_clock_update &rArr; __aeabi_uldivmod
</UL>
<BR>[Calls]<UL><LI><a href="#[6a]">&gt;&gt;</a>&nbsp;&nbsp;&nbsp;system_core_clock_update
<LI><a href="#[57]">&gt;&gt;</a>&nbsp;&nbsp;&nbsp;crm_sysclk_switch_status_get
<LI><a href="#[5a]">&gt;&gt;</a>&nbsp;&nbsp;&nbsp;crm_sysclk_switch
<LI><a href="#[59]">&gt;&gt;</a>&nbsp;&nbsp;&nbsp;crm_reset
<LI><a href="#[a3]">&gt;&gt;</a>&nbsp;&nbsp;&nbsp;crm_pll_config
<LI><a href="#[9d]">&gt;&gt;</a>&nbsp;&nbsp;&nbsp;crm_periph_clock_enable
<LI><a href="#[a2]">&gt;&gt;</a>&nbsp;&nbsp;&nbsp;crm_flag_get
<LI><a href="#[a1]">&gt;&gt;</a>&nbsp;&nbsp;&nbsp;crm_clock_source_enable
<LI><a href="#[55]">&gt;&gt;</a>&nbsp;&nbsp;&nbsp;crm_auto_step_mode_enable
<LI><a href="#[a4]">&gt;&gt;</a>&nbsp;&nbsp;&nbsp;crm_apb3_div_set
<LI><a href="#[a5]">&gt;&gt;</a>&nbsp;&nbsp;&nbsp;crm_apb2_div_set
<LI><a href="#[a6]">&gt;&gt;</a>&nbsp;&nbsp;&nbsp;crm_apb1_div_set
<LI><a href="#[54]">&gt;&gt;</a>&nbsp;&nbsp;&nbsp;crm_ahb_div_set
</UL>
<BR>[Called By]<UL><LI><a href="#[48]">&gt;&gt;</a>&nbsp;&nbsp;&nbsp;main
</UL>

<P><STRONG><a name="[51]"></a>wk_timebase_handler</STRONG> (Thumb, 8 bytes, Stack size 8 bytes, wk_system.o(i.wk_timebase_handler))
<BR><BR>[Stack]<UL><LI>Max Depth = 8<LI>Call Chain = wk_timebase_handler
</UL>
<BR>[Calls]<UL><LI><a href="#[a7]">&gt;&gt;</a>&nbsp;&nbsp;&nbsp;wk_timebase_increase
</UL>
<BR>[Called By]<UL><LI><a href="#[c]">&gt;&gt;</a>&nbsp;&nbsp;&nbsp;SysTick_Handler
</UL>

<P><STRONG><a name="[a7]"></a>wk_timebase_increase</STRONG> (Thumb, 12 bytes, Stack size 0 bytes, wk_system.o(i.wk_timebase_increase))
<BR><BR>[Called By]<UL><LI><a href="#[51]">&gt;&gt;</a>&nbsp;&nbsp;&nbsp;wk_timebase_handler
</UL>

<P><STRONG><a name="[5e]"></a>wk_timebase_init</STRONG> (Thumb, 52 bytes, Stack size 24 bytes, wk_system.o(i.wk_timebase_init))
<BR><BR>[Stack]<UL><LI>Max Depth = 128<LI>Call Chain = wk_timebase_init &rArr; crm_clocks_freq_get &rArr; __aeabi_uldivmod
</UL>
<BR>[Calls]<UL><LI><a href="#[a8]">&gt;&gt;</a>&nbsp;&nbsp;&nbsp;systick_clock_source_config
<LI><a href="#[56]">&gt;&gt;</a>&nbsp;&nbsp;&nbsp;crm_clocks_freq_get
</UL>
<BR>[Called By]<UL><LI><a href="#[48]">&gt;&gt;</a>&nbsp;&nbsp;&nbsp;main
</UL>

<P><STRONG><a name="[69]"></a>wk_tmr1_init</STRONG> (Thumb, 598 bytes, Stack size 32 bytes, wk_tmr.o(i.wk_tmr1_init))
<BR><BR>[Stack]<UL><LI>Max Depth = 52<LI>Call Chain = wk_tmr1_init &rArr; tmr_output_channel_config
</UL>
<BR>[Calls]<UL><LI><a href="#[ae]">&gt;&gt;</a>&nbsp;&nbsp;&nbsp;tmr_sub_sync_mode_set
<LI><a href="#[ab]">&gt;&gt;</a>&nbsp;&nbsp;&nbsp;tmr_repetition_counter_set
<LI><a href="#[af]">&gt;&gt;</a>&nbsp;&nbsp;&nbsp;tmr_primary_mode_select
<LI><a href="#[b0]">&gt;&gt;</a>&nbsp;&nbsp;&nbsp;tmr_primary_mode2_select
<LI><a href="#[ac]">&gt;&gt;</a>&nbsp;&nbsp;&nbsp;tmr_period_buffer_enable
<LI><a href="#[b8]">&gt;&gt;</a>&nbsp;&nbsp;&nbsp;tmr_output_enable
<LI><a href="#[b4]">&gt;&gt;</a>&nbsp;&nbsp;&nbsp;tmr_output_channel_immediately_set
<LI><a href="#[b1]">&gt;&gt;</a>&nbsp;&nbsp;&nbsp;tmr_output_channel_config
<LI><a href="#[b3]">&gt;&gt;</a>&nbsp;&nbsp;&nbsp;tmr_output_channel_buffer_enable
<LI><a href="#[b9]">&gt;&gt;</a>&nbsp;&nbsp;&nbsp;tmr_counter_enable
<LI><a href="#[a9]">&gt;&gt;</a>&nbsp;&nbsp;&nbsp;tmr_cnt_dir_set
<LI><a href="#[aa]">&gt;&gt;</a>&nbsp;&nbsp;&nbsp;tmr_clock_source_div_set
<LI><a href="#[b2]">&gt;&gt;</a>&nbsp;&nbsp;&nbsp;tmr_channel_value_set
<LI><a href="#[b5]">&gt;&gt;</a>&nbsp;&nbsp;&nbsp;tmr_brkdt_config
<LI><a href="#[b6]">&gt;&gt;</a>&nbsp;&nbsp;&nbsp;tmr_brk_filter_value_set
<LI><a href="#[b7]">&gt;&gt;</a>&nbsp;&nbsp;&nbsp;tmr_brk2_config
<LI><a href="#[ad]">&gt;&gt;</a>&nbsp;&nbsp;&nbsp;tmr_base_init
<LI><a href="#[7d]">&gt;&gt;</a>&nbsp;&nbsp;&nbsp;gpio_pin_mux_config
<LI><a href="#[6d]">&gt;&gt;</a>&nbsp;&nbsp;&nbsp;gpio_init
<LI><a href="#[6c]">&gt;&gt;</a>&nbsp;&nbsp;&nbsp;gpio_default_para_init
</UL>
<BR>[Called By]<UL><LI><a href="#[48]">&gt;&gt;</a>&nbsp;&nbsp;&nbsp;main
</UL>

<P><STRONG><a name="[65]"></a>wk_usart1_init</STRONG> (Thumb, 154 bytes, Stack size 16 bytes, wk_usart.o(i.wk_usart1_init))
<BR><BR>[Stack]<UL><LI>Max Depth = 168<LI>Call Chain = wk_usart1_init &rArr; usart_init &rArr; crm_clocks_freq_get &rArr; __aeabi_uldivmod
</UL>
<BR>[Calls]<UL><LI><a href="#[ba]">&gt;&gt;</a>&nbsp;&nbsp;&nbsp;usart_transmitter_enable
<LI><a href="#[bb]">&gt;&gt;</a>&nbsp;&nbsp;&nbsp;usart_receiver_enable
<LI><a href="#[bc]">&gt;&gt;</a>&nbsp;&nbsp;&nbsp;usart_parity_selection_config
<LI><a href="#[6b]">&gt;&gt;</a>&nbsp;&nbsp;&nbsp;usart_init
<LI><a href="#[bd]">&gt;&gt;</a>&nbsp;&nbsp;&nbsp;usart_hardware_flow_control_set
<LI><a href="#[be]">&gt;&gt;</a>&nbsp;&nbsp;&nbsp;usart_enable
<LI><a href="#[7d]">&gt;&gt;</a>&nbsp;&nbsp;&nbsp;gpio_pin_mux_config
<LI><a href="#[6d]">&gt;&gt;</a>&nbsp;&nbsp;&nbsp;gpio_init
<LI><a href="#[6c]">&gt;&gt;</a>&nbsp;&nbsp;&nbsp;gpio_default_para_init
</UL>
<BR>[Called By]<UL><LI><a href="#[48]">&gt;&gt;</a>&nbsp;&nbsp;&nbsp;main
</UL>

<P><STRONG><a name="[42]"></a>_fp_init</STRONG> (Thumb, 10 bytes, Stack size 0 bytes, fpinit.o(x$fpl$fpinit))
<BR><BR>[Called By]<UL><LI><a href="#[41]">&gt;&gt;</a>&nbsp;&nbsp;&nbsp;__rt_lib_init_fp_1
</UL>

<P><STRONG><a name="[eb]"></a>__fplib_config_fpu_vfp</STRONG> (Thumb, 0 bytes, Stack size unknown bytes, fpinit.o(x$fpl$fpinit), UNUSED)

<P><STRONG><a name="[ec]"></a>__fplib_config_pureend_doubles</STRONG> (Thumb, 0 bytes, Stack size unknown bytes, fpinit.o(x$fpl$fpinit), UNUSED)
<P>
<H3>
Local Symbols
</H3>
<P><STRONG><a name="[9a]"></a>NVIC_EncodePriority</STRONG> (Thumb, 64 bytes, Stack size 20 bytes, at32m412_416_wk_config.o(i.NVIC_EncodePriority))
<BR><BR>[Stack]<UL><LI>Max Depth = 20<LI>Call Chain = NVIC_EncodePriority
</UL>
<BR>[Called By]<UL><LI><a href="#[5d]">&gt;&gt;</a>&nbsp;&nbsp;&nbsp;wk_nvic_config
</UL>

<P><STRONG><a name="[99]"></a>__NVIC_GetPriorityGrouping</STRONG> (Thumb, 10 bytes, Stack size 0 bytes, at32m412_416_wk_config.o(i.__NVIC_GetPriorityGrouping))
<BR><BR>[Called By]<UL><LI><a href="#[5d]">&gt;&gt;</a>&nbsp;&nbsp;&nbsp;wk_nvic_config
</UL>

<P><STRONG><a name="[9b]"></a>__NVIC_SetPriority</STRONG> (Thumb, 32 bytes, Stack size 8 bytes, at32m412_416_wk_config.o(i.__NVIC_SetPriority))
<BR><BR>[Stack]<UL><LI>Max Depth = 8<LI>Call Chain = __NVIC_SetPriority
</UL>
<BR>[Called By]<UL><LI><a href="#[5d]">&gt;&gt;</a>&nbsp;&nbsp;&nbsp;wk_nvic_config
</UL>
<P>
<H3>
Undefined Global Symbols
</H3><HR></body></html>
