<html>
<body>
<pre>
<h1>µVision Build Log</h1>
<h2>Tool Versions:</h2>
IDE-Version: ¦ÌVision V5.39.0.0
Copyright (C) 2023 ARM Ltd and ARM Germany GmbH. All rights reserved.
License Information: T T, T, LIC=X96CK-ZXBZS-SBXEJ-U0HLQ-MJ3C9-4Y6G4
 
Tool Versions:
Toolchain:       MDK-ARM Plus  Version: 5.39.0.0
Toolchain Path:  C:\Keil_v5\ARM\ARM_Compiler_5.06u7\Bin
C Compiler:      Armcc.exe V5.06 update 7 (build 960)
Assembler:       Armasm.exe V5.06 update 7 (build 960)
Linker/Locator:  ArmLink.exe V5.06 update 7 (build 960)
Library Manager: ArmAr.exe V5.06 update 7 (build 960)
Hex Converter:   FromElf.exe V5.06 update 7 (build 960)
CPU DLL:         SARMCM3.DLL V5.39.0.0
Dialog DLL:      DCM.DLL V1.17.5.0
Target DLL:      CMSIS_AGDI.dll V1.33.16.0
Dialog DLL:      TCM.DLL V1.56.4.0
 
<h2>Project:</h2>
D:\workspaces\code-registories\FOC\FOC_Driver_V2\motor_controller\project\MDK_V5\motor_controller.uvprojx
Project File Date:  06/26/2026

<h2>Output:</h2>
*** Using Compiler 'V5.06 update 7 (build 960)', folder: 'C:\Keil_v5\ARM\ARM_Compiler_5.06u7\Bin'
Build target 'motor_controller'
compiling at32m412_416_wk_config.c...
compiling at32m412_416_int.c...
linking...
Program Size: Code=27948 RO-data=1340 RW-data=364 ZI-data=3828  
FromELF: creating hex file...
".\objects\motor_controller.axf" - 0 Error(s), 0 Warning(s).

<h2>Software Packages used:</h2>

Package Vendor: ArteryTek
                
                ArteryTek::AT32M412_416_DFP@2.0.5
                ArteryTek AT32M412_416 Series Device Support,Drivers

<h2>Collection of Component include folders:</h2>
  C:/Users/descfly/AppData/Local/Arm/Packs/ArteryTek/AT32M412_416_DFP/2.0.5/Device/Include

<h2>Collection of Component Files used:</h2>
Build Time Elapsed:  00:00:00
</pre>
</body>
</html>
