Component: ARM Compiler 5.06 update 7 (build 960) Tool: armlink [4d3601]

==============================================================================

Section Cross References

    at32m412_416_int.o(i.ADC1_2_IRQHandler) refers to at32m412_416_adc.o(i.adc_interrupt_flag_get) for adc_interrupt_flag_get
    at32m412_416_int.o(i.ADC1_2_IRQHandler) refers to board_at32_1.o(i.board_current_loop_irq_handler) for board_current_loop_irq_handler
    at32m412_416_int.o(i.ADC1_2_IRQHandler) refers to at32m412_416_adc.o(i.adc_flag_clear) for adc_flag_clear
    at32m412_416_int.o(i.CAN1_ERR_IRQHandler) refers to at32m412_416_can.o(i.can_interrupt_flag_get) for can_interrupt_flag_get
    at32m412_416_int.o(i.CAN1_ERR_IRQHandler) refers to at32m412_416_can.o(i.can_flag_clear) for can_flag_clear
    at32m412_416_int.o(i.CAN1_RX_IRQHandler) refers to at32m412_416_can.o(i.can_interrupt_flag_get) for can_interrupt_flag_get
    at32m412_416_int.o(i.CAN1_RX_IRQHandler) refers to at32m412_416_can.o(i.can_flag_clear) for can_flag_clear
    at32m412_416_int.o(i.CAN1_RX_IRQHandler) refers to at32m412_416_can.o(i.can_rxbuf_read) for can_rxbuf_read
    at32m412_416_int.o(i.SysTick_Handler) refers to wk_system.o(i.wk_timebase_handler) for wk_timebase_handler
    at32m412_416_wk_config.o(i.wk_nvic_config) refers to at32m412_416_misc.o(i.nvic_priority_group_config) for nvic_priority_group_config
    at32m412_416_wk_config.o(i.wk_nvic_config) refers to at32m412_416_wk_config.o(i.__NVIC_GetPriorityGrouping) for __NVIC_GetPriorityGrouping
    at32m412_416_wk_config.o(i.wk_nvic_config) refers to at32m412_416_wk_config.o(i.NVIC_EncodePriority) for NVIC_EncodePriority
    at32m412_416_wk_config.o(i.wk_nvic_config) refers to at32m412_416_wk_config.o(i.__NVIC_SetPriority) for __NVIC_SetPriority
    at32m412_416_wk_config.o(i.wk_nvic_config) refers to at32m412_416_misc.o(i.nvic_irq_enable) for nvic_irq_enable
    at32m412_416_wk_config.o(i.wk_periph_clock_config) refers to at32m412_416_crm.o(i.crm_periph_clock_enable) for crm_periph_clock_enable
    at32m412_416_wk_config.o(i.wk_system_clock_config) refers to at32m412_416_crm.o(i.crm_reset) for crm_reset
    at32m412_416_wk_config.o(i.wk_system_clock_config) refers to at32m412_416_crm.o(i.crm_periph_clock_enable) for crm_periph_clock_enable
    at32m412_416_wk_config.o(i.wk_system_clock_config) refers to at32m412_416_crm.o(i.crm_clock_source_enable) for crm_clock_source_enable
    at32m412_416_wk_config.o(i.wk_system_clock_config) refers to at32m412_416_crm.o(i.crm_flag_get) for crm_flag_get
    at32m412_416_wk_config.o(i.wk_system_clock_config) refers to at32m412_416_crm.o(i.crm_pll_config) for crm_pll_config
    at32m412_416_wk_config.o(i.wk_system_clock_config) refers to at32m412_416_crm.o(i.crm_ahb_div_set) for crm_ahb_div_set
    at32m412_416_wk_config.o(i.wk_system_clock_config) refers to at32m412_416_crm.o(i.crm_apb3_div_set) for crm_apb3_div_set
    at32m412_416_wk_config.o(i.wk_system_clock_config) refers to at32m412_416_crm.o(i.crm_apb2_div_set) for crm_apb2_div_set
    at32m412_416_wk_config.o(i.wk_system_clock_config) refers to at32m412_416_crm.o(i.crm_apb1_div_set) for crm_apb1_div_set
    at32m412_416_wk_config.o(i.wk_system_clock_config) refers to at32m412_416_crm.o(i.crm_auto_step_mode_enable) for crm_auto_step_mode_enable
    at32m412_416_wk_config.o(i.wk_system_clock_config) refers to at32m412_416_crm.o(i.crm_sysclk_switch) for crm_sysclk_switch
    at32m412_416_wk_config.o(i.wk_system_clock_config) refers to at32m412_416_crm.o(i.crm_sysclk_switch_status_get) for crm_sysclk_switch_status_get
    at32m412_416_wk_config.o(i.wk_system_clock_config) refers to system_at32m412_416.o(i.system_core_clock_update) for system_core_clock_update
    main.o(i.main) refers to at32m412_416_misc.o(i.nvic_vector_table_set) for nvic_vector_table_set
    main.o(i.main) refers to at32m412_416_wk_config.o(i.wk_system_clock_config) for wk_system_clock_config
    main.o(i.main) refers to at32m412_416_wk_config.o(i.wk_periph_clock_config) for wk_periph_clock_config
    main.o(i.main) refers to at32m412_416_wk_config.o(i.wk_nvic_config) for wk_nvic_config
    main.o(i.main) refers to wk_system.o(i.wk_timebase_init) for wk_timebase_init
    main.o(i.main) refers to wk_gpio.o(i.wk_gpio_config) for wk_gpio_config
    main.o(i.main) refers to wk_adc.o(i.wk_adc_common_init) for wk_adc_common_init
    main.o(i.main) refers to wk_adc.o(i.wk_adc2_init) for wk_adc2_init
    main.o(i.main) refers to wk_dma.o(i.wk_dma1_channel1_init) for wk_dma1_channel1_init
    main.o(i.main) refers to wk_dma.o(i.wk_dma_channel_config) for wk_dma_channel_config
    main.o(i.main) refers to at32m412_416_dma.o(i.dma_channel_enable) for dma_channel_enable
    main.o(i.main) refers to wk_usart.o(i.wk_usart1_init) for wk_usart1_init
    main.o(i.main) refers to wk_can.o(i.wk_can1_init) for wk_can1_init
    main.o(i.main) refers to wk_spi.o(i.wk_spi2_init) for wk_spi2_init
[...]
    sys_ahb_div_table                        0x08005216   Data          16  system_at32m412_416.o(.constdata)
    pll_fr_table                             0x08005226   Data           6  system_at32m412_416.o(.constdata)
    .constdata                               0x0800522c   Section       12  mp6540.o(.constdata)
    s_mp6540_gate_driver_ops                 0x0800522c   Data          12  mp6540.o(.constdata)
    .constdata                               0x08005238   Section       84  motor_config_storage_ops.o(.constdata)
    s_eeprom_region                          0x08005238   Data          12  motor_config_storage_ops.o(.constdata)
    s_flash_region                           0x08005244   Data          12  motor_config_storage_ops.o(.constdata)
    s_flash_factory_region                   0x08005250   Data          12  motor_config_storage_ops.o(.constdata)
    s_eeprom_ops                             0x0800525c   Data          16  motor_config_storage_ops.o(.constdata)
    s_flash_ops                              0x0800526c   Data          16  motor_config_storage_ops.o(.constdata)
    s_flash_factory_readonly_ops             0x0800527c   Data          16  motor_config_storage_ops.o(.constdata)
    .constdata                               0x0800528c   Section       32  rredf.o(.constdata)
    twooverpi                                0x0800528c   Data          32  rredf.o(.constdata)
    .data                                    0x20000000   Section        4  wk_system.o(.data)
    .data                                    0x20000004   Section        4  system_at32m412_416.o(.data)
    .data                                    0x20000008   Section        2  board_at32_1.o(.data)
    .data                                    0x2000000c   Section        5  current_sense.o(.data)
    s_cnt                                    0x2000000c   Data           4  current_sense.o(.data)
    s_active                                 0x20000010   Data           1  current_sense.o(.data)
    .data                                    0x20000014   Section       12  foc_1.o(.data)
    .data                                    0x20000020   Section       16  foc_motor.o(.data)
    full_rotations                           0x20000020   Data           4  foc_motor.o(.data)
    last_angle                               0x20000024   Data           4  foc_motor.o(.data)
    last_vel_us                              0x20000028   Data           2  foc_motor.o(.data)
    last_angle                               0x2000002c   Data           4  foc_motor.o(.data)
    .data                                    0x20000030   Section      256  kth71xx.o(.data)
    .data                                    0x20000130   Section        4  gate_driver.o(.data)
    s_active_gate_driver                     0x20000130   Data           4  gate_driver.o(.data)
    .data                                    0x20000134   Section        8  mp6540.o(.data)
    s_drv                                    0x20000134   Data           8  mp6540.o(.data)
    .data                                    0x2000013c   Section        4  eeprom.o(.data)
    s_port_ops                               0x2000013c   Data           4  eeprom.o(.data)
    .data                                    0x20000140   Section        4  motor_config.o(.data)
    s_storage_count                          0x20000140   Data           4  motor_config.o(.data)
    .data                                    0x20000144   Section        4  motor_config_storage_ops.o(.data)
    s_adapter                                0x20000144   Data           4  motor_config_storage_ops.o(.data)
    .bss                                     0x20000148   Section       88  dwt_profile_delay.o(.bss)
    dwt_cycle_tim                            0x20000148   Data          88  dwt_profile_delay.o(.bss)
    .bss                                     0x200001a0   Section       12  current_sense.o(.bss)
    s_sum                                    0x200001a0   Data          12  current_sense.o(.bss)
    .bss                                     0x200001ac   Section      756  foc_1.o(.bss)
    .bss                                     0x200004a0   Section       44  gate_driver.o(.bss)
    s_mp6540_handle                          0x200004a0   Data          44  gate_driver.o(.bss)
    .bss                                     0x200004cc   Section       16  motor_config.o(.bss)
    s_storage_ops                            0x200004cc   Data          16  motor_config.o(.bss)
    .bss                                     0x200004dc   Section       96  libspace.o(.bss)
    HEAP                                     0x20000540   Section      512  startup_at32m412_416.o(HEAP)
    Heap_Mem                                 0x20000540   Data         512  startup_at32m412_416.o(HEAP)
    STACK                                    0x20000740   Section     1024  startup_at32m412_416.o(STACK)
    Stack_Mem                                0x20000740   Data        1024  startup_at32m412_416.o(STACK)
    __initial_sp                             0x20000b40   Data           0  startup_at32m412_416.o(STACK)

    Global Symbols

    Symbol Name                              Value     Ov Type        Size  Object(Section)

    BuildAttributes$$THM_ISAv4$E$P$D$K$B$S$7EM$VFPi3$EXTD16$VFPS$VFMA$PE$A:L22UL41UL21$X:L11$S22US41US21$IEEE1$IW$USESV6$~STKCKD$USESV7$~SHL$OTIME$ROPI$IEEEX$EBA8$UX$STANDARDLIB$REQ8$PRES8$EABIv2 0x00000000   Number         0  anon$$obj.o ABSOLUTE
    __ARM_use_no_argv                        0x00000000   Number         0  main.o ABSOLUTE
    __ARM_exceptions_init                     - Undefined Weak Reference
    __alloca_initialize                       - Undefined Weak Reference
    __arm_fini_                               - Undefined Weak Reference
    __arm_preinit_                            - Undefined Weak Reference
    __cpp_initialize__aeabi_                  - Undefined Weak Reference
    __cxa_finalize                            - Undefined Weak Reference
    __rt_locale                               - Undefined Weak Reference
    __sigvec_lookup                           - Undefined Weak Reference
    _atexit_init                              - Undefined Weak Reference
    _call_atexit_fns                          - Undefined Weak Reference
    _clock_init                               - Undefined Weak Reference
    _fp_trap_init                             - Undefined Weak Reference
    _fp_trap_shutdown                         - Undefined Weak Reference
    _get_lc_collate                           - Undefined Weak Reference
    _get_lc_ctype                             - Undefined Weak Reference
    _get_lc_monetary                          - Undefined Weak Reference
    _get_lc_numeric                           - Undefined Weak Reference
    _get_lc_time                              - Undefined Weak Reference
    _getenv_init                              - Undefined Weak Reference
    _handle_redirection                       - Undefined Weak Reference
    _init_alloc                               - Undefined Weak Reference
    _init_user_alloc                          - Undefined Weak Reference
    _initio                                   - Undefined Weak Reference
    _rand_init                                - Undefined Weak Reference
    _signal_finish                            - Undefined Weak Reference
    _signal_init                              - Undefined Weak Reference
    _terminate_alloc                          - Undefined Weak Reference
    _terminate_user_alloc                     - Undefined Weak Reference
    _terminateio                              - Undefined Weak Reference
    __Vectors_Size                           0x000001bc   Number         0  startup_at32m412_416.o ABSOLUTE
    __Vectors                                0x08000000   Data           4  startup_at32m412_416.o(RESET)
    __Vectors_End                            0x080001bc   Data           0  startup_at32m412_416.o(RESET)
    __main                                   0x080001bd   Thumb Code     8  __main.o(!!!main)
    __scatterload                            0x080001c5   Thumb Code     0  __scatter.o(!!!scatter)
    __scatterload_rt2                        0x080001c5   Thumb Code    44  __scatter.o(!!!scatter)
    __scatterload_rt2_thumb_only             0x080001c5   Thumb Code     0  __scatter.o(!!!scatter)
    __scatterload_null                       0x080001d3   Thumb Code     0  __scatter.o(!!!scatter)
    __decompress                             0x080001f9   Thumb Code    58  __dczerorl.o(!!dczerorl)
    __decompress0                            0x080001f9   Thumb Code     0  __dczerorl.o(!!dczerorl)
    __scatterload_zeroinit                   0x08000235   Thumb Code    28  __scatter_zi.o(!!handler_zi)
    __rt_lib_init                            0x08000251   Thumb Code     0  libinit.o(.ARM.Collect$$libinit$$00000000)
    __rt_lib_init_fp_1                       0x08000253   Thumb Code     0  libinit2.o(.ARM.Collect$$libinit$$00000001)
    __rt_lib_init_alloca_1                   0x08000257   Thumb Code     0  libinit2.o(.ARM.Collect$$libinit$$0000002E)
    __rt_lib_init_argv_1                     0x08000257   Thumb Code     0  libinit2.o(.ARM.Collect$$libinit$$0000002C)
    __rt_lib_init_atexit_1                   0x08000257   Thumb Code     0  libinit2.o(.ARM.Collect$$libinit$$0000001B)
    __rt_lib_init_clock_1                    0x08000257   Thumb Code     0  libinit2.o(.ARM.Collect$$libinit$$00000021)
    __rt_lib_init_cpp_1                      0x08000257   Thumb Code     0  libinit2.o(.ARM.Collect$$libinit$$00000032)
    __rt_lib_init_exceptions_1               0x08000257   Thumb Code     0  libinit2.o(.ARM.Collect$$libinit$$00000030)
    __rt_lib_init_fp_trap_1                  0x08000257   Thumb Code     0  libinit2.o(.ARM.Collect$$libinit$$0000001F)
    __rt_lib_init_getenv_1                   0x08000257   Thumb Code     0  libinit2.o(.ARM.Collect$$libinit$$00000023)
    __rt_lib_init_heap_1                     0x08000257   Thumb Code     0  libinit2.o(.ARM.Collect$$libinit$$0000000A)
    __rt_lib_init_lc_collate_1               0x08000257   Thumb Code     0  libinit2.o(.ARM.Collect$$libinit$$00000011)
    __rt_lib_init_lc_ctype_1                 0x08000257   Thumb Code     0  libinit2.o(.ARM.Collect$$libinit$$00000013)
    __rt_lib_init_lc_monetary_1              0x08000257   Thumb Code     0  libinit2.o(.ARM.Collect$$libinit$$00000015)
    __rt_lib_init_lc_numeric_1               0x08000257   Thumb Code     0  libinit2.o(.ARM.Collect$$libinit$$00000017)
    __rt_lib_init_lc_time_1                  0x08000257   Thumb Code     0  libinit2.o(.ARM.Collect$$libinit$$00000019)
    __rt_lib_init_preinit_1                  0x08000257   Thumb Code     0  libinit2.o(.ARM.Collect$$libinit$$00000004)
    __rt_lib_init_rand_1                     0x08000257   Thumb Code     0  libinit2.o(.ARM.Collect$$libinit$$0000000E)
    __rt_lib_init_return                     0x08000257   Thumb Code     0  libinit2.o(.ARM.Collect$$libinit$$00000033)
    __rt_lib_init_signal_1                   0x08000257   Thumb Code     0  libinit2.o(.ARM.Collect$$libinit$$0000001D)
    __rt_lib_init_stdio_1                    0x08000257   Thumb Code     0  libinit2.o(.ARM.Collect$$libinit$$00000025)
    __rt_lib_init_user_alloc_1               0x08000257   Thumb Code     0  libinit2.o(.ARM.Collect$$libinit$$0000000C)
    __rt_lib_shutdown                        0x08000259   Thumb Code     0  libshutdown.o(.ARM.Collect$$libshutdown$$00000000)
    __rt_lib_shutdown_cpp_1                  0x0800025b   Thumb Code     0  libshutdown2.o(.ARM.Collect$$libshutdown$$00000004)
    __rt_lib_shutdown_fini_1                 0x0800025b   Thumb Code     0  libshutdown2.o(.ARM.Collect$$libshutdown$$00000002)
    __rt_lib_shutdown_fp_trap_1              0x0800025b   Thumb Code     0  libshutdown2.o(.ARM.Collect$$libshutdown$$00000009)
    __rt_lib_shutdown_heap_1                 0x0800025b   Thumb Code     0  libshutdown2.o(.ARM.Collect$$libshutdown$$00000011)
    __rt_lib_shutdown_return                 0x0800025b   Thumb Code     0  libshutdown2.o(.ARM.Collect$$libshutdown$$00000012)
    __rt_lib_shutdown_signal_1               0x0800025b   Thumb Code     0  libshutdown2.o(.ARM.Collect$$libshutdown$$0000000C)
    __rt_lib_shutdown_stdio_1                0x0800025b   Thumb Code     0  libshutdown2.o(.ARM.Collect$$libshutdown$$00000006)
    __rt_lib_shutdown_user_alloc_1           0x0800025b   Thumb Code     0  libshutdown2.o(.ARM.Collect$$libshutdown$$0000000E)
    __rt_entry                               0x0800025d   Thumb Code     0  __rtentry.o(.ARM.Collect$$rtentry$$00000000)
    __rt_entry_presh_1                       0x0800025d   Thumb Code     0  __rtentry2.o(.ARM.Collect$$rtentry$$00000002)
    __rt_entry_sh                            0x0800025d   Thumb Code     0  __rtentry4.o(.ARM.Collect$$rtentry$$00000004)
    __rt_entry_li                            0x08000263   Thumb Code     0  __rtentry2.o(.ARM.Collect$$rtentry$$0000000A)
    __rt_entry_postsh_1                      0x08000263   Thumb Code     0  __rtentry2.o(.ARM.Collect$$rtentry$$00000009)
    __rt_entry_main                          0x08000267   Thumb Code     0  __rtentry2.o(.ARM.Collect$$rtentry$$0000000D)
    __rt_entry_postli_1                      0x08000267   Thumb Code     0  __rtentry2.o(.ARM.Collect$$rtentry$$0000000C)
    __rt_exit                                0x0800026f   Thumb Code     0  rtexit.o(.ARM.Collect$$rtexit$$00000000)
    __rt_exit_ls                             0x08000271   Thumb Code     0  rtexit2.o(.ARM.Collect$$rtexit$$00000003)
    __rt_exit_prels_1                        0x08000271   Thumb Code     0  rtexit2.o(.ARM.Collect$$rtexit$$00000002)
    __rt_exit_exit                           0x08000275   Thumb Code     0  rtexit2.o(.ARM.Collect$$rtexit$$00000004)
    Reset_Handler                            0x0800027d   Thumb Code     8  startup_at32m412_416.o(.text)
    CAN1_STAT_IRQHandler                     0x08000297   Thumb Code     0  startup_at32m412_416.o(.text)
    CAN1_TX_IRQHandler                       0x08000297   Thumb Code     0  startup_at32m412_416.o(.text)
    CMP2_1_IRQHandler                        0x08000297   Thumb Code     0  startup_at32m412_416.o(.text)
    CRM_IRQHandler                           0x08000297   Thumb Code     0  startup_at32m412_416.o(.text)
    DMA1_Channel1_IRQHandler                 0x08000297   Thumb Code     0  startup_at32m412_416.o(.text)
    DMA1_Channel2_IRQHandler                 0x08000297   Thumb Code     0  startup_at32m412_416.o(.text)
    DMA1_Channel3_IRQHandler                 0x08000297   Thumb Code     0  startup_at32m412_416.o(.text)
    DMA1_Channel4_IRQHandler                 0x08000297   Thumb Code     0  startup_at32m412_416.o(.text)
    DMA1_Channel5_IRQHandler                 0x08000297   Thumb Code     0  startup_at32m412_416.o(.text)
    DMA1_Channel6_IRQHandler                 0x08000297   Thumb Code     0  startup_at32m412_416.o(.text)
    DMA1_Channel7_IRQHandler                 0x08000297   Thumb Code     0  startup_at32m412_416.o(.text)
    DMAMUX_IRQHandler                        0x08000297   Thumb Code     0  startup_at32m412_416.o(.text)
    ERTCAlarm_IRQHandler                     0x08000297   Thumb Code     0  startup_at32m412_416.o(.text)
    ERTC_WKUP_IRQHandler                     0x08000297   Thumb Code     0  startup_at32m412_416.o(.text)
    EXINT0_IRQHandler                        0x08000297   Thumb Code     0  startup_at32m412_416.o(.text)
    EXINT15_10_IRQHandler                    0x08000297   Thumb Code     0  startup_at32m412_416.o(.text)
    EXINT1_IRQHandler                        0x08000297   Thumb Code     0  startup_at32m412_416.o(.text)
    EXINT2_IRQHandler                        0x08000297   Thumb Code     0  startup_at32m412_416.o(.text)
    EXINT3_IRQHandler                        0x08000297   Thumb Code     0  startup_at32m412_416.o(.text)
    EXINT4_IRQHandler                        0x08000297   Thumb Code     0  startup_at32m412_416.o(.text)
    EXINT9_5_IRQHandler                      0x08000297   Thumb Code     0  startup_at32m412_416.o(.text)
    FLASH_IRQHandler                         0x08000297   Thumb Code     0  startup_at32m412_416.o(.text)
    FPU_IRQHandler                           0x08000297   Thumb Code     0  startup_at32m412_416.o(.text)
    I2C1_ERR_IRQHandler                      0x08000297   Thumb Code     0  startup_at32m412_416.o(.text)
    I2C1_EVT_IRQHandler                      0x08000297   Thumb Code     0  startup_at32m412_416.o(.text)
    I2C2_ERR_IRQHandler                      0x08000297   Thumb Code     0  startup_at32m412_416.o(.text)
    I2C2_EVT_IRQHandler                      0x08000297   Thumb Code     0  startup_at32m412_416.o(.text)
    PVM_IRQHandler                           0x08000297   Thumb Code     0  startup_at32m412_416.o(.text)
    SPI1_IRQHandler                          0x08000297   Thumb Code     0  startup_at32m412_416.o(.text)
    SPI2_IRQHandler                          0x08000297   Thumb Code     0  startup_at32m412_416.o(.text)
    TAMP_STAMP_IRQHandler                    0x08000297   Thumb Code     0  startup_at32m412_416.o(.text)
    TMR1_BRK_TMR9_IRQHandler                 0x08000297   Thumb Code     0  startup_at32m412_416.o(.text)
    TMR1_CH_IRQHandler                       0x08000297   Thumb Code     0  startup_at32m412_416.o(.text)
    TMR1_OVF_TMR10_IRQHandler                0x08000297   Thumb Code     0  startup_at32m412_416.o(.text)
    TMR1_TRG_HALL_TMR11_IRQHandler           0x08000297   Thumb Code     0  startup_at32m412_416.o(.text)
    TMR3_GLOBAL_IRQHandler                   0x08000297   Thumb Code     0  startup_at32m412_416.o(.text)
    TMR4_GLOBAL_IRQHandler                   0x08000297   Thumb Code     0  startup_at32m412_416.o(.text)
    TMR6_DAC_GLOBAL_IRQHandler               0x08000297   Thumb Code     0  startup_at32m412_416.o(.text)
    USART1_IRQHandler                        0x08000297   Thumb Code     0  startup_at32m412_416.o(.text)
    USART2_IRQHandler                        0x08000297   Thumb Code     0  startup_at32m412_416.o(.text)
    WWDT_IRQHandler                          0x08000297   Thumb Code     0  startup_at32m412_416.o(.text)
    __user_initial_stackheap                 0x08000299   Thumb Code     0  startup_at32m412_416.o(.text)
    __aeabi_uldivmod                         0x080002bd   Thumb Code     0  lludivv7m.o(.text)
    _ll_udiv                                 0x080002bd   Thumb Code   238  lludivv7m.o(.text)
    __aeabi_memcpy                           0x080003ab   Thumb Code     0  rt_memcpy_v6.o(.text)
    __rt_memcpy                              0x080003ab   Thumb Code   138  rt_memcpy_v6.o(.text)
    _memcpy_lastbytes                        0x08000411   Thumb Code     0  rt_memcpy_v6.o(.text)
    __aeabi_memcpy4                          0x08000435   Thumb Code     0  rt_memcpy_w.o(.text)
    __aeabi_memcpy8                          0x08000435   Thumb Code     0  rt_memcpy_w.o(.text)
    __rt_memcpy_w                            0x08000435   Thumb Code   100  rt_memcpy_w.o(.text)
    _memcpy_lastbytes_aligned                0x0800047d   Thumb Code     0  rt_memcpy_w.o(.text)
    __aeabi_memclr4                          0x08000499   Thumb Code     0  rt_memclr_w.o(.text)
    __aeabi_memclr8                          0x08000499   Thumb Code     0  rt_memclr_w.o(.text)
    __rt_memclr_w                            0x08000499   Thumb Code    78  rt_memclr_w.o(.text)
    _memset_w                                0x0800049d   Thumb Code     0  rt_memclr_w.o(.text)
    __use_two_region_memory                  0x080004e7   Thumb Code     2  heapauxi.o(.text)
    __rt_heap_escrow$2region                 0x080004e9   Thumb Code     2  heapauxi.o(.text)
    __rt_heap_expand$2region                 0x080004eb   Thumb Code     2  heapauxi.o(.text)
    __read_errno                             0x080004ed   Thumb Code    10  _rserrno.o(.text)
    __set_errno                              0x080004f7   Thumb Code    12  _rserrno.o(.text)
    __aeabi_errno_addr                       0x08000505   Thumb Code     8  rt_errno_addr_intlibspace.o(.text)
    __errno$intlibspace                      0x08000505   Thumb Code     0  rt_errno_addr_intlibspace.o(.text)
    __rt_errno_addr$intlibspace              0x08000505   Thumb Code     0  rt_errno_addr_intlibspace.o(.text)
    __user_libspace                          0x0800050d   Thumb Code     8  libspace.o(.text)
    __user_perproc_libspace                  0x0800050d   Thumb Code     0  libspace.o(.text)
    __user_perthread_libspace                0x0800050d   Thumb Code     0  libspace.o(.text)
    __user_setup_stackheap                   0x08000515   Thumb Code    74  sys_stackheap_outer.o(.text)
    exit                                     0x0800055f   Thumb Code    18  exit.o(.text)
    _sys_exit                                0x08000571   Thumb Code     8  sys_exit.o(.text)
    __I$use$semihosting                      0x0800057d   Thumb Code     0  use_no_semi.o(.text)
    __use_no_semihosting_swi                 0x0800057d   Thumb Code     2  use_no_semi.o(.text)
    __semihosting_library_function           0x0800057f   Thumb Code     0  indicate_semi.o(.text)
    ADC1_2_IRQHandler                        0x08000581   Thumb Code    28  at32m412_416_int.o(i.ADC1_2_IRQHandler)
    BusFault_Handler                         0x080005a1   Thumb Code     4  at32m412_416_int.o(i.BusFault_Handler)
    CAN1_ERR_IRQHandler                      0x080005a5   Thumb Code    66  at32m412_416_int.o(i.CAN1_ERR_IRQHandler)
    CAN1_RX_IRQHandler                       0x080005ed   Thumb Code    88  at32m412_416_int.o(i.CAN1_RX_IRQHandler)
    DebugMon_Handler                         0x08000649   Thumb Code     2  at32m412_416_int.o(i.DebugMon_Handler)
    HardFault_Handler                        0x0800064b   Thumb Code     4  at32m412_416_int.o(i.HardFault_Handler)
    KTH71_ReadAngle                          0x08000685   Thumb Code    50  kth71xx.o(i.KTH71_ReadAngle)
    MP6540_AsGateDriver                      0x08000705   Thumb Code    16  mp6540.o(i.MP6540_AsGateDriver)
    MP6540_EnterInactiveState                0x0800071d   Thumb Code    26  mp6540.o(i.MP6540_EnterInactiveState)
    MP6540_EnterSleep                        0x08000737   Thumb Code    40  mp6540.o(i.MP6540_EnterSleep)
    MP6540_ExitInactiveState                 0x0800075f   Thumb Code    20  mp6540.o(i.MP6540_ExitInactiveState)
    MP6540_ExitSleep                         0x08000773   Thumb Code    38  mp6540.o(i.MP6540_ExitSleep)
    MP6540_HW_DelayMs                        0x08000799   Thumb Code    12  mp6540.o(i.MP6540_HW_DelayMs)
    MP6540_HW_GPIO_Set                       0x080007a5   Thumb Code    36  mp6540.o(i.MP6540_HW_GPIO_Set)
    MP6540_Init                              0x080007c9   Thumb Code    24  mp6540.o(i.MP6540_Init)
    MP6540_SetAllPhaseEn                     0x080007e1   Thumb Code    38  mp6540.o(i.MP6540_SetAllPhaseEn)
    MP6540_SetPhaseEn                        0x08000807   Thumb Code    60  mp6540.o(i.MP6540_SetPhaseEn)
    MemManage_Handler                        0x08000843   Thumb Code     4  at32m412_416_int.o(i.MemManage_Handler)
    NMI_Handler                              0x08000847   Thumb Code     2  at32m412_416_int.o(i.NMI_Handler)
    PendSV_Handler                           0x08000889   Thumb Code     2  at32m412_416_int.o(i.PendSV_Handler)
    SVC_Handler                              0x0800088b   Thumb Code     2  at32m412_416_int.o(i.SVC_Handler)
    SysTick_Handler                          0x0800088d   Thumb Code     8  at32m412_416_int.o(i.SysTick_Handler)
    SystemInit                               0x08000895   Thumb Code   132  system_at32m412_416.o(i.SystemInit)
    TMR7_GLOBAL_IRQHandler                   0x08000929   Thumb Code     2  at32m412_416_int.o(i.TMR7_GLOBAL_IRQHandler)
    UsageFault_Handler                       0x0800092b   Thumb Code     4  at32m412_416_int.o(i.UsageFault_Handler)
    __ARM_fpclassifyf                        0x0800092f   Thumb Code    38  fpclassifyf.o(i.__ARM_fpclassifyf)
    __hardfp_cosf                            0x0800098d   Thumb Code   280  cosf.o(i.__hardfp_cosf)
    __hardfp_fmodf                           0x08000add   Thumb Code   176  fmodf.o(i.__hardfp_fmodf)
    __hardfp_sinf                            0x08000b8d   Thumb Code   344  sinf.o(i.__hardfp_sinf)
    __hardfp_sqrtf                           0x08000d1d   Thumb Code    58  sqrtf.o(i.__hardfp_sqrtf)
    __mathlib_flt_infnan                     0x08000d57   Thumb Code     6  funder.o(i.__mathlib_flt_infnan)
    __mathlib_flt_invalid                    0x08000d5d   Thumb Code    10  funder.o(i.__mathlib_flt_invalid)
    __mathlib_flt_underflow                  0x08000d6d   Thumb Code    10  funder.o(i.__mathlib_flt_underflow)
    __mathlib_rredf2                         0x08000d7d   Thumb Code   316  rredf.o(i.__mathlib_rredf2)
    adc_base_config                          0x08000ed1   Thumb Code    44  at32m412_416_adc.o(i.adc_base_config)
    adc_base_default_para_init               0x08000efd   Thumb Code    14  at32m412_416_adc.o(i.adc_base_default_para_init)
    adc_calibration_init                     0x08000f0b   Thumb Code    12  at32m412_416_adc.o(i.adc_calibration_init)
    adc_calibration_init_status_get          0x08000f17   Thumb Code    18  at32m412_416_adc.o(i.adc_calibration_init_status_get)
    adc_calibration_start                    0x08000f29   Thumb Code    12  at32m412_416_adc.o(i.adc_calibration_start)
    adc_calibration_status_get               0x08000f35   Thumb Code    18  at32m412_416_adc.o(i.adc_calibration_status_get)
    adc_common_config                        0x08000f49   Thumb Code   138  at32m412_416_adc.o(i.adc_common_config)
    adc_common_default_para_init             0x08000fdd   Thumb Code    16  at32m412_416_adc.o(i.adc_common_default_para_init)
    adc_enable                               0x08000fed   Thumb Code    10  at32m412_416_adc.o(i.adc_enable)
    adc_flag_clear                           0x08000ff7   Thumb Code     6  at32m412_416_adc.o(i.adc_flag_clear)
    adc_flag_get                             0x08000ffd   Thumb Code    16  at32m412_416_adc.o(i.adc_flag_get)
    adc_interrupt_enable                     0x0800100d   Thumb Code    22  at32m412_416_adc.o(i.adc_interrupt_enable)
    adc_interrupt_flag_get                   0x08001023   Thumb Code   136  at32m412_416_adc.o(i.adc_interrupt_flag_get)
    adc_preempt_channel_length_set           0x080010ab   Thumb Code    12  at32m412_416_adc.o(i.adc_preempt_channel_length_set)
    adc_preempt_channel_set                  0x080010b7   Thumb Code   362  at32m412_416_adc.o(i.adc_preempt_channel_set)
    adc_preempt_conversion_data_get          0x08001221   Thumb Code    50  at32m412_416_adc.o(i.adc_preempt_conversion_data_get)
    adc_preempt_conversion_trigger_set       0x08001253   Thumb Code    52  at32m412_416_adc.o(i.adc_preempt_conversion_trigger_set)
    adc_preempt_offset_value_set             0x08001287   Thumb Code    62  at32m412_416_adc.o(i.adc_preempt_offset_value_set)
    adc_reset                                0x080012c5   Thumb Code    20  at32m412_416_adc.o(i.adc_reset)
    adc_resolution_set                       0x080012dd   Thumb Code    10  at32m412_416_adc.o(i.adc_resolution_set)
    board_current_loop_irq_handler           0x080012fd   Thumb Code    18  board_at32_1.o(i.board_current_loop_irq_handler)
    board_get_phase_current                  0x08001315   Thumb Code    64  board_at32_1.o(i.board_get_phase_current)
    board_init                               0x08001359   Thumb Code    10  board.o(i.board_init)
    can_bittime_default_para_init            0x08001363   Thumb Code    30  at32m412_416_can.o(i.can_bittime_default_para_init)
    can_bittime_set                          0x08001381   Thumb Code    96  at32m412_416_can.o(i.can_bittime_set)
    can_error_warning_set                    0x080013e1   Thumb Code    10  at32m412_416_can.o(i.can_error_warning_set)
    can_fd_iso_mode_enable                   0x080013eb   Thumb Code    10  at32m412_416_can.o(i.can_fd_iso_mode_enable)
    can_filter_default_para_init             0x080013f5   Thumb Code    44  at32m412_416_can.o(i.can_filter_default_para_init)
    can_filter_enable                        0x08001421   Thumb Code    44  at32m412_416_can.o(i.can_filter_enable)
    can_filter_set                           0x0800144d   Thumb Code   254  at32m412_416_can.o(i.can_filter_set)
    can_flag_clear                           0x0800154b   Thumb Code     4  at32m412_416_can.o(i.can_flag_clear)
    can_interrupt_enable                     0x0800154f   Thumb Code    26  at32m412_416_can.o(i.can_interrupt_enable)
    can_interrupt_flag_get                   0x08001569   Thumb Code    22  at32m412_416_can.o(i.can_interrupt_flag_get)
    can_mode_set                             0x0800157f   Thumb Code   294  at32m412_416_can.o(i.can_mode_set)
    can_rearbitration_limit_set              0x080016a5   Thumb Code    10  at32m412_416_can.o(i.can_rearbitration_limit_set)
    can_receive_all_enable                   0x080016af   Thumb Code    10  at32m412_416_can.o(i.can_receive_all_enable)
    can_restricted_operation_enable          0x080016b9   Thumb Code    10  at32m412_416_can.o(i.can_restricted_operation_enable)
    can_retransmission_limit_set             0x080016c3   Thumb Code    10  at32m412_416_can.o(i.can_retransmission_limit_set)
    can_rxbuf_overflow_mode_set              0x080016cd   Thumb Code    10  at32m412_416_can.o(i.can_rxbuf_overflow_mode_set)
    can_rxbuf_read                           0x080016d9   Thumb Code   282  at32m412_416_can.o(i.can_rxbuf_read)
    can_rxbuf_warning_set                    0x080017f9   Thumb Code    10  at32m412_416_can.o(i.can_rxbuf_warning_set)
    can_software_reset                       0x08001803   Thumb Code    10  at32m412_416_can.o(i.can_software_reset)
    can_stb_transmit_mode_set                0x0800180d   Thumb Code    10  at32m412_416_can.o(i.can_stb_transmit_mode_set)
    crm_ahb_div_set                          0x08001819   Thumb Code    30  at32m412_416_crm.o(i.crm_ahb_div_set)
    crm_apb1_div_set                         0x0800183d   Thumb Code    14  at32m412_416_crm.o(i.crm_apb1_div_set)
    crm_apb2_div_set                         0x08001851   Thumb Code    14  at32m412_416_crm.o(i.crm_apb2_div_set)
    crm_apb3_div_set                         0x08001865   Thumb Code    14  at32m412_416_crm.o(i.crm_apb3_div_set)
    crm_auto_step_mode_enable                0x08001879   Thumb Code    34  at32m412_416_crm.o(i.crm_auto_step_mode_enable)
    crm_can_clock_select                     0x080018a1   Thumb Code    20  at32m412_416_crm.o(i.crm_can_clock_select)
    crm_clock_source_enable                  0x080018b9   Thumb Code    98  at32m412_416_crm.o(i.crm_clock_source_enable)
    crm_clocks_freq_get                      0x08001921   Thumb Code   272  at32m412_416_crm.o(i.crm_clocks_freq_get)
    crm_flag_get                             0x08001a4d   Thumb Code    44  at32m412_416_crm.o(i.crm_flag_get)
    crm_periph_clock_enable                  0x08001a7d   Thumb Code    70  at32m412_416_crm.o(i.crm_periph_clock_enable)
    crm_periph_reset                         0x08001ac9   Thumb Code    70  at32m412_416_crm.o(i.crm_periph_reset)
    crm_pll_config                           0x08001b15   Thumb Code    46  at32m412_416_crm.o(i.crm_pll_config)
    crm_reset                                0x08001b49   Thumb Code   124  at32m412_416_crm.o(i.crm_reset)
    crm_sysclk_switch                        0x08001bd1   Thumb Code    30  at32m412_416_crm.o(i.crm_sysclk_switch)
    crm_sysclk_switch_status_get             0x08001bf5   Thumb Code    10  at32m412_416_crm.o(i.crm_sysclk_switch_status_get)
    current_hw_init                          0x08001c05   Thumb Code    16  board_at32_1.o(i.current_hw_init)
    current_sense_calibrate_blocking         0x08001ce9   Thumb Code   108  current_sense.o(i.current_sense_calibrate_blocking)
    current_sense_init                       0x08001d55   Thumb Code    44  current_sense.o(i.current_sense_init)
    current_sense_process_sample             0x08001e39   Thumb Code    18  current_sense.o(i.current_sense_process_sample)
    delay_us                                 0x08001e4b   Thumb Code    12  kth71xx.o(i.delay_us)
    dma_channel_enable                       0x08001e57   Thumb Code    10  at32m412_416_dma.o(i.dma_channel_enable)
    dma_default_para_init                    0x08001e61   Thumb Code    24  at32m412_416_dma.o(i.dma_default_para_init)
    dma_init                                 0x08001e79   Thumb Code    94  at32m412_416_dma.o(i.dma_init)
    dma_reset                                0x08001ed9   Thumb Code    50  at32m412_416_dma.o(i.dma_reset)
    dmamux_enable                            0x08001f11   Thumb Code    14  at32m412_416_dma.o(i.dmamux_enable)
    dmamux_init                              0x08001f1f   Thumb Code    10  at32m412_416_dma.o(i.dmamux_init)
    dwt_blocking_delay_ms                    0x08001f29   Thumb Code    18  dwt_profile_delay.o(i.dwt_blocking_delay_ms)
    dwt_blocking_delay_us                    0x08001f3d   Thumb Code    82  dwt_profile_delay.o(i.dwt_blocking_delay_us)
    dwt_get_ticks                            0x08001f99   Thumb Code     6  dwt_profile_delay.o(i.dwt_get_ticks)
    dwt_get_ticks_us                         0x08001fa5   Thumb Code    34  dwt_profile_delay.o(i.dwt_get_ticks_us)
    dwt_init                                 0x08001fcd   Thumb Code    80  dwt_profile_delay.o(i.dwt_init)
    eeprom_read                              0x08002031   Thumb Code    46  eeprom.o(i.eeprom_read)
    eeprom_write                             0x080020cd   Thumb Code    90  eeprom.o(i.eeprom_write)
    flash_erase                              0x08002137   Thumb Code    80  flash.o(i.flash_erase)
    flash_halfword_program                   0x080021d1   Thumb Code    50  at32m412_416_flash.o(i.flash_halfword_program)
    flash_lock                               0x08002209   Thumb Code    16  at32m412_416_flash.o(i.flash_lock)
    flash_operation_status_get               0x0800221d   Thumb Code    48  at32m412_416_flash.o(i.flash_operation_status_get)
    flash_operation_wait_for                 0x08002251   Thumb Code    36  at32m412_416_flash.o(i.flash_operation_wait_for)
    flash_read                               0x08002275   Thumb Code    30  flash.o(i.flash_read)
    flash_sector_erase                       0x08002295   Thumb Code    60  at32m412_416_flash.o(i.flash_sector_erase)
    flash_unlock                             0x08002385   Thumb Code    12  at32m412_416_flash.o(i.flash_unlock)
    flash_write                              0x0800239d   Thumb Code   116  flash.o(i.flash_write)
    foc_align_electrical                     0x08002411   Thumb Code    58  foc_1.o(i.foc_align_electrical)
    foc_control_loop                         0x08002459   Thumb Code    16  foc_1.o(i.foc_control_loop)
    foc_get_motor_angle                      0x08002469   Thumb Code   308  foc_motor.o(i.foc_get_motor_angle)
    foc_get_motor_current                    0x080025b5   Thumb Code   246  foc_motor.o(i.foc_get_motor_current)
    foc_init                                 0x080026c1   Thumb Code   358  foc_1.o(i.foc_init)
    foc_motor_run                            0x0800283d   Thumb Code    78  foc_1.o(i.foc_motor_run)
    foc_next_state                           0x08002891   Thumb Code    16  foc_1.o(i.foc_next_state)
    foc_pid_init                             0x080028bd   Thumb Code    88  foc_pid.o(i.foc_pid_init)
    foc_speed_open_control                   0x08002919   Thumb Code   226  foc_1.o(i.foc_speed_open_control)
    foc_state_machine_loop                   0x08002a21   Thumb Code   104  foc_1.o(i.foc_state_machine_loop)
    foc_update                               0x08002a8d   Thumb Code    10  foc_1.o(i.foc_update)
    foc_voltage                              0x08002a9d   Thumb Code   372  foc_1.o(i.foc_voltage)
    gate_driver_get_active                   0x08002c29   Thumb Code     6  gate_driver.o(i.gate_driver_get_active)
    gate_driver_init                         0x08002c35   Thumb Code    76  gate_driver.o(i.gate_driver_init)
    gate_driver_set_active                   0x08002c85   Thumb Code     6  gate_driver.o(i.gate_driver_set_active)
    gpio_bits_reset                          0x08002c91   Thumb Code     4  at32m412_416_gpio.o(i.gpio_bits_reset)
    gpio_bits_set                            0x08002c95   Thumb Code     4  at32m412_416_gpio.o(i.gpio_bits_set)
    gpio_default_para_init                   0x08002c99   Thumb Code    20  at32m412_416_gpio.o(i.gpio_default_para_init)
    gpio_init                                0x08002cad   Thumb Code   122  at32m412_416_gpio.o(i.gpio_init)
    gpio_input_data_bit_read                 0x08002d27   Thumb Code    18  at32m412_416_gpio.o(i.gpio_input_data_bit_read)
    gpio_pin_mux_config                      0x08002d39   Thumb Code    60  at32m412_416_gpio.o(i.gpio_pin_mux_config)
    lpf1_init                                0x08002dc1   Thumb Code   110  foc_filter.o(i.lpf1_init)
    lpf1_update                              0x08002e39   Thumb Code    50  foc_filter.o(i.lpf1_update)
    main                                     0x08002e71   Thumb Code   192  main.o(i.main)
    motor_config_clear_storage               0x080030b9   Thumb Code    20  motor_config.o(i.motor_config_clear_storage)
    motor_config_init                        0x080030e9   Thumb Code    24  motor_config.o(i.motor_config_init)
    motor_config_load                        0x08003101   Thumb Code    76  motor_config.o(i.motor_config_load)
    motor_config_register_storage            0x08003155   Thumb Code    46  motor_config.o(i.motor_config_register_storage)
    motor_config_register_storage_ops_by_mode 0x0800318d   Thumb Code   174  motor_config_storage_ops.o(i.motor_config_register_storage_ops_by_mode)
    motor_config_save                        0x0800324d   Thumb Code   106  motor_config.o(i.motor_config_save)
    motor_config_set_defaults                0x080032c1   Thumb Code   340  motor_config.o(i.motor_config_set_defaults)
    motor_fault_is_latched                   0x08003439   Thumb Code    20  foc_fault.o(i.motor_fault_is_latched)
    motor_fault_protect                      0x0800344d   Thumb Code   874  foc_fault.o(i.motor_fault_protect)
    motor_fault_raise                        0x080037c5   Thumb Code    34  foc_fault.o(i.motor_fault_raise)
    nvic_irq_enable                          0x08003801   Thumb Code   190  at32m412_416_misc.o(i.nvic_irq_enable)
    nvic_priority_group_config               0x080038c9   Thumb Code    32  at32m412_416_misc.o(i.nvic_priority_group_config)
    nvic_vector_table_set                    0x080038f1   Thumb Code    12  at32m412_416_misc.o(i.nvic_vector_table_set)
    pwm_hw_stop                              0x08003905   Thumb Code    36  board_at32_1.o(i.pwm_hw_stop)
    set_pwm                                  0x0800392d   Thumb Code   116  board_at32_1.o(i.set_pwm)
    spi_3wire_receive_byte                   0x080039a9   Thumb Code   114  kth71xx.o(i.spi_3wire_receive_byte)
    spi_3wire_send_byte                      0x08003a21   Thumb Code   160  kth71xx.o(i.spi_3wire_send_byte)
    spi_default_para_init                    0x08003ac5   Thumb Code    22  at32m412_416_spi.o(i.spi_default_para_init)
    spi_enable                               0x08003adb   Thumb Code    10  at32m412_416_spi.o(i.spi_enable)
    spi_init                                 0x08003ae5   Thumb Code   344  at32m412_416_spi.o(i.spi_init)
    system_core_clock_update                 0x08003c9d   Thumb Code   248  system_at32m412_416.o(i.system_core_clock_update)
    systick_clock_source_config              0x08003dad   Thumb Code    40  at32m412_416_misc.o(i.systick_clock_source_config)
    tmr_base_init                            0x08003dd5   Thumb Code    16  at32m412_416_tmr.o(i.tmr_base_init)
    tmr_brk2_config                          0x08003de5   Thumb Code    32  at32m412_416_tmr.o(i.tmr_brk2_config)
    tmr_brk_filter_value_set                 0x08003e05   Thumb Code    10  at32m412_416_tmr.o(i.tmr_brk_filter_value_set)
    tmr_brkdt_config                         0x08003e0f   Thumb Code    72  at32m412_416_tmr.o(i.tmr_brkdt_config)
    tmr_channel_enable                       0x08003e57   Thumb Code   128  at32m412_416_tmr.o(i.tmr_channel_enable)
    tmr_channel_value_set                    0x08003ed7   Thumb Code    86  at32m412_416_tmr.o(i.tmr_channel_value_set)
    tmr_clock_source_div_set                 0x08003f2d   Thumb Code    10  at32m412_416_tmr.o(i.tmr_clock_source_div_set)
    tmr_cnt_dir_set                          0x08003f37   Thumb Code    10  at32m412_416_tmr.o(i.tmr_cnt_dir_set)
    tmr_counter_enable                       0x08003f41   Thumb Code    10  at32m412_416_tmr.o(i.tmr_counter_enable)
    tmr_output_channel_buffer_enable         0x08003f4b   Thumb Code    88  at32m412_416_tmr.o(i.tmr_output_channel_buffer_enable)
    tmr_output_channel_config                0x08003fa3   Thumb Code   506  at32m412_416_tmr.o(i.tmr_output_channel_config)
    tmr_output_channel_immediately_set       0x0800419d   Thumb Code    88  at32m412_416_tmr.o(i.tmr_output_channel_immediately_set)
    tmr_output_enable                        0x080041f5   Thumb Code    10  at32m412_416_tmr.o(i.tmr_output_enable)
    tmr_period_buffer_enable                 0x080041ff   Thumb Code    10  at32m412_416_tmr.o(i.tmr_period_buffer_enable)
    tmr_primary_mode2_select                 0x08004209   Thumb Code    10  at32m412_416_tmr.o(i.tmr_primary_mode2_select)
    tmr_primary_mode_select                  0x08004213   Thumb Code    14  at32m412_416_tmr.o(i.tmr_primary_mode_select)
    tmr_repetition_counter_set               0x08004221   Thumb Code    34  at32m412_416_tmr.o(i.tmr_repetition_counter_set)
    tmr_sub_sync_mode_set                    0x08004255   Thumb Code    10  at32m412_416_tmr.o(i.tmr_sub_sync_mode_set)
    usart_dma_transmitter_enable             0x0800425f   Thumb Code    10  at32m412_416_usart.o(i.usart_dma_transmitter_enable)
    usart_enable                             0x08004269   Thumb Code    10  at32m412_416_usart.o(i.usart_enable)
    usart_hardware_flow_control_set          0x08004273   Thumb Code   102  at32m412_416_usart.o(i.usart_hardware_flow_control_set)
    usart_init                               0x080042d9   Thumb Code   156  at32m412_416_usart.o(i.usart_init)
    usart_parity_selection_config            0x08004379   Thumb Code    76  at32m412_416_usart.o(i.usart_parity_selection_config)
    usart_receiver_enable                    0x080043c5   Thumb Code    10  at32m412_416_usart.o(i.usart_receiver_enable)
    usart_transmitter_enable                 0x080043cf   Thumb Code    10  at32m412_416_usart.o(i.usart_transmitter_enable)
    wk_adc1_init                             0x080043d9   Thumb Code   192  wk_adc.o(i.wk_adc1_init)
    wk_adc2_init                             0x080044a1   Thumb Code   300  wk_adc.o(i.wk_adc2_init)
    wk_adc_common_init                       0x080045d9   Thumb Code    52  wk_adc.o(i.wk_adc_common_init)
    wk_can1_init                             0x0800460d   Thumb Code   530  wk_can.o(i.wk_can1_init)
    wk_dma1_channel1_init                    0x08004829   Thumb Code    84  wk_dma.o(i.wk_dma1_channel1_init)
    wk_dma1_channel3_init                    0x08004881   Thumb Code    84  wk_dma.o(i.wk_dma1_channel3_init)
    wk_dma_channel_config                    0x080048d9   Thumb Code     8  wk_dma.o(i.wk_dma_channel_config)
    wk_gpio_config                           0x080048e1   Thumb Code   138  wk_gpio.o(i.wk_gpio_config)
    wk_nvic_config                           0x08004975   Thumb Code   232  at32m412_416_wk_config.o(i.wk_nvic_config)
    wk_periph_clock_config                   0x08004a5d   Thumb Code   128  at32m412_416_wk_config.o(i.wk_periph_clock_config)
    wk_spi2_init                             0x08004ae9   Thumb Code   166  wk_spi.o(i.wk_spi2_init)
    wk_system_clock_config                   0x08004b99   Thumb Code   166  at32m412_416_wk_config.o(i.wk_system_clock_config)
    wk_timebase_handler                      0x08004c51   Thumb Code     8  wk_system.o(i.wk_timebase_handler)
    wk_timebase_increase                     0x08004c59   Thumb Code    12  wk_system.o(i.wk_timebase_increase)
    wk_timebase_init                         0x08004c69   Thumb Code    52  wk_system.o(i.wk_timebase_init)
    wk_tmr1_init                             0x08004c9d   Thumb Code   602  wk_tmr.o(i.wk_tmr1_init)
    wk_tmr6_init                             0x08004f01   Thumb Code    48  wk_tmr.o(i.wk_tmr6_init)
    wk_tmr7_init                             0x08004f35   Thumb Code    48  wk_tmr.o(i.wk_tmr7_init)
    wk_usart1_init                           0x08004f69   Thumb Code   162  wk_usart.o(i.wk_usart1_init)
    __fpl_fnaninf                            0x08005015   Thumb Code   140  fnaninf.o(x$fpl$fnaninf)
    _fp_init                                 0x080050a1   Thumb Code    10  fpinit.o(x$fpl$fpinit)
    __fplib_config_fpu_vfp                   0x080050a9   Thumb Code     0  fpinit.o(x$fpl$fpinit)
    __fplib_config_pureend_doubles           0x080050a9   Thumb Code     0  fpinit.o(x$fpl$fpinit)
    _frem                                    0x080050ad   Thumb Code   240  frem_clz.o(x$fpl$frem)
    __I$use$fp                               0x080051a0   Number         0  usenofp.o(x$fpl$usenofp)
    Region$$Table$$Base                      0x080052ac   Number         0  anon$$obj.o(Region$$Table)
    Region$$Table$$Limit                     0x080052cc   Number         0  anon$$obj.o(Region$$Table)
    timebase_ticks                           0x20000000   Data           4  wk_system.o(.data)
    system_core_clock                        0x20000004   Data           4  system_at32m412_416.o(.data)
    pwm_compare_top                          0x20000008   Data           2  board_at32_1.o(.data)
    uq_now                                   0x20000014   Data           4  foc_1.o(.data)
    omega_now                                0x20000018   Data           4  foc_1.o(.data)
    shaft_angle                              0x2000001c   Data           4  foc_1.o(.data)
    CRC8Table                                0x20000030   Data         256  kth71xx.o(.data)
    g_motor                                  0x200001ac   Data         756  foc_1.o(.bss)
    __libspace_start                         0x200004dc   Data          96  libspace.o(.bss)
    __temporary_stack_top$libspace           0x2000053c   Data           0  libspace.o(.bss)



==============================================================================

Memory Map of the image

  Image Entry point : 0x080001bd

  Load Region LR_IROM1 (Base: 0x08000000, Size: 0x00005414, Max: 0x00010000, ABSOLUTE, COMPRESSED[0x000053d4])

    Execution Region ER_IROM1 (Exec base: 0x08000000, Load base: 0x08000000, Size: 0x000052cc, Max: 0x00010000, ABSOLUTE)

    Exec Addr    Load Addr    Size         Type   Attr      Idx    E Section Name        Object

    0x08000000   0x08000000   0x000001bc   Data   RO         3212    RESET               startup_at32m412_416.o
    0x080001bc   0x080001bc   0x00000008   Code   RO         4364  * !!!main             c_w.l(__main.o)
    0x080001c4   0x080001c4   0x00000034   Code   RO         4614    !!!scatter          c_w.l(__scatter.o)
    0x080001f8   0x080001f8   0x0000003a   Code   RO         4612    !!dczerorl          c_w.l(__dczerorl.o)
    0x08000232   0x08000232   0x00000002   PAD
    0x08000234   0x08000234   0x0000001c   Code   RO         4616    !!handler_zi        c_w.l(__scatter_zi.o)
    0x08000250   0x08000250   0x00000002   Code   RO         4483    .ARM.Collect$$libinit$$00000000  c_w.l(libinit.o)
    0x08000252   0x08000252   0x00000004   Code   RO         4492    .ARM.Collect$$libinit$$00000001  c_w.l(libinit2.o)
    0x08000256   0x08000256   0x00000000   Code   RO         4495    .ARM.Collect$$libinit$$00000004  c_w.l(libinit2.o)
    0x08000256   0x08000256   0x00000000   Code   RO         4498    .ARM.Collect$$libinit$$0000000A  c_w.l(libinit2.o)
    0x08000256   0x08000256   0x00000000   Code   RO         4500    .ARM.Collect$$libinit$$0000000C  c_w.l(libinit2.o)
    0x08000256   0x08000256   0x00000000   Code   RO         4502    .ARM.Collect$$libinit$$0000000E  c_w.l(libinit2.o)
    0x08000256   0x08000256   0x00000000   Code   RO         4505    .ARM.Collect$$libinit$$00000011  c_w.l(libinit2.o)
    0x08000256   0x08000256   0x00000000   Code   RO         4507    .ARM.Collect$$libinit$$00000013  c_w.l(libinit2.o)
    0x08000256   0x08000256   0x00000000   Code   RO         4509    .ARM.Collect$$libinit$$00000015  c_w.l(libinit2.o)
    0x08000256   0x08000256   0x00000000   Code   RO         4511    .ARM.Collect$$libinit$$00000017  c_w.l(libinit2.o)
    0x08000256   0x08000256   0x00000000   Code   RO         4513    .ARM.Collect$$libinit$$00000019  c_w.l(libinit2.o)
    0x08000256   0x08000256   0x00000000   Code   RO         4515    .ARM.Collect$$libinit$$0000001B  c_w.l(libinit2.o)
    0x08000256   0x08000256   0x00000000   Code   RO         4517    .ARM.Collect$$libinit$$0000001D  c_w.l(libinit2.o)
    0x08000256   0x08000256   0x00000000   Code   RO         4519    .ARM.Collect$$libinit$$0000001F  c_w.l(libinit2.o)
    0x08000256   0x08000256   0x00000000   Code   RO         4521    .ARM.Collect$$libinit$$00000021  c_w.l(libinit2.o)
    0x08000256   0x08000256   0x00000000   Code   RO         4523    .ARM.Collect$$libinit$$00000023  c_w.l(libinit2.o)
    0x08000256   0x08000256   0x00000000   Code   RO         4525    .ARM.Collect$$libinit$$00000025  c_w.l(libinit2.o)
    0x08000256   0x08000256   0x00000000   Code   RO         4529    .ARM.Collect$$libinit$$0000002C  c_w.l(libinit2.o)
    0x08000256   0x08000256   0x00000000   Code   RO         4531    .ARM.Collect$$libinit$$0000002E  c_w.l(libinit2.o)
    0x08000256   0x08000256   0x00000000   Code   RO         4533    .ARM.Collect$$libinit$$00000030  c_w.l(libinit2.o)
    0x08000256   0x08000256   0x00000000   Code   RO         4535    .ARM.Collect$$libinit$$00000032  c_w.l(libinit2.o)
    0x08000256   0x08000256   0x00000002   Code   RO         4536    .ARM.Collect$$libinit$$00000033  c_w.l(libinit2.o)
    0x08000258   0x08000258   0x00000002   Code   RO         4567    .ARM.Collect$$libshutdown$$00000000  c_w.l(libshutdown.o)
    0x0800025a   0x0800025a   0x00000000   Code   RO         4593    .ARM.Collect$$libshutdown$$00000002  c_w.l(libshutdown2.o)
    0x0800025a   0x0800025a   0x00000000   Code   RO         4595    .ARM.Collect$$libshutdown$$00000004  c_w.l(libshutdown2.o)
    0x0800025a   0x0800025a   0x00000000   Code   RO         4597    .ARM.Collect$$libshutdown$$00000006  c_w.l(libshutdown2.o)
    0x0800025a   0x0800025a   0x00000000   Code   RO         4600    .ARM.Collect$$libshutdown$$00000009  c_w.l(libshutdown2.o)
    0x0800025a   0x0800025a   0x00000000   Code   RO         4603    .ARM.Collect$$libshutdown$$0000000C  c_w.l(libshutdown2.o)
    0x0800025a   0x0800025a   0x00000000   Code   RO         4605    .ARM.Collect$$libshutdown$$0000000E  c_w.l(libshutdown2.o)
    0x0800025a   0x0800025a   0x00000000   Code   RO         4608    .ARM.Collect$$libshutdown$$00000011  c_w.l(libshutdown2.o)
    0x0800025a   0x0800025a   0x00000002   Code   RO         4609    .ARM.Collect$$libshutdown$$00000012  c_w.l(libshutdown2.o)
    0x0800025c   0x0800025c   0x00000000   Code   RO         4414    .ARM.Collect$$rtentry$$00000000  c_w.l(__rtentry.o)
    0x0800025c   0x0800025c   0x00000000   Code   RO         4444    .ARM.Collect$$rtentry$$00000002  c_w.l(__rtentry2.o)
    0x0800025c   0x0800025c   0x00000006   Code   RO         4456    .ARM.Collect$$rtentry$$00000004  c_w.l(__rtentry4.o)
    0x08000262   0x08000262   0x00000000   Code   RO         4446    .ARM.Collect$$rtentry$$00000009  c_w.l(__rtentry2.o)
    0x08000262   0x08000262   0x00000004   Code   RO         4447    .ARM.Collect$$rtentry$$0000000A  c_w.l(__rtentry2.o)
    0x08000266   0x08000266   0x00000000   Code   RO         4449    .ARM.Collect$$rtentry$$0000000C  c_w.l(__rtentry2.o)
    0x08000266   0x08000266   0x00000008   Code   RO         4450    .ARM.Collect$$rtentry$$0000000D  c_w.l(__rtentry2.o)
    0x0800026e   0x0800026e   0x00000002   Code   RO         4484    .ARM.Collect$$rtexit$$00000000  c_w.l(rtexit.o)
    0x08000270   0x08000270   0x00000000   Code   RO         4540    .ARM.Collect$$rtexit$$00000002  c_w.l(rtexit2.o)
    0x08000270   0x08000270   0x00000004   Code   RO         4541    .ARM.Collect$$rtexit$$00000003  c_w.l(rtexit2.o)
    0x08000274   0x08000274   0x00000006   Code   RO         4542    .ARM.Collect$$rtexit$$00000004  c_w.l(rtexit2.o)
    0x0800027a   0x0800027a   0x00000002   PAD
    0x0800027c   0x0800027c   0x00000040   Code   RO         3213    .text               startup_at32m412_416.o
    0x080002bc   0x080002bc   0x000000ee   Code   RO         4354    .text               c_w.l(lludivv7m.o)
    0x080003aa   0x080003aa   0x0000008a   Code   RO         4356    .text               c_w.l(rt_memcpy_v6.o)
    0x08000434   0x08000434   0x00000064   Code   RO         4358    .text               c_w.l(rt_memcpy_w.o)
    0x08000498   0x08000498   0x0000004e   Code   RO         4360    .text               c_w.l(rt_memclr_w.o)
    0x080004e6   0x080004e6   0x00000006   Code   RO         4362    .text               c_w.l(heapauxi.o)
    0x080004ec   0x080004ec   0x00000016   Code   RO         4419    .text               c_w.l(_rserrno.o)
    0x08000502   0x08000502   0x00000002   PAD
    0x08000504   0x08000504   0x00000008   Code   RO         4463    .text               c_w.l(rt_errno_addr_intlibspace.o)
    0x0800050c   0x0800050c   0x00000008   Code   RO         4467    .text               c_w.l(libspace.o)
    0x08000514   0x08000514   0x0000004a   Code   RO         4470    .text               c_w.l(sys_stackheap_outer.o)
    0x0800055e   0x0800055e   0x00000012   Code   RO         4472    .text               c_w.l(exit.o)
    0x08000570   0x08000570   0x0000000c   Code   RO         4537    .text               c_w.l(sys_exit.o)
    0x0800057c   0x0800057c   0x00000002   Code   RO         4556    .text               c_w.l(use_no_semi.o)
    0x0800057e   0x0800057e   0x00000000   Code   RO         4558    .text               c_w.l(indicate_semi.o)
    0x0800057e   0x0800057e   0x00000002   PAD
    0x08000580   0x08000580   0x00000020   Code   RO            4    i.ADC1_2_IRQHandler  at32m412_416_int.o
    0x080005a0   0x080005a0   0x00000004   Code   RO            5    i.BusFault_Handler  at32m412_416_int.o
    0x080005a4   0x080005a4   0x00000048   Code   RO            6    i.CAN1_ERR_IRQHandler  at32m412_416_int.o
    0x080005ec   0x080005ec   0x0000005c   Code   RO            7    i.CAN1_RX_IRQHandler  at32m412_416_int.o
    0x08000648   0x08000648   0x00000002   Code   RO            8    i.DebugMon_Handler  at32m412_416_int.o
    0x0800064a   0x0800064a   0x00000004   Code   RO            9    i.HardFault_Handler  at32m412_416_int.o
    0x0800064e   0x0800064e   0x00000002   PAD
    0x08000650   0x08000650   0x00000034   Code   RO         3849    i.KTH71_IsCRCOK     kth71xx.o
    0x08000684   0x08000684   0x00000032   Code   RO         3851    i.KTH71_ReadAngle   kth71xx.o
    0x080006b6   0x080006b6   0x00000002   PAD
    0x080006b8   0x080006b8   0x0000004c   Code   RO         3853    i.KTH71_SPI_TransmitReceive  kth71xx.o
    0x08000704   0x08000704   0x00000018   Code   RO         4002    i.MP6540_AsGateDriver  mp6540.o
    0x0800071c   0x0800071c   0x0000001a   Code   RO         4003    i.MP6540_EnterInactiveState  mp6540.o
    0x08000736   0x08000736   0x00000028   Code   RO         4004    i.MP6540_EnterSleep  mp6540.o
    0x0800075e   0x0800075e   0x00000014   Code   RO         4005    i.MP6540_ExitInactiveState  mp6540.o
    0x08000772   0x08000772   0x00000026   Code   RO         4006    i.MP6540_ExitSleep  mp6540.o
    0x08000798   0x08000798   0x0000000c   Code   RO         4007    i.MP6540_HW_DelayMs  mp6540.o
    0x080007a4   0x080007a4   0x00000024   Code   RO         4009    i.MP6540_HW_GPIO_Set  mp6540.o
    0x080007c8   0x080007c8   0x00000018   Code   RO         4010    i.MP6540_Init       mp6540.o
    0x080007e0   0x080007e0   0x00000026   Code   RO         4013    i.MP6540_SetAllPhaseEn  mp6540.o
    0x08000806   0x08000806   0x0000003c   Code   RO         4014    i.MP6540_SetPhaseEn  mp6540.o
    0x08000842   0x08000842   0x00000004   Code   RO           10    i.MemManage_Handler  at32m412_416_int.o
    0x08000846   0x08000846   0x00000002   Code   RO           11    i.NMI_Handler       at32m412_416_int.o
    0x08000848   0x08000848   0x00000040   Code   RO          214    i.NVIC_EncodePriority  at32m412_416_wk_config.o
    0x08000888   0x08000888   0x00000002   Code   RO           12    i.PendSV_Handler    at32m412_416_int.o
    0x0800088a   0x0800088a   0x00000002   Code   RO           13    i.SVC_Handler       at32m412_416_int.o
    0x0800088c   0x0800088c   0x00000008   Code   RO           14    i.SysTick_Handler   at32m412_416_int.o
    0x08000894   0x08000894   0x00000094   Code   RO         3220    i.SystemInit        system_at32m412_416.o
    0x08000928   0x08000928   0x00000002   Code   RO           15    i.TMR7_GLOBAL_IRQHandler  at32m412_416_int.o
    0x0800092a   0x0800092a   0x00000004   Code   RO           16    i.UsageFault_Handler  at32m412_416_int.o
    0x0800092e   0x0800092e   0x00000026   Code   RO         4424    i.__ARM_fpclassifyf  m_wm.l(fpclassifyf.o)
    0x08000954   0x08000954   0x00000010   Code   RO          215    i.__NVIC_GetPriorityGrouping  at32m412_416_wk_config.o
    0x08000964   0x08000964   0x00000028   Code   RO          216    i.__NVIC_SetPriority  at32m412_416_wk_config.o
    0x0800098c   0x0800098c   0x00000150   Code   RO         4366    i.__hardfp_cosf     m_wm.l(cosf.o)
    0x08000adc   0x08000adc   0x000000b0   Code   RO         4378    i.__hardfp_fmodf    m_wm.l(fmodf.o)
    0x08000b8c   0x08000b8c   0x00000190   Code   RO         4390    i.__hardfp_sinf     m_wm.l(sinf.o)
    0x08000d1c   0x08000d1c   0x0000003a   Code   RO         4402    i.__hardfp_sqrtf    m_wm.l(sqrtf.o)
    0x08000d56   0x08000d56   0x00000006   Code   RO         4427    i.__mathlib_flt_infnan  m_wm.l(funder.o)
    0x08000d5c   0x08000d5c   0x00000010   Code   RO         4429    i.__mathlib_flt_invalid  m_wm.l(funder.o)
    0x08000d6c   0x08000d6c   0x00000010   Code   RO         4432    i.__mathlib_flt_underflow  m_wm.l(funder.o)
    0x08000d7c   0x08000d7c   0x00000154   Code   RO         4440    i.__mathlib_rredf2  m_wm.l(rredf.o)
    0x08000ed0   0x08000ed0   0x0000002c   Code   RO         1814    i.adc_base_config   at32m412_416_adc.o
    0x08000efc   0x08000efc   0x0000000e   Code   RO         1815    i.adc_base_default_para_init  at32m412_416_adc.o
    0x08000f0a   0x08000f0a   0x0000000c   Code   RO         1816    i.adc_calibration_init  at32m412_416_adc.o
    0x08000f16   0x08000f16   0x00000012   Code   RO         1817    i.adc_calibration_init_status_get  at32m412_416_adc.o
    0x08000f28   0x08000f28   0x0000000c   Code   RO         1818    i.adc_calibration_start  at32m412_416_adc.o
    0x08000f34   0x08000f34   0x00000012   Code   RO         1819    i.adc_calibration_status_get  at32m412_416_adc.o
    0x08000f46   0x08000f46   0x00000002   PAD
    0x08000f48   0x08000f48   0x00000094   Code   RO         1823    i.adc_common_config  at32m412_416_adc.o
    0x08000fdc   0x08000fdc   0x00000010   Code   RO         1824    i.adc_common_default_para_init  at32m412_416_adc.o
    0x08000fec   0x08000fec   0x0000000a   Code   RO         1831    i.adc_enable        at32m412_416_adc.o
    0x08000ff6   0x08000ff6   0x00000006   Code   RO         1832    i.adc_flag_clear    at32m412_416_adc.o
    0x08000ffc   0x08000ffc   0x00000010   Code   RO         1833    i.adc_flag_get      at32m412_416_adc.o
    0x0800100c   0x0800100c   0x00000016   Code   RO         1834    i.adc_interrupt_enable  at32m412_416_adc.o
    0x08001022   0x08001022   0x00000088   Code   RO         1835    i.adc_interrupt_flag_get  at32m412_416_adc.o
    0x080010aa   0x080010aa   0x0000000c   Code   RO         1849    i.adc_preempt_channel_length_set  at32m412_416_adc.o
    0x080010b6   0x080010b6   0x0000016a   Code   RO         1850    i.adc_preempt_channel_set  at32m412_416_adc.o
    0x08001220   0x08001220   0x00000032   Code   RO         1851    i.adc_preempt_conversion_data_get  at32m412_416_adc.o
    0x08001252   0x08001252   0x00000034   Code   RO         1852    i.adc_preempt_conversion_trigger_set  at32m412_416_adc.o
    0x08001286   0x08001286   0x0000003e   Code   RO         1853    i.adc_preempt_offset_value_set  at32m412_416_adc.o
    0x080012c4   0x080012c4   0x00000018   Code   RO         1858    i.adc_reset         at32m412_416_adc.o
    0x080012dc   0x080012dc   0x0000000a   Code   RO         1859    i.adc_resolution_set  at32m412_416_adc.o
    0x080012e6   0x080012e6   0x0000000a   Code   RO         4143    i.align_down        flash.o
    0x080012f0   0x080012f0   0x0000000c   Code   RO         4144    i.align_up          flash.o
    0x080012fc   0x080012fc   0x00000018   Code   RO         3275    i.board_current_loop_irq_handler  board_at32_1.o
    0x08001314   0x08001314   0x00000044   Code   RO         3276    i.board_get_phase_current  board_at32_1.o
    0x08001358   0x08001358   0x0000000a   Code   RO         3255    i.board_init        board.o
    0x08001362   0x08001362   0x0000001e   Code   RO         2882    i.can_bittime_default_para_init  at32m412_416_can.o
    0x08001380   0x08001380   0x00000060   Code   RO         2883    i.can_bittime_set   at32m412_416_can.o
    0x080013e0   0x080013e0   0x0000000a   Code   RO         2886    i.can_error_warning_set  at32m412_416_can.o
    0x080013ea   0x080013ea   0x0000000a   Code   RO         2887    i.can_fd_iso_mode_enable  at32m412_416_can.o
    0x080013f4   0x080013f4   0x0000002c   Code   RO         2888    i.can_filter_default_para_init  at32m412_416_can.o
    0x08001420   0x08001420   0x0000002c   Code   RO         2889    i.can_filter_enable  at32m412_416_can.o
    0x0800144c   0x0800144c   0x000000fe   Code   RO         2890    i.can_filter_set    at32m412_416_can.o
    0x0800154a   0x0800154a   0x00000004   Code   RO         2891    i.can_flag_clear    at32m412_416_can.o
    0x0800154e   0x0800154e   0x0000001a   Code   RO         2893    i.can_interrupt_enable  at32m412_416_can.o
    0x08001568   0x08001568   0x00000016   Code   RO         2894    i.can_interrupt_flag_get  at32m412_416_can.o
    0x0800157e   0x0800157e   0x00000126   Code   RO         2896    i.can_mode_set      at32m412_416_can.o
    0x080016a4   0x080016a4   0x0000000a   Code   RO         2897    i.can_rearbitration_limit_set  at32m412_416_can.o
    0x080016ae   0x080016ae   0x0000000a   Code   RO         2898    i.can_receive_all_enable  at32m412_416_can.o
    0x080016b8   0x080016b8   0x0000000a   Code   RO         2901    i.can_restricted_operation_enable  at32m412_416_can.o
    0x080016c2   0x080016c2   0x0000000a   Code   RO         2902    i.can_retransmission_limit_set  at32m412_416_can.o
    0x080016cc   0x080016cc   0x0000000a   Code   RO         2903    i.can_rxbuf_overflow_mode_set  at32m412_416_can.o
    0x080016d6   0x080016d6   0x00000002   PAD
    0x080016d8   0x080016d8   0x00000120   Code   RO         2904    i.can_rxbuf_read    at32m412_416_can.o
    0x080017f8   0x080017f8   0x0000000a   Code   RO         2907    i.can_rxbuf_warning_set  at32m412_416_can.o
    0x08001802   0x08001802   0x0000000a   Code   RO         2908    i.can_software_reset  at32m412_416_can.o
    0x0800180c   0x0800180c   0x0000000a   Code   RO         2912    i.can_stb_transmit_mode_set  at32m412_416_can.o
    0x08001816   0x08001816   0x00000002   PAD
    0x08001818   0x08001818   0x00000024   Code   RO          643    i.crm_ahb_div_set   at32m412_416_crm.o
    0x0800183c   0x0800183c   0x00000014   Code   RO          644    i.crm_apb1_div_set  at32m412_416_crm.o
    0x08001850   0x08001850   0x00000014   Code   RO          645    i.crm_apb2_div_set  at32m412_416_crm.o
    0x08001864   0x08001864   0x00000014   Code   RO          646    i.crm_apb3_div_set  at32m412_416_crm.o
    0x08001878   0x08001878   0x00000028   Code   RO          647    i.crm_auto_step_mode_enable  at32m412_416_crm.o
    0x080018a0   0x080018a0   0x00000018   Code   RO          650    i.crm_can_clock_select  at32m412_416_crm.o
    0x080018b8   0x080018b8   0x00000068   Code   RO          654    i.crm_clock_source_enable  at32m412_416_crm.o
    0x08001920   0x08001920   0x0000012c   Code   RO          655    i.crm_clocks_freq_get  at32m412_416_crm.o
    0x08001a4c   0x08001a4c   0x00000030   Code   RO          659    i.crm_flag_get      at32m412_416_crm.o
    0x08001a7c   0x08001a7c   0x0000004c   Code   RO          672    i.crm_periph_clock_enable  at32m412_416_crm.o
    0x08001ac8   0x08001ac8   0x0000004c   Code   RO          674    i.crm_periph_reset  at32m412_416_crm.o
    0x08001b14   0x08001b14   0x00000034   Code   RO          675    i.crm_pll_config    at32m412_416_crm.o
    0x08001b48   0x08001b48   0x00000088   Code   RO          677    i.crm_reset         at32m412_416_crm.o
    0x08001bd0   0x08001bd0   0x00000024   Code   RO          678    i.crm_sysclk_switch  at32m412_416_crm.o
    0x08001bf4   0x08001bf4   0x00000010   Code   RO          679    i.crm_sysclk_switch_status_get  at32m412_416_crm.o
    0x08001c04   0x08001c04   0x00000014   Code   RO         3278    i.current_hw_init   board_at32_1.o
    0x08001c18   0x08001c18   0x000000d0   Code   RO         3423    i.current_sense_apply_raw_to_physical  current_sense.o
    0x08001ce8   0x08001ce8   0x0000006c   Code   RO         3424    i.current_sense_calibrate_blocking  current_sense.o
    0x08001d54   0x08001d54   0x0000002c   Code   RO         3425    i.current_sense_init  current_sense.o
    0x08001d80   0x08001d80   0x000000b8   Code   RO         3426    i.current_sense_offset_cal_step  current_sense.o
    0x08001e38   0x08001e38   0x00000012   Code   RO         3427    i.current_sense_process_sample  current_sense.o
    0x08001e4a   0x08001e4a   0x0000000c   Code   RO         3858    i.delay_us          kth71xx.o
    0x08001e56   0x08001e56   0x0000000a   Code   RO         2294    i.dma_channel_enable  at32m412_416_dma.o
    0x08001e60   0x08001e60   0x00000018   Code   RO         2297    i.dma_default_para_init  at32m412_416_dma.o
    0x08001e78   0x08001e78   0x0000005e   Code   RO         2301    i.dma_init          at32m412_416_dma.o
    0x08001ed6   0x08001ed6   0x00000002   PAD
    0x08001ed8   0x08001ed8   0x00000038   Code   RO         2304    i.dma_reset         at32m412_416_dma.o
    0x08001f10   0x08001f10   0x0000000e   Code   RO         2305    i.dmamux_enable     at32m412_416_dma.o
    0x08001f1e   0x08001f1e   0x0000000a   Code   RO         2312    i.dmamux_init       at32m412_416_dma.o
    0x08001f28   0x08001f28   0x00000012   Code   RO         3355    i.dwt_blocking_delay_ms  dwt_profile_delay.o
    0x08001f3a   0x08001f3a   0x00000002   PAD
    0x08001f3c   0x08001f3c   0x0000005c   Code   RO         3356    i.dwt_blocking_delay_us  dwt_profile_delay.o
    0x08001f98   0x08001f98   0x0000000c   Code   RO         3357    i.dwt_get_ticks     dwt_profile_delay.o
    0x08001fa4   0x08001fa4   0x00000028   Code   RO         3358    i.dwt_get_ticks_us  dwt_profile_delay.o
    0x08001fcc   0x08001fcc   0x00000064   Code   RO         3359    i.dwt_init          dwt_profile_delay.o
    0x08002030   0x08002030   0x00000034   Code   RO         4112    i.eeprom_read       eeprom.o
    0x08002064   0x08002064   0x00000006   Code   RO         4278    i.eeprom_storage_erase  motor_config_storage_ops.o
    0x0800206a   0x0800206a   0x00000002   PAD
    0x0800206c   0x0800206c   0x00000030   Code   RO         4279    i.eeprom_storage_read  motor_config_storage_ops.o
    0x0800209c   0x0800209c   0x00000030   Code   RO         4280    i.eeprom_storage_write  motor_config_storage_ops.o
    0x080020cc   0x080020cc   0x00000060   Code   RO         4113    i.eeprom_write      eeprom.o
    0x0800212c   0x0800212c   0x0000000a   Code   RO         3777    i.fabsf             foc_fault.o
    0x08002136   0x08002136   0x00000050   Code   RO         4145    i.flash_erase       flash.o
    0x08002186   0x08002186   0x00000002   PAD
    0x08002188   0x08002188   0x00000048   Code   RO         4281    i.flash_factory_storage_read  motor_config_storage_ops.o
    0x080021d0   0x080021d0   0x00000038   Code   RO         2524    i.flash_halfword_program  at32m412_416_flash.o
    0x08002208   0x08002208   0x00000014   Code   RO         2527    i.flash_lock        at32m412_416_flash.o
    0x0800221c   0x0800221c   0x00000034   Code   RO         2528    i.flash_operation_status_get  at32m412_416_flash.o
    0x08002250   0x08002250   0x00000024   Code   RO         2529    i.flash_operation_wait_for  at32m412_416_flash.o
    0x08002274   0x08002274   0x0000001e   Code   RO         4146    i.flash_read        flash.o
    0x08002292   0x08002292   0x00000002   PAD
    0x08002294   0x08002294   0x00000040   Code   RO         2532    i.flash_sector_erase  at32m412_416_flash.o
    0x080022d4   0x080022d4   0x00000024   Code   RO         4282    i.flash_storage_erase  motor_config_storage_ops.o
    0x080022f8   0x080022f8   0x00000030   Code   RO         4283    i.flash_storage_read  motor_config_storage_ops.o
    0x08002328   0x08002328   0x0000005c   Code   RO         4284    i.flash_storage_write  motor_config_storage_ops.o
    0x08002384   0x08002384   0x00000018   Code   RO         2541    i.flash_unlock      at32m412_416_flash.o
    0x0800239c   0x0800239c   0x00000074   Code   RO         4147    i.flash_write       flash.o
    0x08002410   0x08002410   0x00000048   Code   RO         3492    i.foc_align_electrical  foc_1.o
    0x08002458   0x08002458   0x00000010   Code   RO         3493    i.foc_control_loop  foc_1.o
    0x08002468   0x08002468   0x0000014c   Code   RO         3680    i.foc_get_motor_angle  foc_motor.o
    0x080025b4   0x080025b4   0x0000010c   Code   RO         3681    i.foc_get_motor_current  foc_motor.o
    0x080026c0   0x080026c0   0x0000017c   Code   RO         3495    i.foc_init          foc_1.o
    0x0800283c   0x0800283c   0x00000054   Code   RO         3496    i.foc_motor_run     foc_1.o
    0x08002890   0x08002890   0x00000014   Code   RO         3497    i.foc_next_state    foc_1.o
    0x080028a4   0x080028a4   0x00000016   Code   RO         3498    i.foc_pid_apply_param  foc_1.o
    0x080028ba   0x080028ba   0x00000002   PAD
    0x080028bc   0x080028bc   0x0000005c   Code   RO         3740    i.foc_pid_init      foc_pid.o
    0x08002918   0x08002918   0x00000108   Code   RO         3500    i.foc_speed_open_control  foc_1.o
    0x08002a20   0x08002a20   0x0000006c   Code   RO         3501    i.foc_state_machine_loop  foc_1.o
    0x08002a8c   0x08002a8c   0x00000010   Code   RO         3503    i.foc_update        foc_1.o
    0x08002a9c   0x08002a9c   0x0000018c   Code   RO         3504    i.foc_voltage       foc_1.o
    0x08002c28   0x08002c28   0x0000000c   Code   RO         3951    i.gate_driver_get_active  gate_driver.o
    0x08002c34   0x08002c34   0x00000050   Code   RO         3952    i.gate_driver_init  gate_driver.o
    0x08002c84   0x08002c84   0x0000000c   Code   RO         3953    i.gate_driver_set_active  gate_driver.o
    0x08002c90   0x08002c90   0x00000004   Code   RO         1352    i.gpio_bits_reset   at32m412_416_gpio.o
    0x08002c94   0x08002c94   0x00000004   Code   RO         1353    i.gpio_bits_set     at32m412_416_gpio.o
    0x08002c98   0x08002c98   0x00000014   Code   RO         1356    i.gpio_default_para_init  at32m412_416_gpio.o
    0x08002cac   0x08002cac   0x0000007a   Code   RO         1357    i.gpio_init         at32m412_416_gpio.o
    0x08002d26   0x08002d26   0x00000012   Code   RO         1358    i.gpio_input_data_bit_read  at32m412_416_gpio.o
    0x08002d38   0x08002d38   0x0000003c   Code   RO         1362    i.gpio_pin_mux_config  at32m412_416_gpio.o
    0x08002d74   0x08002d74   0x0000004c   Code   RO         3505    i.inv_park_transform  foc_1.o
    0x08002dc0   0x08002dc0   0x00000078   Code   RO         3631    i.lpf1_init         foc_filter.o
    0x08002e38   0x08002e38   0x00000038   Code   RO         3633    i.lpf1_update       foc_filter.o
    0x08002e70   0x08002e70   0x000000d4   Code   RO          276    i.main              main.o
    0x08002f44   0x08002f44   0x0000002e   Code   RO         4285    i.motor_cfg_erase_with_mirror  motor_config_storage_ops.o
    0x08002f72   0x08002f72   0x0000003c   Code   RO         4286    i.motor_cfg_read_with_mirror  motor_config_storage_ops.o
    0x08002fae   0x08002fae   0x0000004c   Code   RO         4287    i.motor_cfg_write_with_mirror  motor_config_storage_ops.o
    0x08002ffa   0x08002ffa   0x00000002   PAD
    0x08002ffc   0x08002ffc   0x00000040   Code   RO         4195    i.motor_config_blob_build  motor_config.o
    0x0800303c   0x0800303c   0x00000058   Code   RO         4196    i.motor_config_blob_parse  motor_config.o
    0x08003094   0x08003094   0x00000024   Code   RO         4197    i.motor_config_checksum32  motor_config.o
    0x080030b8   0x080030b8   0x0000001c   Code   RO         4198    i.motor_config_clear_storage  motor_config.o
    0x080030d4   0x080030d4   0x00000014   Code   RO         4199    i.motor_config_has_storage  motor_config.o
    0x080030e8   0x080030e8   0x00000018   Code   RO         4200    i.motor_config_init  motor_config.o
    0x08003100   0x08003100   0x00000054   Code   RO         4201    i.motor_config_load  motor_config.o
    0x08003154   0x08003154   0x00000038   Code   RO         4202    i.motor_config_register_storage  motor_config.o
    0x0800318c   0x0800318c   0x000000c0   Code   RO         4289    i.motor_config_register_storage_ops_by_mode  motor_config_storage_ops.o
    0x0800324c   0x0800324c   0x00000074   Code   RO         4204    i.motor_config_save  motor_config.o
    0x080032c0   0x080032c0   0x00000178   Code   RO         4205    i.motor_config_set_defaults  motor_config.o
    0x08003438   0x08003438   0x00000014   Code   RO         3780    i.motor_fault_is_latched  foc_fault.o
    0x0800344c   0x0800344c   0x00000378   Code   RO         3782    i.motor_fault_protect  foc_fault.o
    0x080037c4   0x080037c4   0x00000022   Code   RO         3783    i.motor_fault_raise  foc_fault.o
    0x080037e6   0x080037e6   0x0000000c   Code   RO         4015    i.mp6540_enter_inactive_state  mp6540.o
    0x080037f2   0x080037f2   0x0000000c   Code   RO         4016    i.mp6540_exit_inactive_state  mp6540.o
    0x080037fe   0x080037fe   0x00000002   PAD
    0x08003800   0x08003800   0x000000c8   Code   RO         2740    i.nvic_irq_enable   at32m412_416_misc.o
    0x080038c8   0x080038c8   0x00000028   Code   RO         2742    i.nvic_priority_group_config  at32m412_416_misc.o
    0x080038f0   0x080038f0   0x00000014   Code   RO         2744    i.nvic_vector_table_set  at32m412_416_misc.o
    0x08003904   0x08003904   0x00000028   Code   RO         3283    i.pwm_hw_stop       board_at32_1.o
    0x0800392c   0x0800392c   0x0000007c   Code   RO         3284    i.set_pwm           board_at32_1.o
    0x080039a8   0x080039a8   0x00000078   Code   RO         3859    i.spi_3wire_receive_byte  kth71xx.o
    0x08003a20   0x08003a20   0x000000a4   Code   RO         3860    i.spi_3wire_send_byte  kth71xx.o
    0x08003ac4   0x08003ac4   0x00000016   Code   RO         2134    i.spi_default_para_init  at32m412_416_spi.o
    0x08003ada   0x08003ada   0x0000000a   Code   RO         2135    i.spi_enable        at32m412_416_spi.o
    0x08003ae4   0x08003ae4   0x00000158   Code   RO         2148    i.spi_init          at32m412_416_spi.o
    0x08003c3c   0x08003c3c   0x00000060   Code   RO         3506    i.svm               foc_1.o
    0x08003c9c   0x08003c9c   0x00000110   Code   RO         3221    i.system_core_clock_update  system_at32m412_416.o
    0x08003dac   0x08003dac   0x00000028   Code   RO         2745    i.systick_clock_source_config  at32m412_416_misc.o
    0x08003dd4   0x08003dd4   0x00000010   Code   RO          890    i.tmr_base_init     at32m412_416_tmr.o
    0x08003de4   0x08003de4   0x00000020   Code   RO          892    i.tmr_brk2_config   at32m412_416_tmr.o
    0x08003e04   0x08003e04   0x0000000a   Code   RO          894    i.tmr_brk_filter_value_set  at32m412_416_tmr.o
    0x08003e0e   0x08003e0e   0x00000048   Code   RO          898    i.tmr_brkdt_config  at32m412_416_tmr.o
    0x08003e56   0x08003e56   0x00000080   Code   RO          904    i.tmr_channel_enable  at32m412_416_tmr.o
    0x08003ed6   0x08003ed6   0x00000056   Code   RO          906    i.tmr_channel_value_set  at32m412_416_tmr.o
    0x08003f2c   0x08003f2c   0x0000000a   Code   RO          907    i.tmr_clock_source_div_set  at32m412_416_tmr.o
    0x08003f36   0x08003f36   0x0000000a   Code   RO          909    i.tmr_cnt_dir_set   at32m412_416_tmr.o
    0x08003f40   0x08003f40   0x0000000a   Code   RO          911    i.tmr_counter_enable  at32m412_416_tmr.o
    0x08003f4a   0x08003f4a   0x00000058   Code   RO          940    i.tmr_output_channel_buffer_enable  at32m412_416_tmr.o
    0x08003fa2   0x08003fa2   0x000001fa   Code   RO          941    i.tmr_output_channel_config  at32m412_416_tmr.o
    0x0800419c   0x0800419c   0x00000058   Code   RO          942    i.tmr_output_channel_immediately_set  at32m412_416_tmr.o
    0x080041f4   0x080041f4   0x0000000a   Code   RO          947    i.tmr_output_enable  at32m412_416_tmr.o
    0x080041fe   0x080041fe   0x0000000a   Code   RO          952    i.tmr_period_buffer_enable  at32m412_416_tmr.o
    0x08004208   0x08004208   0x0000000a   Code   RO          955    i.tmr_primary_mode2_select  at32m412_416_tmr.o
    0x08004212   0x08004212   0x0000000e   Code   RO          956    i.tmr_primary_mode_select  at32m412_416_tmr.o
    0x08004220   0x08004220   0x00000034   Code   RO          958    i.tmr_repetition_counter_set  at32m412_416_tmr.o
    0x08004254   0x08004254   0x0000000a   Code   RO          961    i.tmr_sub_sync_mode_set  at32m412_416_tmr.o
    0x0800425e   0x0800425e   0x0000000a   Code   RO         1468    i.usart_dma_transmitter_enable  at32m412_416_usart.o
    0x08004268   0x08004268   0x0000000a   Code   RO         1470    i.usart_enable      at32m412_416_usart.o
    0x08004272   0x08004272   0x00000066   Code   RO         1473    i.usart_hardware_flow_control_set  at32m412_416_usart.o
    0x080042d8   0x080042d8   0x000000a0   Code   RO         1475    i.usart_init        at32m412_416_usart.o
    0x08004378   0x08004378   0x0000004c   Code   RO         1483    i.usart_parity_selection_config  at32m412_416_usart.o
    0x080043c4   0x080043c4   0x0000000a   Code   RO         1485    i.usart_receiver_enable  at32m412_416_usart.o
    0x080043ce   0x080043ce   0x0000000a   Code   RO         1498    i.usart_transmitter_enable  at32m412_416_usart.o
    0x080043d8   0x080043d8   0x000000c8   Code   RO          411    i.wk_adc1_init      wk_adc.o
    0x080044a0   0x080044a0   0x00000138   Code   RO          412    i.wk_adc2_init      wk_adc.o
    0x080045d8   0x080045d8   0x00000034   Code   RO          413    i.wk_adc_common_init  wk_adc.o
    0x0800460c   0x0800460c   0x0000021c   Code   RO          451    i.wk_can1_init      wk_can.o
    0x08004828   0x08004828   0x00000058   Code   RO          575    i.wk_dma1_channel1_init  wk_dma.o
    0x08004880   0x08004880   0x00000058   Code   RO          576    i.wk_dma1_channel3_init  wk_dma.o
    0x080048d8   0x080048d8   0x00000008   Code   RO          577    i.wk_dma_channel_config  wk_dma.o
    0x080048e0   0x080048e0   0x00000094   Code   RO          615    i.wk_gpio_config    wk_gpio.o
    0x08004974   0x08004974   0x000000e8   Code   RO          217    i.wk_nvic_config    at32m412_416_wk_config.o
    0x08004a5c   0x08004a5c   0x0000008c   Code   RO          218    i.wk_periph_clock_config  at32m412_416_wk_config.o
    0x08004ae8   0x08004ae8   0x000000b0   Code   RO          479    i.wk_spi2_init      wk_spi.o
    0x08004b98   0x08004b98   0x000000b8   Code   RO          219    i.wk_system_clock_config  at32m412_416_wk_config.o
    0x08004c50   0x08004c50   0x00000008   Code   RO          362    i.wk_timebase_handler  wk_system.o
    0x08004c58   0x08004c58   0x00000010   Code   RO          363    i.wk_timebase_increase  wk_system.o
    0x08004c68   0x08004c68   0x00000034   Code   RO          364    i.wk_timebase_init  wk_system.o
    0x08004c9c   0x08004c9c   0x00000264   Code   RO          507    i.wk_tmr1_init      wk_tmr.o
    0x08004f00   0x08004f00   0x00000034   Code   RO          508    i.wk_tmr6_init      wk_tmr.o
    0x08004f34   0x08004f34   0x00000034   Code   RO          509    i.wk_tmr7_init      wk_tmr.o
    0x08004f68   0x08004f68   0x000000ac   Code   RO          547    i.wk_usart1_init    wk_usart.o
    0x08005014   0x08005014   0x0000008c   Code   RO         4465    x$fpl$fnaninf       fz_wm.l(fnaninf.o)
    0x080050a0   0x080050a0   0x0000000a   Code   RO         4552    x$fpl$fpinit        fz_wm.l(fpinit.o)
    0x080050aa   0x080050aa   0x00000002   PAD
    0x080050ac   0x080050ac   0x000000f4   Code   RO         4421    x$fpl$frem          fz_wm.l(frem_clz.o)
    0x080051a0   0x080051a0   0x00000000   Code   RO         4423    x$fpl$usenofp       fz_wm.l(usenofp.o)
    0x080051a0   0x080051a0   0x00000040   Data   RO          277    .constdata          main.o
    0x080051e0   0x080051e0   0x00000026   Data   RO          681    .constdata          at32m412_416_crm.o
    0x08005206   0x08005206   0x00000010   Data   RO         2933    .constdata          at32m412_416_can.o
    0x08005216   0x08005216   0x00000016   Data   RO         3222    .constdata          system_at32m412_416.o
    0x0800522c   0x0800522c   0x0000000c   Data   RO         4017    .constdata          mp6540.o
    0x08005238   0x08005238   0x00000054   Data   RO         4290    .constdata          motor_config_storage_ops.o
    0x0800528c   0x0800528c   0x00000020   Data   RO         4441    .constdata          m_wm.l(rredf.o)
    0x080052ac   0x080052ac   0x00000020   Data   RO         4610    Region$$Table       anon$$obj.o


    Execution Region RW_IRAM1 (Exec base: 0x20000000, Load base: 0x080052cc, Size: 0x00000b40, Max: 0x00004000, ABSOLUTE, COMPRESSED[0x00000108])

    Exec Addr    Load Addr    Size         Type   Attr      Idx    E Section Name        Object

    0x20000000   COMPRESSED   0x00000004   Data   RW          365    .data               wk_system.o
    0x20000004   COMPRESSED   0x00000004   Data   RW         3223    .data               system_at32m412_416.o
    0x20000008   COMPRESSED   0x00000002   Data   RW         3285    .data               board_at32_1.o
    0x2000000a   COMPRESSED   0x00000002   PAD
    0x2000000c   COMPRESSED   0x00000005   Data   RW         3429    .data               current_sense.o
    0x20000011   COMPRESSED   0x00000003   PAD
    0x20000014   COMPRESSED   0x0000000c   Data   RW         3509    .data               foc_1.o
    0x20000020   COMPRESSED   0x00000010   Data   RW         3684    .data               foc_motor.o
    0x20000030   COMPRESSED   0x00000100   Data   RW         3861    .data               kth71xx.o
    0x20000130   COMPRESSED   0x00000004   Data   RW         3955    .data               gate_driver.o
    0x20000134   COMPRESSED   0x00000008   Data   RW         4018    .data               mp6540.o
    0x2000013c   COMPRESSED   0x00000004   Data   RW         4114    .data               eeprom.o
    0x20000140   COMPRESSED   0x00000004   Data   RW         4207    .data               motor_config.o
    0x20000144   COMPRESSED   0x00000004   Data   RW         4291    .data               motor_config_storage_ops.o
    0x20000148        -       0x00000058   Zero   RW         3363    .bss                dwt_profile_delay.o
    0x200001a0        -       0x0000000c   Zero   RW         3428    .bss                current_sense.o
    0x200001ac        -       0x000002f4   Zero   RW         3508    .bss                foc_1.o
    0x200004a0        -       0x0000002c   Zero   RW         3954    .bss                gate_driver.o
    0x200004cc        -       0x00000010   Zero   RW         4206    .bss                motor_config.o
    0x200004dc        -       0x00000060   Zero   RW         4468    .bss                c_w.l(libspace.o)
    0x2000053c   COMPRESSED   0x00000004   PAD
    0x20000540        -       0x00000200   Zero   RW         3211    HEAP                startup_at32m412_416.o
    0x20000740        -       0x00000400   Zero   RW         3210    STACK               startup_at32m412_416.o


==============================================================================

Image component sizes


      Code (inc. data)   RO Data    RW Data    ZI Data      Debug   Object Name

      1044         42          0          0          0      13943   at32m412_416_adc.o
      1202         14         16          0          0      14523   at32m412_416_can.o
      1004        120         38          0          0      10486   at32m412_416_crm.o
       208          6          0          0          0       4266   at32m412_416_dma.o
       252         30          0          0          0       3894   at32m412_416_flash.o
       228          0          0          0          0       4612   at32m412_416_gpio.o
       230         14          0          0          0     108794   at32m412_416_int.o
       300         26          0          0          0      33420   at32m412_416_misc.o
       376          0          0          0          0       2504   at32m412_416_spi.o
      1162         72          0          0          0      12952   at32m412_416_tmr.o
       378          4          0          0          0       5368   at32m412_416_usart.o
       676         44          0          0          0      33594   at32m412_416_wk_config.o
        10          0          0          0          0        953   board.o
       276         26          0          2          0       3927   board_at32_1.o
       562         36          0          5         12      12051   current_sense.o
       262         42          0          0         88       3210   dwt_profile_delay.o
       148         12          0          4          0       3025   eeprom.o
       248          0          0          0          0       4201   flash.o
      1550        142          0         12        756      10822   foc_1.o
       952         14          0          0          0       6039   foc_fault.o
       176         16          0          0          0       3730   foc_filter.o
       600         46          0         16          0       8951   foc_motor.o
        92          4          0          0          0       1975   foc_pid.o
       104         16          0          4         44       5057   gate_driver.o
       474         20          0        256          0       5756   kth71xx.o
       212         20         64          0          0       4691   main.o
       892         94          0          4         16       8893   motor_config.o
       724         44         84          4          0      11048   motor_config_storage_ops.o
       342          8         12          8          0       8238   mp6540.o
        64         26        444          0       1536        848   startup_at32m412_416.o
       420         40         22          4          0       2524   system_at32m412_416.o
       564         20          0          0          0       1943   wk_adc.o
       540         10          0          0          0        935   wk_can.o
       184          8          0          0          0       2316   wk_dma.o
       148         10          0          0          0        609   wk_gpio.o
       176         10          0          0          0        655   wk_spi.o
        76          4          0          4          0       2257   wk_system.o
       716         18          0          0          0       2033   wk_tmr.o
       172         10          0          0          0        617   wk_usart.o

    ----------------------------------------------------------------------
     17770       1068        712        328       2452     365660   Object Totals
         0          0         32          0          0          0   (incl. Generated)
        26          0          0          5          0          0   (incl. Padding)

    ----------------------------------------------------------------------

      Code (inc. data)   RO Data    RW Data    ZI Data      Debug   Library Member Name

        58          0          0          0          0          0   __dczerorl.o
         8          0          0          0          0         68   __main.o
         0          0          0          0          0          0   __rtentry.o
        12          0          0          0          0          0   __rtentry2.o
         6          0          0          0          0          0   __rtentry4.o
        52          8          0          0          0          0   __scatter.o
        28          0          0          0          0          0   __scatter_zi.o
        22          0          0          0          0        100   _rserrno.o
        18          0          0          0          0         80   exit.o
         6          0          0          0          0        152   heapauxi.o
         0          0          0          0          0          0   indicate_semi.o
         2          0          0          0          0          0   libinit.o
         6          0          0          0          0          0   libinit2.o
         2          0          0          0          0          0   libshutdown.o
         2          0          0          0          0          0   libshutdown2.o
         8          4          0          0         96         68   libspace.o
       238          0          0          0          0        100   lludivv7m.o
         8          4          0          0          0         68   rt_errno_addr_intlibspace.o
        78          0          0          0          0         80   rt_memclr_w.o
       138          0          0          0          0         68   rt_memcpy_v6.o
       100          0          0          0          0         80   rt_memcpy_w.o
         2          0          0          0          0          0   rtexit.o
        10          0          0          0          0          0   rtexit2.o
        12          4          0          0          0         68   sys_exit.o
        74          0          0          0          0         80   sys_stackheap_outer.o
         2          0          0          0          0         68   use_no_semi.o
       140          4          0          0          0        132   fnaninf.o
        10          0          0          0          0        116   fpinit.o
       244          8          0          0          0        132   frem_clz.o
         0          0          0          0          0          0   usenofp.o
       336         56          0          0          0        136   cosf.o
       176          0          0          0          0        168   fmodf.o
        38          0          0          0          0        116   fpclassifyf.o
        38         12          0          0          0        348   funder.o
       340         24         32          0          0        160   rredf.o
       400         56          0          0          0        212   sinf.o
        58          0          0          0          0        136   sqrtf.o

    ----------------------------------------------------------------------
      2682        180         32          0        100       2736   Library Totals
        10          0          0          0          4          0   (incl. Padding)

    ----------------------------------------------------------------------

      Code (inc. data)   RO Data    RW Data    ZI Data      Debug   Library Name

       892         20          0          0         96       1080   c_w.l
       394         12          0          0          0        380   fz_wm.l
      1386        148         32          0          0       1276   m_wm.l

    ----------------------------------------------------------------------
      2682        180         32          0        100       2736   Library Totals

    ----------------------------------------------------------------------

==============================================================================


      Code (inc. data)   RO Data    RW Data    ZI Data      Debug   

     20452       1248        744        328       2552     344928   Grand Totals
     20452       1248        744        264       2552     344928   ELF Image Totals (compressed)
     20452       1248        744        264          0          0   ROM Totals

==============================================================================

    Total RO  Size (Code + RO Data)                21196 (  20.70kB)
    Total RW  Size (RW Data + ZI Data)              2880 (   2.81kB)
    Total ROM Size (Code + RO Data + RW Data)      21460 (  20.96kB)

==============================================================================

