Component: ARM Compiler 5.06 update 7 (build 960) Tool: armlink [4d3601]

==============================================================================

Section Cross References

    at32m412_416_int.o(i.SysTick_Handler) refers to wk_system.o(i.wk_timebase_handler) for wk_timebase_handler
    at32m412_416_wk_config.o(i.wk_nvic_config) refers to at32m412_416_misc.o(i.nvic_priority_group_config) for nvic_priority_group_config
    at32m412_416_wk_config.o(i.wk_nvic_config) refers to at32m412_416_wk_config.o(i.__NVIC_GetPriorityGrouping) for __NVIC_GetPriorityGrouping
    at32m412_416_wk_config.o(i.wk_nvic_config) refers to at32m412_416_wk_config.o(i.NVIC_EncodePriority) for NVIC_EncodePriority
    at32m412_416_wk_config.o(i.wk_nvic_config) refers to at32m412_416_wk_config.o(i.__NVIC_SetPriority) for __NVIC_SetPriority
    at32m412_416_wk_config.o(i.wk_nvic_config) refers to at32m412_416_misc.o(i.nvic_irq_enable) for nvic_irq_enable
    at32m412_416_wk_config.o(i.wk_periph_clock_config) refers to at32m412_416_crm.o(i.crm_periph_clock_enable) for crm_periph_clock_enable
    at32m412_416_wk_config.o(i.wk_system_clock_config) refers to at32m412_416_crm.o(i.crm_reset) for crm_reset
    at32m412_416_wk_config.o(i.wk_system_clock_config) refers to at32m412_416_crm.o(i.crm_periph_clock_enable) for crm_periph_clock_enable
    at32m412_416_wk_config.o(i.wk_system_clock_config) refers to at32m412_416_crm.o(i.crm_clock_source_enable) for crm_clock_source_enable
    at32m412_416_wk_config.o(i.wk_system_clock_config) refers to at32m412_416_crm.o(i.crm_flag_get) for crm_flag_get
    at32m412_416_wk_config.o(i.wk_system_clock_config) refers to at32m412_416_crm.o(i.crm_pll_config) for crm_pll_config
    at32m412_416_wk_config.o(i.wk_system_clock_config) refers to at32m412_416_crm.o(i.crm_ahb_div_set) for crm_ahb_div_set
    at32m412_416_wk_config.o(i.wk_system_clock_config) refers to at32m412_416_crm.o(i.crm_apb3_div_set) for crm_apb3_div_set
    at32m412_416_wk_config.o(i.wk_system_clock_config) refers to at32m412_416_crm.o(i.crm_apb2_div_set) for crm_apb2_div_set
    at32m412_416_wk_config.o(i.wk_system_clock_config) refers to at32m412_416_crm.o(i.crm_apb1_div_set) for crm_apb1_div_set
    at32m412_416_wk_config.o(i.wk_system_clock_config) refers to at32m412_416_crm.o(i.crm_auto_step_mode_enable) for crm_auto_step_mode_enable
    at32m412_416_wk_config.o(i.wk_system_clock_config) refers to at32m412_416_crm.o(i.crm_sysclk_switch) for crm_sysclk_switch
    at32m412_416_wk_config.o(i.wk_system_clock_config) refers to at32m412_416_crm.o(i.crm_sysclk_switch_status_get) for crm_sysclk_switch_status_get
    at32m412_416_wk_config.o(i.wk_system_clock_config) refers to system_at32m412_416.o(i.system_core_clock_update) for system_core_clock_update
    main.o(i.main) refers to at32m412_416_wk_config.o(i.wk_system_clock_config) for wk_system_clock_config
    main.o(i.main) refers to at32m412_416_wk_config.o(i.wk_periph_clock_config) for wk_periph_clock_config
    main.o(i.main) refers to at32m412_416_wk_config.o(i.wk_nvic_config) for wk_nvic_config
    main.o(i.main) refers to wk_system.o(i.wk_timebase_init) for wk_timebase_init
    main.o(i.main) refers to wk_gpio.o(i.wk_gpio_config) for wk_gpio_config
    main.o(i.main) refers to wk_adc.o(i.wk_adc_common_init) for wk_adc_common_init
    main.o(i.main) refers to wk_adc.o(i.wk_adc2_init) for wk_adc2_init
    main.o(i.main) refers to wk_dma.o(i.wk_dma1_channel1_init) for wk_dma1_channel1_init
    main.o(i.main) refers to wk_dma.o(i.wk_dma_channel_config) for wk_dma_channel_config
    main.o(i.main) refers to at32m412_416_dma.o(i.dma_channel_enable) for dma_channel_enable
    main.o(i.main) refers to wk_usart.o(i.wk_usart1_init) for wk_usart1_init
    main.o(i.main) refers to wk_can.o(i.wk_can1_init) for wk_can1_init
    main.o(i.main) refers to wk_spi.o(i.wk_spi2_init) for wk_spi2_init
    main.o(i.main) refers to wk_crc.o(i.wk_crc_init) for wk_crc_init
    main.o(i.main) refers to wk_tmr.o(i.wk_tmr1_init) for wk_tmr1_init
    wk_system.o(.rev16_text) refers (Special) to use_no_semi_2.o(.text) for __use_no_semihosting
    wk_system.o(.revsh_text) refers (Special) to use_no_semi_2.o(.text) for __use_no_semihosting
    wk_system.o(.rrx_text) refers (Special) to use_no_semi_2.o(.text) for __use_no_semihosting
    wk_system.o(i._sys_exit) refers (Special) to use_no_semi_2.o(.text) for __use_no_semihosting
    wk_system.o(i._ttywrch) refers (Special) to use_no_semi_2.o(.text) for __use_no_semihosting
    wk_system.o(i.fputc) refers (Special) to use_no_semi_2.o(.text) for __use_no_semihosting
    wk_system.o(i.fputc) refers to at32m412_416_usart.o(i.usart_flag_get) for usart_flag_get
    wk_system.o(i.fputc) refers to at32m412_416_usart.o(i.usart_data_transmit) for usart_data_transmit
    wk_system.o(i.wk_delay_ms) refers (Special) to use_no_semi_2.o(.text) for __use_no_semihosting
[...]
    Removing at32m412_416_usart.o(i.usart_receiver_timeout_detection_enable), (10 bytes).
    Removing at32m412_416_usart.o(i.usart_receiver_timeout_value_set), (10 bytes).
    Removing at32m412_416_usart.o(i.usart_reset), (68 bytes).
    Removing at32m412_416_usart.o(i.usart_rs485_delay_time_config), (18 bytes).
    Removing at32m412_416_usart.o(i.usart_rs485_mode_enable), (10 bytes).
    Removing at32m412_416_usart.o(i.usart_single_line_halfduplex_select), (10 bytes).
    Removing at32m412_416_usart.o(i.usart_smartcard_guard_time_set), (10 bytes).
    Removing at32m412_416_usart.o(i.usart_smartcard_mode_enable), (10 bytes).
    Removing at32m412_416_usart.o(i.usart_smartcard_nack_set), (10 bytes).
    Removing at32m412_416_usart.o(i.usart_transmit_pin_polarity_reverse), (10 bytes).
    Removing at32m412_416_usart.o(i.usart_transmit_receive_pin_swap), (10 bytes).
    Removing at32m412_416_usart.o(i.usart_wakeup_id_set), (46 bytes).
    Removing at32m412_416_usart.o(i.usart_wakeup_mode_set), (10 bytes).
    Removing system_at32m412_416.o(.rev16_text), (4 bytes).
    Removing system_at32m412_416.o(.revsh_text), (4 bytes).
    Removing system_at32m412_416.o(.rrx_text), (6 bytes).

399 unused section(s) (total 13872 bytes) removed from the image.

==============================================================================

Image Symbol Table

    Local Symbols

    Symbol Name                              Value     Ov Type        Size  Object(Section)

    ../clib/angel/boardlib.s                 0x00000000   Number         0  boardinit1.o ABSOLUTE
    ../clib/angel/boardlib.s                 0x00000000   Number         0  boardshut.o ABSOLUTE
    ../clib/angel/boardlib.s                 0x00000000   Number         0  boardinit3.o ABSOLUTE
    ../clib/angel/boardlib.s                 0x00000000   Number         0  boardinit2.o ABSOLUTE
    ../clib/angel/handlers.s                 0x00000000   Number         0  __scatter_copy.o ABSOLUTE
    ../clib/angel/handlers.s                 0x00000000   Number         0  __scatter_zi.o ABSOLUTE
    ../clib/angel/kernel.s                   0x00000000   Number         0  __rtentry2.o ABSOLUTE
    ../clib/angel/kernel.s                   0x00000000   Number         0  __rtentry4.o ABSOLUTE
    ../clib/angel/kernel.s                   0x00000000   Number         0  rtexit2.o ABSOLUTE
    ../clib/angel/kernel.s                   0x00000000   Number         0  rtexit.o ABSOLUTE
    ../clib/angel/kernel.s                   0x00000000   Number         0  __rtentry.o ABSOLUTE
    ../clib/angel/rt.s                       0x00000000   Number         0  aeabi_ldiv0.o ABSOLUTE
    ../clib/angel/rt.s                       0x00000000   Number         0  aeabi_ldiv0_sigfpe.o ABSOLUTE
    ../clib/angel/rt.s                       0x00000000   Number         0  rt_div0.o ABSOLUTE
    ../clib/angel/rt.s                       0x00000000   Number         0  rt_raise.o ABSOLUTE
    ../clib/angel/scatter.s                  0x00000000   Number         0  __scatter.o ABSOLUTE
    ../clib/angel/startup.s                  0x00000000   Number         0  __main.o ABSOLUTE
    ../clib/angel/sys.s                      0x00000000   Number         0  indicate_semi.o ABSOLUTE
    ../clib/angel/sys.s                      0x00000000   Number         0  use_no_semi_2.o ABSOLUTE
    ../clib/angel/sys.s                      0x00000000   Number         0  sys_stackheap_outer.o ABSOLUTE
    ../clib/angel/sys.s                      0x00000000   Number         0  use_no_semi.o ABSOLUTE
    ../clib/angel/sys.s                      0x00000000   Number         0  libspace.o ABSOLUTE
    ../clib/angel/sysapp.c                   0x00000000   Number         0  sys_command.o ABSOLUTE
    ../clib/armsys.c                         0x00000000   Number         0  no_argv.o ABSOLUTE
    ../clib/armsys.c                         0x00000000   Number         0  _get_argv_nomalloc.o ABSOLUTE
    ../clib/armsys.c                         0x00000000   Number         0  argv_veneer.o ABSOLUTE
    ../clib/armsys.c                         0x00000000   Number         0  argv_veneer.o ABSOLUTE
    ../clib/heapalloc.c                      0x00000000   Number         0  hrguard.o ABSOLUTE
    ../clib/heapaux.c                        0x00000000   Number         0  heapauxi.o ABSOLUTE
    ../clib/libinit.s                        0x00000000   Number         0  libinit2.o ABSOLUTE
    ../clib/libinit.s                        0x00000000   Number         0  libinit.o ABSOLUTE
    ../clib/libinit.s                        0x00000000   Number         0  libshutdown.o ABSOLUTE
    ../clib/libinit.s                        0x00000000   Number         0  libshutdown2.o ABSOLUTE
    ../clib/longlong.s                       0x00000000   Number         0  lludivv7m.o ABSOLUTE
    ../clib/signal.c                         0x00000000   Number         0  defsig_rtmem_inner.o ABSOLUTE
    ../clib/signal.c                         0x00000000   Number         0  defsig_rtred_inner.o ABSOLUTE
    ../clib/signal.c                         0x00000000   Number         0  defsig_abrt_inner.o ABSOLUTE
    ../clib/signal.c                         0x00000000   Number         0  __raise.o ABSOLUTE
    ../clib/signal.c                         0x00000000   Number         0  defsig_general.o ABSOLUTE
    ../clib/signal.c                         0x00000000   Number         0  defsig_fpe_inner.o ABSOLUTE
    ../clib/signal.c                         0x00000000   Number         0  defsig_exit.o ABSOLUTE
    ../clib/signal.c                         0x00000000   Number         0  defsig_fpe_formal.o ABSOLUTE
    ../clib/signal.c                         0x00000000   Number         0  defsig_fpe_outer.o ABSOLUTE
    ../clib/signal.c                         0x00000000   Number         0  defsig_rtmem_formal.o ABSOLUTE
    ../clib/signal.c                         0x00000000   Number         0  defsig_rtmem_outer.o ABSOLUTE
    ../clib/signal.c                         0x00000000   Number         0  defsig_other.o ABSOLUTE
    ../clib/signal.c                         0x00000000   Number         0  defsig_segv_inner.o ABSOLUTE
    ../clib/signal.c                         0x00000000   Number         0  defsig_cppl_inner.o ABSOLUTE
    ../clib/signal.c                         0x00000000   Number         0  defsig_pvfn_inner.o ABSOLUTE
    ../clib/signal.c                         0x00000000   Number         0  defsig_stak_inner.o ABSOLUTE
    ../clib/signal.s                         0x00000000   Number         0  defsig.o ABSOLUTE
    ../clib/stdlib.c                         0x00000000   Number         0  exit.o ABSOLUTE
    ../fplib/fpinit.s                        0x00000000   Number         0  fpinit.o ABSOLUTE
    ..\..\libraries\cmsis\cm4\device_support\system_at32m412_416.c 0x00000000   Number         0  system_at32m412_416.o ABSOLUTE
    ..\..\libraries\drivers\src\at32m412_416_adc.c 0x00000000   Number         0  at32m412_416_adc.o ABSOLUTE
    ..\..\libraries\drivers\src\at32m412_416_can.c 0x00000000   Number         0  at32m412_416_can.o ABSOLUTE
    ..\..\libraries\drivers\src\at32m412_416_crc.c 0x00000000   Number         0  at32m412_416_crc.o ABSOLUTE
    ..\..\libraries\drivers\src\at32m412_416_crm.c 0x00000000   Number         0  at32m412_416_crm.o ABSOLUTE
    ..\..\libraries\drivers\src\at32m412_416_debug.c 0x00000000   Number         0  at32m412_416_debug.o ABSOLUTE
    ..\..\libraries\drivers\src\at32m412_416_dma.c 0x00000000   Number         0  at32m412_416_dma.o ABSOLUTE
    ..\..\libraries\drivers\src\at32m412_416_flash.c 0x00000000   Number         0  at32m412_416_flash.o ABSOLUTE
    ..\..\libraries\drivers\src\at32m412_416_gpio.c 0x00000000   Number         0  at32m412_416_gpio.o ABSOLUTE
    ..\..\libraries\drivers\src\at32m412_416_misc.c 0x00000000   Number         0  at32m412_416_misc.o ABSOLUTE
    ..\..\libraries\drivers\src\at32m412_416_pwc.c 0x00000000   Number         0  at32m412_416_pwc.o ABSOLUTE
    ..\..\libraries\drivers\src\at32m412_416_scfg.c 0x00000000   Number         0  at32m412_416_scfg.o ABSOLUTE
    ..\..\libraries\drivers\src\at32m412_416_spi.c 0x00000000   Number         0  at32m412_416_spi.o ABSOLUTE
    ..\..\libraries\drivers\src\at32m412_416_tmr.c 0x00000000   Number         0  at32m412_416_tmr.o ABSOLUTE
    ..\..\libraries\drivers\src\at32m412_416_usart.c 0x00000000   Number         0  at32m412_416_usart.o ABSOLUTE
    ..\\..\\libraries\\cmsis\\cm4\\device_support\\system_at32m412_416.c 0x00000000   Number         0  system_at32m412_416.o ABSOLUTE
    ..\\..\\libraries\\drivers\\src\\at32m412_416_adc.c 0x00000000   Number         0  at32m412_416_adc.o ABSOLUTE
    ..\\..\\libraries\\drivers\\src\\at32m412_416_can.c 0x00000000   Number         0  at32m412_416_can.o ABSOLUTE
    ..\\..\\libraries\\drivers\\src\\at32m412_416_crc.c 0x00000000   Number         0  at32m412_416_crc.o ABSOLUTE
    ..\\..\\libraries\\drivers\\src\\at32m412_416_crm.c 0x00000000   Number         0  at32m412_416_crm.o ABSOLUTE
    ..\\..\\libraries\\drivers\\src\\at32m412_416_debug.c 0x00000000   Number         0  at32m412_416_debug.o ABSOLUTE
    ..\\..\\libraries\\drivers\\src\\at32m412_416_dma.c 0x00000000   Number         0  at32m412_416_dma.o ABSOLUTE
    ..\\..\\libraries\\drivers\\src\\at32m412_416_flash.c 0x00000000   Number         0  at32m412_416_flash.o ABSOLUTE
    ..\\..\\libraries\\drivers\\src\\at32m412_416_gpio.c 0x00000000   Number         0  at32m412_416_gpio.o ABSOLUTE
    ..\\..\\libraries\\drivers\\src\\at32m412_416_misc.c 0x00000000   Number         0  at32m412_416_misc.o ABSOLUTE
    ..\\..\\libraries\\drivers\\src\\at32m412_416_pwc.c 0x00000000   Number         0  at32m412_416_pwc.o ABSOLUTE
    ..\\..\\libraries\\drivers\\src\\at32m412_416_scfg.c 0x00000000   Number         0  at32m412_416_scfg.o ABSOLUTE
    ..\\..\\libraries\\drivers\\src\\at32m412_416_spi.c 0x00000000   Number         0  at32m412_416_spi.o ABSOLUTE
    ..\\..\\libraries\\drivers\\src\\at32m412_416_tmr.c 0x00000000   Number         0  at32m412_416_tmr.o ABSOLUTE
    ..\\..\\libraries\\drivers\\src\\at32m412_416_usart.c 0x00000000   Number         0  at32m412_416_usart.o ABSOLUTE
    ..\\src\\at32m412_416_int.c              0x00000000   Number         0  at32m412_416_int.o ABSOLUTE
    ..\\src\\at32m412_416_wk_config.c        0x00000000   Number         0  at32m412_416_wk_config.o ABSOLUTE
    ..\\src\\main.c                          0x00000000   Number         0  main.o ABSOLUTE
    ..\\src\\wk_adc.c                        0x00000000   Number         0  wk_adc.o ABSOLUTE
    ..\\src\\wk_can.c                        0x00000000   Number         0  wk_can.o ABSOLUTE
    ..\\src\\wk_crc.c                        0x00000000   Number         0  wk_crc.o ABSOLUTE
    ..\\src\\wk_dma.c                        0x00000000   Number         0  wk_dma.o ABSOLUTE
    ..\\src\\wk_gpio.c                       0x00000000   Number         0  wk_gpio.o ABSOLUTE
    ..\\src\\wk_spi.c                        0x00000000   Number         0  wk_spi.o ABSOLUTE
    ..\\src\\wk_system.c                     0x00000000   Number         0  wk_system.o ABSOLUTE
    ..\\src\\wk_tmr.c                        0x00000000   Number         0  wk_tmr.o ABSOLUTE
    ..\\src\\wk_usart.c                      0x00000000   Number         0  wk_usart.o ABSOLUTE
    ..\src\at32m412_416_int.c                0x00000000   Number         0  at32m412_416_int.o ABSOLUTE
    ..\src\at32m412_416_wk_config.c          0x00000000   Number         0  at32m412_416_wk_config.o ABSOLUTE
    ..\src\main.c                            0x00000000   Number         0  main.o ABSOLUTE
    ..\src\wk_adc.c                          0x00000000   Number         0  wk_adc.o ABSOLUTE
    ..\src\wk_can.c                          0x00000000   Number         0  wk_can.o ABSOLUTE
    ..\src\wk_crc.c                          0x00000000   Number         0  wk_crc.o ABSOLUTE
    ..\src\wk_dma.c                          0x00000000   Number         0  wk_dma.o ABSOLUTE
    ..\src\wk_gpio.c                         0x00000000   Number         0  wk_gpio.o ABSOLUTE
    ..\src\wk_spi.c                          0x00000000   Number         0  wk_spi.o ABSOLUTE
    ..\src\wk_system.c                       0x00000000   Number         0  wk_system.o ABSOLUTE
    ..\src\wk_tmr.c                          0x00000000   Number         0  wk_tmr.o ABSOLUTE
    ..\src\wk_usart.c                        0x00000000   Number         0  wk_usart.o ABSOLUTE
    dc.s                                     0x00000000   Number         0  dc.o ABSOLUTE
    startup_at32m412_416.s                   0x00000000   Number         0  startup_at32m412_416.o ABSOLUTE
    RESET                                    0x08000000   Section      444  startup_at32m412_416.o(RESET)
    !!!main                                  0x080001bc   Section        8  __main.o(!!!main)
    !!!scatter                               0x080001c4   Section       52  __scatter.o(!!!scatter)
    !!handler_copy                           0x080001f8   Section       26  __scatter_copy.o(!!handler_copy)
    !!handler_zi                             0x08000214   Section       28  __scatter_zi.o(!!handler_zi)
    .ARM.Collect$$libinit$$00000000          0x08000230   Section        2  libinit.o(.ARM.Collect$$libinit$$00000000)
    .ARM.Collect$$libinit$$00000001          0x08000232   Section        4  libinit2.o(.ARM.Collect$$libinit$$00000001)
    .ARM.Collect$$libinit$$00000004          0x08000236   Section        0  libinit2.o(.ARM.Collect$$libinit$$00000004)
    .ARM.Collect$$libinit$$0000000A          0x08000236   Section        0  libinit2.o(.ARM.Collect$$libinit$$0000000A)
    .ARM.Collect$$libinit$$0000000C          0x08000236   Section        0  libinit2.o(.ARM.Collect$$libinit$$0000000C)
    .ARM.Collect$$libinit$$0000000E          0x08000236   Section        0  libinit2.o(.ARM.Collect$$libinit$$0000000E)
    .ARM.Collect$$libinit$$00000011          0x08000236   Section        0  libinit2.o(.ARM.Collect$$libinit$$00000011)
    .ARM.Collect$$libinit$$00000013          0x08000236   Section        0  libinit2.o(.ARM.Collect$$libinit$$00000013)
    .ARM.Collect$$libinit$$00000015          0x08000236   Section        0  libinit2.o(.ARM.Collect$$libinit$$00000015)
    .ARM.Collect$$libinit$$00000017          0x08000236   Section        0  libinit2.o(.ARM.Collect$$libinit$$00000017)
    .ARM.Collect$$libinit$$00000019          0x08000236   Section        0  libinit2.o(.ARM.Collect$$libinit$$00000019)
    .ARM.Collect$$libinit$$0000001B          0x08000236   Section        0  libinit2.o(.ARM.Collect$$libinit$$0000001B)
    .ARM.Collect$$libinit$$0000001D          0x08000236   Section        0  libinit2.o(.ARM.Collect$$libinit$$0000001D)
    .ARM.Collect$$libinit$$0000001F          0x08000236   Section        0  libinit2.o(.ARM.Collect$$libinit$$0000001F)
    .ARM.Collect$$libinit$$00000021          0x08000236   Section        0  libinit2.o(.ARM.Collect$$libinit$$00000021)
    .ARM.Collect$$libinit$$00000023          0x08000236   Section        0  libinit2.o(.ARM.Collect$$libinit$$00000023)
    .ARM.Collect$$libinit$$00000025          0x08000236   Section        0  libinit2.o(.ARM.Collect$$libinit$$00000025)
    .ARM.Collect$$libinit$$0000002C          0x08000236   Section        0  libinit2.o(.ARM.Collect$$libinit$$0000002C)
    .ARM.Collect$$libinit$$0000002E          0x08000236   Section        0  libinit2.o(.ARM.Collect$$libinit$$0000002E)
    .ARM.Collect$$libinit$$00000030          0x08000236   Section        0  libinit2.o(.ARM.Collect$$libinit$$00000030)
    .ARM.Collect$$libinit$$00000032          0x08000236   Section        0  libinit2.o(.ARM.Collect$$libinit$$00000032)
    .ARM.Collect$$libinit$$00000033          0x08000236   Section        2  libinit2.o(.ARM.Collect$$libinit$$00000033)
    .ARM.Collect$$libshutdown$$00000000      0x08000238   Section        2  libshutdown.o(.ARM.Collect$$libshutdown$$00000000)
    .ARM.Collect$$libshutdown$$00000002      0x0800023a   Section        0  libshutdown2.o(.ARM.Collect$$libshutdown$$00000002)
    .ARM.Collect$$libshutdown$$00000004      0x0800023a   Section        0  libshutdown2.o(.ARM.Collect$$libshutdown$$00000004)
    .ARM.Collect$$libshutdown$$00000006      0x0800023a   Section        0  libshutdown2.o(.ARM.Collect$$libshutdown$$00000006)
    .ARM.Collect$$libshutdown$$00000009      0x0800023a   Section        0  libshutdown2.o(.ARM.Collect$$libshutdown$$00000009)
    .ARM.Collect$$libshutdown$$0000000C      0x0800023a   Section        0  libshutdown2.o(.ARM.Collect$$libshutdown$$0000000C)
    .ARM.Collect$$libshutdown$$0000000E      0x0800023a   Section        0  libshutdown2.o(.ARM.Collect$$libshutdown$$0000000E)
    .ARM.Collect$$libshutdown$$00000011      0x0800023a   Section        0  libshutdown2.o(.ARM.Collect$$libshutdown$$00000011)
    .ARM.Collect$$libshutdown$$00000012      0x0800023a   Section        2  libshutdown2.o(.ARM.Collect$$libshutdown$$00000012)
    .ARM.Collect$$rtentry$$00000000          0x0800023c   Section        0  __rtentry.o(.ARM.Collect$$rtentry$$00000000)
    .ARM.Collect$$rtentry$$00000002          0x0800023c   Section        0  __rtentry2.o(.ARM.Collect$$rtentry$$00000002)
    .ARM.Collect$$rtentry$$00000004          0x0800023c   Section        6  __rtentry4.o(.ARM.Collect$$rtentry$$00000004)
    .ARM.Collect$$rtentry$$00000009          0x08000242   Section        0  __rtentry2.o(.ARM.Collect$$rtentry$$00000009)
    .ARM.Collect$$rtentry$$0000000A          0x08000242   Section        4  __rtentry2.o(.ARM.Collect$$rtentry$$0000000A)
    .ARM.Collect$$rtentry$$0000000C          0x08000246   Section        0  __rtentry2.o(.ARM.Collect$$rtentry$$0000000C)
    .ARM.Collect$$rtentry$$0000000D          0x08000246   Section        8  __rtentry2.o(.ARM.Collect$$rtentry$$0000000D)
    .ARM.Collect$$rtexit$$00000000           0x0800024e   Section        2  rtexit.o(.ARM.Collect$$rtexit$$00000000)
    .ARM.Collect$$rtexit$$00000002           0x08000250   Section        0  rtexit2.o(.ARM.Collect$$rtexit$$00000002)
    .ARM.Collect$$rtexit$$00000003           0x08000250   Section        4  rtexit2.o(.ARM.Collect$$rtexit$$00000003)
    .ARM.Collect$$rtexit$$00000004           0x08000254   Section        6  rtexit2.o(.ARM.Collect$$rtexit$$00000004)
    .text                                    0x0800025c   Section       64  startup_at32m412_416.o(.text)
    $v0                                      0x0800025c   Number         0  startup_at32m412_416.o(.text)
    .text                                    0x0800029c   Section        2  use_no_semi_2.o(.text)
    .text                                    0x0800029e   Section      238  lludivv7m.o(.text)
    .text                                    0x0800038c   Section        0  heapauxi.o(.text)
    .text                                    0x08000392   Section        2  use_no_semi.o(.text)
    .text                                    0x08000394   Section       74  sys_stackheap_outer.o(.text)
    .text                                    0x080003de   Section        0  exit.o(.text)
    .text                                    0x080003f0   Section        8  libspace.o(.text)
    i.ADC1_2_IRQHandler                      0x080003f8   Section        0  at32m412_416_int.o(i.ADC1_2_IRQHandler)
    i.BusFault_Handler                       0x080003fa   Section        0  at32m412_416_int.o(i.BusFault_Handler)
    i.DMA1_Channel1_IRQHandler               0x080003fe   Section        0  at32m412_416_int.o(i.DMA1_Channel1_IRQHandler)
    i.DebugMon_Handler                       0x08000400   Section        0  at32m412_416_int.o(i.DebugMon_Handler)
    i.HardFault_Handler                      0x08000402   Section        0  at32m412_416_int.o(i.HardFault_Handler)
    i.MemManage_Handler                      0x08000406   Section        0  at32m412_416_int.o(i.MemManage_Handler)
    i.NMI_Handler                            0x0800040a   Section        0  at32m412_416_int.o(i.NMI_Handler)
    i.NVIC_EncodePriority                    0x0800040c   Section        0  at32m412_416_wk_config.o(i.NVIC_EncodePriority)
    NVIC_EncodePriority                      0x0800040d   Thumb Code    64  at32m412_416_wk_config.o(i.NVIC_EncodePriority)
    i.PendSV_Handler                         0x0800044c   Section        0  at32m412_416_int.o(i.PendSV_Handler)
    i.SVC_Handler                            0x0800044e   Section        0  at32m412_416_int.o(i.SVC_Handler)
    i.SysTick_Handler                        0x08000450   Section        0  at32m412_416_int.o(i.SysTick_Handler)
    i.SystemInit                             0x08000458   Section        0  system_at32m412_416.o(i.SystemInit)
    i.UsageFault_Handler                     0x080004ec   Section        0  at32m412_416_int.o(i.UsageFault_Handler)
    i.__NVIC_GetPriorityGrouping             0x080004f0   Section        0  at32m412_416_wk_config.o(i.__NVIC_GetPriorityGrouping)
    __NVIC_GetPriorityGrouping               0x080004f1   Thumb Code    10  at32m412_416_wk_config.o(i.__NVIC_GetPriorityGrouping)
    i.__NVIC_SetPriority                     0x08000500   Section        0  at32m412_416_wk_config.o(i.__NVIC_SetPriority)
    __NVIC_SetPriority                       0x08000501   Thumb Code    32  at32m412_416_wk_config.o(i.__NVIC_SetPriority)
    i._sys_exit                              0x08000528   Section        0  wk_system.o(i._sys_exit)
    i.adc_base_config                        0x0800052a   Section        0  at32m412_416_adc.o(i.adc_base_config)
    i.adc_base_default_para_init             0x08000556   Section        0  at32m412_416_adc.o(i.adc_base_default_para_init)
    i.adc_calibration_init                   0x08000564   Section        0  at32m412_416_adc.o(i.adc_calibration_init)
    i.adc_calibration_init_status_get        0x08000570   Section        0  at32m412_416_adc.o(i.adc_calibration_init_status_get)
    i.adc_calibration_start                  0x08000582   Section        0  at32m412_416_adc.o(i.adc_calibration_start)
    i.adc_calibration_status_get             0x0800058e   Section        0  at32m412_416_adc.o(i.adc_calibration_status_get)
    i.adc_common_config                      0x080005a0   Section        0  at32m412_416_adc.o(i.adc_common_config)
    i.adc_common_default_para_init           0x08000634   Section        0  at32m412_416_adc.o(i.adc_common_default_para_init)
    i.adc_enable                             0x08000644   Section        0  at32m412_416_adc.o(i.adc_enable)
    i.adc_flag_get                           0x0800064e   Section        0  at32m412_416_adc.o(i.adc_flag_get)
    i.adc_preempt_channel_length_set         0x0800065e   Section        0  at32m412_416_adc.o(i.adc_preempt_channel_length_set)
    i.adc_preempt_channel_set                0x0800066a   Section        0  at32m412_416_adc.o(i.adc_preempt_channel_set)
    i.adc_preempt_conversion_trigger_set     0x080007d4   Section        0  at32m412_416_adc.o(i.adc_preempt_conversion_trigger_set)
    i.adc_preempt_offset_value_set           0x08000808   Section        0  at32m412_416_adc.o(i.adc_preempt_offset_value_set)
    i.adc_reset                              0x08000848   Section        0  at32m412_416_adc.o(i.adc_reset)
    i.adc_resolution_set                     0x08000860   Section        0  at32m412_416_adc.o(i.adc_resolution_set)
    i.can_bittime_default_para_init          0x0800086a   Section        0  at32m412_416_can.o(i.can_bittime_default_para_init)
    i.can_bittime_set                        0x08000888   Section        0  at32m412_416_can.o(i.can_bittime_set)
    i.can_error_warning_set                  0x080008e8   Section        0  at32m412_416_can.o(i.can_error_warning_set)
    i.can_fd_iso_mode_enable                 0x080008f2   Section        0  at32m412_416_can.o(i.can_fd_iso_mode_enable)
    i.can_mode_set                           0x080008fc   Section        0  at32m412_416_can.o(i.can_mode_set)
    i.can_rearbitration_limit_set            0x08000a22   Section        0  at32m412_416_can.o(i.can_rearbitration_limit_set)
    i.can_receive_all_enable                 0x08000a2c   Section        0  at32m412_416_can.o(i.can_receive_all_enable)
    i.can_restricted_operation_enable        0x08000a36   Section        0  at32m412_416_can.o(i.can_restricted_operation_enable)
    i.can_retransmission_limit_set           0x08000a40   Section        0  at32m412_416_can.o(i.can_retransmission_limit_set)
    i.can_rxbuf_overflow_mode_set            0x08000a4a   Section        0  at32m412_416_can.o(i.can_rxbuf_overflow_mode_set)
    i.can_rxbuf_warning_set                  0x08000a54   Section        0  at32m412_416_can.o(i.can_rxbuf_warning_set)
    i.can_software_reset                     0x08000a5e   Section        0  at32m412_416_can.o(i.can_software_reset)
    i.can_stb_transmit_mode_set              0x08000a68   Section        0  at32m412_416_can.o(i.can_stb_transmit_mode_set)
    i.crc_data_reset                         0x08000a74   Section        0  at32m412_416_crc.o(i.crc_data_reset)
    i.crc_init_data_set                      0x08000a88   Section        0  at32m412_416_crc.o(i.crc_init_data_set)
    i.crc_poly_size_set                      0x08000a94   Section        0  at32m412_416_crc.o(i.crc_poly_size_set)
    i.crc_poly_value_set                     0x08000aa8   Section        0  at32m412_416_crc.o(i.crc_poly_value_set)
    i.crc_reverse_input_data_set             0x08000ab4   Section        0  at32m412_416_crc.o(i.crc_reverse_input_data_set)
    i.crc_reverse_output_data_set            0x08000ac8   Section        0  at32m412_416_crc.o(i.crc_reverse_output_data_set)
    i.crm_ahb_div_set                        0x08000adc   Section        0  at32m412_416_crm.o(i.crm_ahb_div_set)
    i.crm_apb1_div_set                       0x08000b00   Section        0  at32m412_416_crm.o(i.crm_apb1_div_set)
    i.crm_apb2_div_set                       0x08000b14   Section        0  at32m412_416_crm.o(i.crm_apb2_div_set)
    i.crm_apb3_div_set                       0x08000b28   Section        0  at32m412_416_crm.o(i.crm_apb3_div_set)
    i.crm_auto_step_mode_enable              0x08000b3c   Section        0  at32m412_416_crm.o(i.crm_auto_step_mode_enable)
    i.crm_can_clock_select                   0x08000b64   Section        0  at32m412_416_crm.o(i.crm_can_clock_select)
    i.crm_clock_source_enable                0x08000b7c   Section        0  at32m412_416_crm.o(i.crm_clock_source_enable)
    i.crm_clocks_freq_get                    0x08000be4   Section        0  at32m412_416_crm.o(i.crm_clocks_freq_get)
    i.crm_flag_get                           0x08000d10   Section        0  at32m412_416_crm.o(i.crm_flag_get)
    i.crm_periph_clock_enable                0x08000d40   Section        0  at32m412_416_crm.o(i.crm_periph_clock_enable)
    i.crm_periph_reset                       0x08000d8c   Section        0  at32m412_416_crm.o(i.crm_periph_reset)
    i.crm_pll_config                         0x08000dd8   Section        0  at32m412_416_crm.o(i.crm_pll_config)
    i.crm_reset                              0x08000e0c   Section        0  at32m412_416_crm.o(i.crm_reset)
    i.crm_sysclk_switch                      0x08000e94   Section        0  at32m412_416_crm.o(i.crm_sysclk_switch)
    i.crm_sysclk_switch_status_get           0x08000eb8   Section        0  at32m412_416_crm.o(i.crm_sysclk_switch_status_get)
    i.dma_channel_enable                     0x08000ec8   Section        0  at32m412_416_dma.o(i.dma_channel_enable)
    i.dma_default_para_init                  0x08000ed2   Section        0  at32m412_416_dma.o(i.dma_default_para_init)
    i.dma_init                               0x08000eea   Section        0  at32m412_416_dma.o(i.dma_init)
    i.dma_reset                              0x08000f48   Section        0  at32m412_416_dma.o(i.dma_reset)
    i.dmamux_enable                          0x08000f80   Section        0  at32m412_416_dma.o(i.dmamux_enable)
    i.dmamux_init                            0x08000f8e   Section        0  at32m412_416_dma.o(i.dmamux_init)
    i.gpio_bits_set                          0x08000f98   Section        0  at32m412_416_gpio.o(i.gpio_bits_set)
    i.gpio_default_para_init                 0x08000f9c   Section        0  at32m412_416_gpio.o(i.gpio_default_para_init)
    i.gpio_init                              0x08000fb0   Section        0  at32m412_416_gpio.o(i.gpio_init)
    i.gpio_pin_mux_config                    0x0800102a   Section        0  at32m412_416_gpio.o(i.gpio_pin_mux_config)
    i.main                                   0x08001068   Section        0  main.o(i.main)
    i.nvic_irq_enable                        0x080010bc   Section        0  at32m412_416_misc.o(i.nvic_irq_enable)
    i.nvic_priority_group_config             0x08001184   Section        0  at32m412_416_misc.o(i.nvic_priority_group_config)
    i.spi_default_para_init                  0x080011ac   Section        0  at32m412_416_spi.o(i.spi_default_para_init)
    i.spi_enable                             0x080011c2   Section        0  at32m412_416_spi.o(i.spi_enable)
    i.spi_init                               0x080011cc   Section        0  at32m412_416_spi.o(i.spi_init)
    i.system_core_clock_update               0x08001324   Section        0  system_at32m412_416.o(i.system_core_clock_update)
    i.systick_clock_source_config            0x08001434   Section        0  at32m412_416_misc.o(i.systick_clock_source_config)
    i.tmr_base_init                          0x0800145c   Section        0  at32m412_416_tmr.o(i.tmr_base_init)
    i.tmr_brk2_config                        0x0800146c   Section        0  at32m412_416_tmr.o(i.tmr_brk2_config)
    i.tmr_brk_filter_value_set               0x0800148c   Section        0  at32m412_416_tmr.o(i.tmr_brk_filter_value_set)
    i.tmr_brkdt_config                       0x08001496   Section        0  at32m412_416_tmr.o(i.tmr_brkdt_config)
    i.tmr_channel_value_set                  0x080014de   Section        0  at32m412_416_tmr.o(i.tmr_channel_value_set)
    i.tmr_clock_source_div_set               0x08001534   Section        0  at32m412_416_tmr.o(i.tmr_clock_source_div_set)
    i.tmr_cnt_dir_set                        0x0800153e   Section        0  at32m412_416_tmr.o(i.tmr_cnt_dir_set)
    i.tmr_counter_enable                     0x08001548   Section        0  at32m412_416_tmr.o(i.tmr_counter_enable)
    i.tmr_output_channel_buffer_enable       0x08001552   Section        0  at32m412_416_tmr.o(i.tmr_output_channel_buffer_enable)
    i.tmr_output_channel_config              0x080015aa   Section        0  at32m412_416_tmr.o(i.tmr_output_channel_config)
    i.tmr_output_channel_immediately_set     0x080017a4   Section        0  at32m412_416_tmr.o(i.tmr_output_channel_immediately_set)
    i.tmr_output_enable                      0x080017fc   Section        0  at32m412_416_tmr.o(i.tmr_output_enable)
    i.tmr_period_buffer_enable               0x08001806   Section        0  at32m412_416_tmr.o(i.tmr_period_buffer_enable)
    i.tmr_primary_mode2_select               0x08001810   Section        0  at32m412_416_tmr.o(i.tmr_primary_mode2_select)
    i.tmr_primary_mode_select                0x0800181a   Section        0  at32m412_416_tmr.o(i.tmr_primary_mode_select)
    i.tmr_repetition_counter_set             0x08001828   Section        0  at32m412_416_tmr.o(i.tmr_repetition_counter_set)
    i.tmr_sub_sync_mode_set                  0x0800185c   Section        0  at32m412_416_tmr.o(i.tmr_sub_sync_mode_set)
    i.usart_enable                           0x08001866   Section        0  at32m412_416_usart.o(i.usart_enable)
    i.usart_hardware_flow_control_set        0x08001870   Section        0  at32m412_416_usart.o(i.usart_hardware_flow_control_set)
    i.usart_init                             0x080018d8   Section        0  at32m412_416_usart.o(i.usart_init)
    i.usart_parity_selection_config          0x08001978   Section        0  at32m412_416_usart.o(i.usart_parity_selection_config)
    i.usart_receiver_enable                  0x080019c4   Section        0  at32m412_416_usart.o(i.usart_receiver_enable)
    i.usart_transmitter_enable               0x080019ce   Section        0  at32m412_416_usart.o(i.usart_transmitter_enable)
    i.wk_adc2_init                           0x080019d8   Section        0  wk_adc.o(i.wk_adc2_init)
    i.wk_adc_common_init                     0x08001b08   Section        0  wk_adc.o(i.wk_adc_common_init)
    i.wk_can1_init                           0x08001b3c   Section        0  wk_can.o(i.wk_can1_init)
    i.wk_crc_init                            0x08001c50   Section        0  wk_crc.o(i.wk_crc_init)
    i.wk_dma1_channel1_init                  0x08001c78   Section        0  wk_dma.o(i.wk_dma1_channel1_init)
    i.wk_dma_channel_config                  0x08001cd0   Section        0  wk_dma.o(i.wk_dma_channel_config)
    i.wk_gpio_config                         0x08001cd8   Section        0  wk_gpio.o(i.wk_gpio_config)
    i.wk_nvic_config                         0x08001d60   Section        0  at32m412_416_wk_config.o(i.wk_nvic_config)
    i.wk_periph_clock_config                 0x08001e34   Section        0  at32m412_416_wk_config.o(i.wk_periph_clock_config)
    i.wk_spi2_init                           0x08001eac   Section        0  wk_spi.o(i.wk_spi2_init)
    i.wk_system_clock_config                 0x08001f88   Section        0  at32m412_416_wk_config.o(i.wk_system_clock_config)
    i.wk_timebase_handler                    0x08002040   Section        0  wk_system.o(i.wk_timebase_handler)
    i.wk_timebase_increase                   0x08002048   Section        0  wk_system.o(i.wk_timebase_increase)
    i.wk_timebase_init                       0x08002058   Section        0  wk_system.o(i.wk_timebase_init)
    i.wk_tmr1_init                           0x0800208c   Section        0  wk_tmr.o(i.wk_tmr1_init)
    i.wk_usart1_init                         0x080022ec   Section        0  wk_usart.o(i.wk_usart1_init)
    x$fpl$fpinit                             0x08002390   Section       10  fpinit.o(x$fpl$fpinit)
    $v0                                      0x08002390   Number         0  fpinit.o(x$fpl$fpinit)
    .constdata                               0x0800239a   Section       38  at32m412_416_crm.o(.constdata)
    sclk_ahb_div_table                       0x0800239a   Data          16  at32m412_416_crm.o(.constdata)
    ahb_apb1_div_table                       0x080023aa   Data           8  at32m412_416_crm.o(.constdata)
    ahb_apb2_div_table                       0x080023b2   Data           8  at32m412_416_crm.o(.constdata)
    pll_fr_table                             0x080023ba   Data           6  at32m412_416_crm.o(.constdata)
    .constdata                               0x080023c0   Section       22  system_at32m412_416.o(.constdata)
    sys_ahb_div_table                        0x080023c0   Data          16  system_at32m412_416.o(.constdata)
    pll_fr_table                             0x080023d0   Data           6  system_at32m412_416.o(.constdata)
    .data                                    0x20000000   Section        8  wk_system.o(.data)
    .data                                    0x20000008   Section        4  system_at32m412_416.o(.data)
    .bss                                     0x2000000c   Section       96  libspace.o(.bss)
    HEAP                                     0x20000070   Section      512  startup_at32m412_416.o(HEAP)
    Heap_Mem                                 0x20000070   Data         512  startup_at32m412_416.o(HEAP)
    STACK                                    0x20000270   Section     1024  startup_at32m412_416.o(STACK)
    Stack_Mem                                0x20000270   Data        1024  startup_at32m412_416.o(STACK)
    __initial_sp                             0x20000670   Data           0  startup_at32m412_416.o(STACK)

    Global Symbols

    Symbol Name                              Value     Ov Type        Size  Object(Section)

    BuildAttributes$$THM_ISAv4$E$P$D$K$B$S$7EM$VFPi3$EXTD16$VFPS$VFMA$PE$A:L22UL41UL21$X:L11$S22US41US21$IEEE1$IW$USESV6$~STKCKD$USESV7$~SHL$OSPACE$ROPI$EBA8$UX$STANDARDLIB$REQ8$PRES8$EABIv2 0x00000000   Number         0  anon$$obj.o ABSOLUTE
    __ARM_use_no_argv                        0x00000000   Number         0  main.o ABSOLUTE
    __ARM_exceptions_init                     - Undefined Weak Reference
    __alloca_initialize                       - Undefined Weak Reference
    __arm_fini_                               - Undefined Weak Reference
    __arm_preinit_                            - Undefined Weak Reference
    __cpp_initialize__aeabi_                  - Undefined Weak Reference
    __cxa_finalize                            - Undefined Weak Reference
    __rt_locale                               - Undefined Weak Reference
    __sigvec_lookup                           - Undefined Weak Reference
    _atexit_init                              - Undefined Weak Reference
    _call_atexit_fns                          - Undefined Weak Reference
    _clock_init                               - Undefined Weak Reference
    _fp_trap_init                             - Undefined Weak Reference
    _fp_trap_shutdown                         - Undefined Weak Reference
    _get_lc_collate                           - Undefined Weak Reference
    _get_lc_ctype                             - Undefined Weak Reference
    _get_lc_monetary                          - Undefined Weak Reference
    _get_lc_numeric                           - Undefined Weak Reference
    _get_lc_time                              - Undefined Weak Reference
    _getenv_init                              - Undefined Weak Reference
    _handle_redirection                       - Undefined Weak Reference
    _init_alloc                               - Undefined Weak Reference
    _init_user_alloc                          - Undefined Weak Reference
    _initio                                   - Undefined Weak Reference
    _rand_init                                - Undefined Weak Reference
    _signal_finish                            - Undefined Weak Reference
    _signal_init                              - Undefined Weak Reference
    _terminate_alloc                          - Undefined Weak Reference
    _terminate_user_alloc                     - Undefined Weak Reference
    _terminateio                              - Undefined Weak Reference
    __Vectors_Size                           0x000001bc   Number         0  startup_at32m412_416.o ABSOLUTE
    __Vectors                                0x08000000   Data           4  startup_at32m412_416.o(RESET)
    __Vectors_End                            0x080001bc   Data           0  startup_at32m412_416.o(RESET)
    __main                                   0x080001bd   Thumb Code     8  __main.o(!!!main)
    __scatterload                            0x080001c5   Thumb Code     0  __scatter.o(!!!scatter)
    __scatterload_rt2                        0x080001c5   Thumb Code    44  __scatter.o(!!!scatter)
    __scatterload_rt2_thumb_only             0x080001c5   Thumb Code     0  __scatter.o(!!!scatter)
    __scatterload_null                       0x080001d3   Thumb Code     0  __scatter.o(!!!scatter)
    __scatterload_copy                       0x080001f9   Thumb Code    26  __scatter_copy.o(!!handler_copy)
    __scatterload_zeroinit                   0x08000215   Thumb Code    28  __scatter_zi.o(!!handler_zi)
    __rt_lib_init                            0x08000231   Thumb Code     0  libinit.o(.ARM.Collect$$libinit$$00000000)
    __rt_lib_init_fp_1                       0x08000233   Thumb Code     0  libinit2.o(.ARM.Collect$$libinit$$00000001)
    __rt_lib_init_alloca_1                   0x08000237   Thumb Code     0  libinit2.o(.ARM.Collect$$libinit$$0000002E)
    __rt_lib_init_argv_1                     0x08000237   Thumb Code     0  libinit2.o(.ARM.Collect$$libinit$$0000002C)
    __rt_lib_init_atexit_1                   0x08000237   Thumb Code     0  libinit2.o(.ARM.Collect$$libinit$$0000001B)
    __rt_lib_init_clock_1                    0x08000237   Thumb Code     0  libinit2.o(.ARM.Collect$$libinit$$00000021)
    __rt_lib_init_cpp_1                      0x08000237   Thumb Code     0  libinit2.o(.ARM.Collect$$libinit$$00000032)
    __rt_lib_init_exceptions_1               0x08000237   Thumb Code     0  libinit2.o(.ARM.Collect$$libinit$$00000030)
    __rt_lib_init_fp_trap_1                  0x08000237   Thumb Code     0  libinit2.o(.ARM.Collect$$libinit$$0000001F)
    __rt_lib_init_getenv_1                   0x08000237   Thumb Code     0  libinit2.o(.ARM.Collect$$libinit$$00000023)
    __rt_lib_init_heap_1                     0x08000237   Thumb Code     0  libinit2.o(.ARM.Collect$$libinit$$0000000A)
    __rt_lib_init_lc_collate_1               0x08000237   Thumb Code     0  libinit2.o(.ARM.Collect$$libinit$$00000011)
    __rt_lib_init_lc_ctype_1                 0x08000237   Thumb Code     0  libinit2.o(.ARM.Collect$$libinit$$00000013)
    __rt_lib_init_lc_monetary_1              0x08000237   Thumb Code     0  libinit2.o(.ARM.Collect$$libinit$$00000015)
    __rt_lib_init_lc_numeric_1               0x08000237   Thumb Code     0  libinit2.o(.ARM.Collect$$libinit$$00000017)
    __rt_lib_init_lc_time_1                  0x08000237   Thumb Code     0  libinit2.o(.ARM.Collect$$libinit$$00000019)
    __rt_lib_init_preinit_1                  0x08000237   Thumb Code     0  libinit2.o(.ARM.Collect$$libinit$$00000004)
    __rt_lib_init_rand_1                     0x08000237   Thumb Code     0  libinit2.o(.ARM.Collect$$libinit$$0000000E)
    __rt_lib_init_return                     0x08000237   Thumb Code     0  libinit2.o(.ARM.Collect$$libinit$$00000033)
    __rt_lib_init_signal_1                   0x08000237   Thumb Code     0  libinit2.o(.ARM.Collect$$libinit$$0000001D)
    __rt_lib_init_stdio_1                    0x08000237   Thumb Code     0  libinit2.o(.ARM.Collect$$libinit$$00000025)
    __rt_lib_init_user_alloc_1               0x08000237   Thumb Code     0  libinit2.o(.ARM.Collect$$libinit$$0000000C)
    __rt_lib_shutdown                        0x08000239   Thumb Code     0  libshutdown.o(.ARM.Collect$$libshutdown$$00000000)
    __rt_lib_shutdown_cpp_1                  0x0800023b   Thumb Code     0  libshutdown2.o(.ARM.Collect$$libshutdown$$00000004)
    __rt_lib_shutdown_fini_1                 0x0800023b   Thumb Code     0  libshutdown2.o(.ARM.Collect$$libshutdown$$00000002)
    __rt_lib_shutdown_fp_trap_1              0x0800023b   Thumb Code     0  libshutdown2.o(.ARM.Collect$$libshutdown$$00000009)
    __rt_lib_shutdown_heap_1                 0x0800023b   Thumb Code     0  libshutdown2.o(.ARM.Collect$$libshutdown$$00000011)
    __rt_lib_shutdown_return                 0x0800023b   Thumb Code     0  libshutdown2.o(.ARM.Collect$$libshutdown$$00000012)
    __rt_lib_shutdown_signal_1               0x0800023b   Thumb Code     0  libshutdown2.o(.ARM.Collect$$libshutdown$$0000000C)
    __rt_lib_shutdown_stdio_1                0x0800023b   Thumb Code     0  libshutdown2.o(.ARM.Collect$$libshutdown$$00000006)
    __rt_lib_shutdown_user_alloc_1           0x0800023b   Thumb Code     0  libshutdown2.o(.ARM.Collect$$libshutdown$$0000000E)
    __rt_entry                               0x0800023d   Thumb Code     0  __rtentry.o(.ARM.Collect$$rtentry$$00000000)
    __rt_entry_presh_1                       0x0800023d   Thumb Code     0  __rtentry2.o(.ARM.Collect$$rtentry$$00000002)
    __rt_entry_sh                            0x0800023d   Thumb Code     0  __rtentry4.o(.ARM.Collect$$rtentry$$00000004)
    __rt_entry_li                            0x08000243   Thumb Code     0  __rtentry2.o(.ARM.Collect$$rtentry$$0000000A)
    __rt_entry_postsh_1                      0x08000243   Thumb Code     0  __rtentry2.o(.ARM.Collect$$rtentry$$00000009)
    __rt_entry_main                          0x08000247   Thumb Code     0  __rtentry2.o(.ARM.Collect$$rtentry$$0000000D)
    __rt_entry_postli_1                      0x08000247   Thumb Code     0  __rtentry2.o(.ARM.Collect$$rtentry$$0000000C)
    __rt_exit                                0x0800024f   Thumb Code     0  rtexit.o(.ARM.Collect$$rtexit$$00000000)
    __rt_exit_ls                             0x08000251   Thumb Code     0  rtexit2.o(.ARM.Collect$$rtexit$$00000003)
    __rt_exit_prels_1                        0x08000251   Thumb Code     0  rtexit2.o(.ARM.Collect$$rtexit$$00000002)
    __rt_exit_exit                           0x08000255   Thumb Code     0  rtexit2.o(.ARM.Collect$$rtexit$$00000004)
    Reset_Handler                            0x0800025d   Thumb Code     8  startup_at32m412_416.o(.text)
    CAN1_ERR_IRQHandler                      0x08000277   Thumb Code     0  startup_at32m412_416.o(.text)
    CAN1_RX_IRQHandler                       0x08000277   Thumb Code     0  startup_at32m412_416.o(.text)
    CAN1_STAT_IRQHandler                     0x08000277   Thumb Code     0  startup_at32m412_416.o(.text)
    CAN1_TX_IRQHandler                       0x08000277   Thumb Code     0  startup_at32m412_416.o(.text)
    CMP2_1_IRQHandler                        0x08000277   Thumb Code     0  startup_at32m412_416.o(.text)
    CRM_IRQHandler                           0x08000277   Thumb Code     0  startup_at32m412_416.o(.text)
    DMA1_Channel2_IRQHandler                 0x08000277   Thumb Code     0  startup_at32m412_416.o(.text)
    DMA1_Channel3_IRQHandler                 0x08000277   Thumb Code     0  startup_at32m412_416.o(.text)
    DMA1_Channel4_IRQHandler                 0x08000277   Thumb Code     0  startup_at32m412_416.o(.text)
    DMA1_Channel5_IRQHandler                 0x08000277   Thumb Code     0  startup_at32m412_416.o(.text)
    DMA1_Channel6_IRQHandler                 0x08000277   Thumb Code     0  startup_at32m412_416.o(.text)
    DMA1_Channel7_IRQHandler                 0x08000277   Thumb Code     0  startup_at32m412_416.o(.text)
    DMAMUX_IRQHandler                        0x08000277   Thumb Code     0  startup_at32m412_416.o(.text)
    ERTCAlarm_IRQHandler                     0x08000277   Thumb Code     0  startup_at32m412_416.o(.text)
    ERTC_WKUP_IRQHandler                     0x08000277   Thumb Code     0  startup_at32m412_416.o(.text)
    EXINT0_IRQHandler                        0x08000277   Thumb Code     0  startup_at32m412_416.o(.text)
    EXINT15_10_IRQHandler                    0x08000277   Thumb Code     0  startup_at32m412_416.o(.text)
    EXINT1_IRQHandler                        0x08000277   Thumb Code     0  startup_at32m412_416.o(.text)
    EXINT2_IRQHandler                        0x08000277   Thumb Code     0  startup_at32m412_416.o(.text)
    EXINT3_IRQHandler                        0x08000277   Thumb Code     0  startup_at32m412_416.o(.text)
    EXINT4_IRQHandler                        0x08000277   Thumb Code     0  startup_at32m412_416.o(.text)
    EXINT9_5_IRQHandler                      0x08000277   Thumb Code     0  startup_at32m412_416.o(.text)
    FLASH_IRQHandler                         0x08000277   Thumb Code     0  startup_at32m412_416.o(.text)
    FPU_IRQHandler                           0x08000277   Thumb Code     0  startup_at32m412_416.o(.text)
    I2C1_ERR_IRQHandler                      0x08000277   Thumb Code     0  startup_at32m412_416.o(.text)
    I2C1_EVT_IRQHandler                      0x08000277   Thumb Code     0  startup_at32m412_416.o(.text)
    I2C2_ERR_IRQHandler                      0x08000277   Thumb Code     0  startup_at32m412_416.o(.text)
    I2C2_EVT_IRQHandler                      0x08000277   Thumb Code     0  startup_at32m412_416.o(.text)
    PVM_IRQHandler                           0x08000277   Thumb Code     0  startup_at32m412_416.o(.text)
    SPI1_IRQHandler                          0x08000277   Thumb Code     0  startup_at32m412_416.o(.text)
    SPI2_IRQHandler                          0x08000277   Thumb Code     0  startup_at32m412_416.o(.text)
    TAMP_STAMP_IRQHandler                    0x08000277   Thumb Code     0  startup_at32m412_416.o(.text)
    TMR1_BRK_TMR9_IRQHandler                 0x08000277   Thumb Code     0  startup_at32m412_416.o(.text)
    TMR1_CH_IRQHandler                       0x08000277   Thumb Code     0  startup_at32m412_416.o(.text)
    TMR1_OVF_TMR10_IRQHandler                0x08000277   Thumb Code     0  startup_at32m412_416.o(.text)
    TMR1_TRG_HALL_TMR11_IRQHandler           0x08000277   Thumb Code     0  startup_at32m412_416.o(.text)
    TMR3_GLOBAL_IRQHandler                   0x08000277   Thumb Code     0  startup_at32m412_416.o(.text)
    TMR4_GLOBAL_IRQHandler                   0x08000277   Thumb Code     0  startup_at32m412_416.o(.text)
    TMR6_DAC_GLOBAL_IRQHandler               0x08000277   Thumb Code     0  startup_at32m412_416.o(.text)
    TMR7_GLOBAL_IRQHandler                   0x08000277   Thumb Code     0  startup_at32m412_416.o(.text)
    USART1_IRQHandler                        0x08000277   Thumb Code     0  startup_at32m412_416.o(.text)
    USART2_IRQHandler                        0x08000277   Thumb Code     0  startup_at32m412_416.o(.text)
    WWDT_IRQHandler                          0x08000277   Thumb Code     0  startup_at32m412_416.o(.text)
    __user_initial_stackheap                 0x08000279   Thumb Code     0  startup_at32m412_416.o(.text)
    __use_no_semihosting                     0x0800029d   Thumb Code     2  use_no_semi_2.o(.text)
    __aeabi_uldivmod                         0x0800029f   Thumb Code     0  lludivv7m.o(.text)
    _ll_udiv                                 0x0800029f   Thumb Code   238  lludivv7m.o(.text)
    __use_two_region_memory                  0x0800038d   Thumb Code     2  heapauxi.o(.text)
    __rt_heap_escrow$2region                 0x0800038f   Thumb Code     2  heapauxi.o(.text)
    __rt_heap_expand$2region                 0x08000391   Thumb Code     2  heapauxi.o(.text)
    __I$use$semihosting                      0x08000393   Thumb Code     0  use_no_semi.o(.text)
    __use_no_semihosting_swi                 0x08000393   Thumb Code     2  use_no_semi.o(.text)
    __user_setup_stackheap                   0x08000395   Thumb Code    74  sys_stackheap_outer.o(.text)
    exit                                     0x080003df   Thumb Code    18  exit.o(.text)
    __user_libspace                          0x080003f1   Thumb Code     8  libspace.o(.text)
    __user_perproc_libspace                  0x080003f1   Thumb Code     0  libspace.o(.text)
    __user_perthread_libspace                0x080003f1   Thumb Code     0  libspace.o(.text)
    ADC1_2_IRQHandler                        0x080003f9   Thumb Code     2  at32m412_416_int.o(i.ADC1_2_IRQHandler)
    BusFault_Handler                         0x080003fb   Thumb Code     4  at32m412_416_int.o(i.BusFault_Handler)
    DMA1_Channel1_IRQHandler                 0x080003ff   Thumb Code     2  at32m412_416_int.o(i.DMA1_Channel1_IRQHandler)
    DebugMon_Handler                         0x08000401   Thumb Code     2  at32m412_416_int.o(i.DebugMon_Handler)
    HardFault_Handler                        0x08000403   Thumb Code     4  at32m412_416_int.o(i.HardFault_Handler)
    MemManage_Handler                        0x08000407   Thumb Code     4  at32m412_416_int.o(i.MemManage_Handler)
    NMI_Handler                              0x0800040b   Thumb Code     2  at32m412_416_int.o(i.NMI_Handler)
    PendSV_Handler                           0x0800044d   Thumb Code     2  at32m412_416_int.o(i.PendSV_Handler)
    SVC_Handler                              0x0800044f   Thumb Code     2  at32m412_416_int.o(i.SVC_Handler)
    SysTick_Handler                          0x08000451   Thumb Code     8  at32m412_416_int.o(i.SysTick_Handler)
    SystemInit                               0x08000459   Thumb Code   132  system_at32m412_416.o(i.SystemInit)
    UsageFault_Handler                       0x080004ed   Thumb Code     4  at32m412_416_int.o(i.UsageFault_Handler)
    _sys_exit                                0x08000529   Thumb Code     2  wk_system.o(i._sys_exit)
    adc_base_config                          0x0800052b   Thumb Code    44  at32m412_416_adc.o(i.adc_base_config)
    adc_base_default_para_init               0x08000557   Thumb Code    14  at32m412_416_adc.o(i.adc_base_default_para_init)
    adc_calibration_init                     0x08000565   Thumb Code    12  at32m412_416_adc.o(i.adc_calibration_init)
    adc_calibration_init_status_get          0x08000571   Thumb Code    18  at32m412_416_adc.o(i.adc_calibration_init_status_get)
    adc_calibration_start                    0x08000583   Thumb Code    12  at32m412_416_adc.o(i.adc_calibration_start)
    adc_calibration_status_get               0x0800058f   Thumb Code    18  at32m412_416_adc.o(i.adc_calibration_status_get)
    adc_common_config                        0x080005a1   Thumb Code   138  at32m412_416_adc.o(i.adc_common_config)
    adc_common_default_para_init             0x08000635   Thumb Code    16  at32m412_416_adc.o(i.adc_common_default_para_init)
    adc_enable                               0x08000645   Thumb Code    10  at32m412_416_adc.o(i.adc_enable)
    adc_flag_get                             0x0800064f   Thumb Code    16  at32m412_416_adc.o(i.adc_flag_get)
    adc_preempt_channel_length_set           0x0800065f   Thumb Code    12  at32m412_416_adc.o(i.adc_preempt_channel_length_set)
    adc_preempt_channel_set                  0x0800066b   Thumb Code   362  at32m412_416_adc.o(i.adc_preempt_channel_set)
    adc_preempt_conversion_trigger_set       0x080007d5   Thumb Code    52  at32m412_416_adc.o(i.adc_preempt_conversion_trigger_set)
    adc_preempt_offset_value_set             0x08000809   Thumb Code    62  at32m412_416_adc.o(i.adc_preempt_offset_value_set)
    adc_reset                                0x08000849   Thumb Code    20  at32m412_416_adc.o(i.adc_reset)
    adc_resolution_set                       0x08000861   Thumb Code    10  at32m412_416_adc.o(i.adc_resolution_set)
    can_bittime_default_para_init            0x0800086b   Thumb Code    30  at32m412_416_can.o(i.can_bittime_default_para_init)
    can_bittime_set                          0x08000889   Thumb Code    96  at32m412_416_can.o(i.can_bittime_set)
    can_error_warning_set                    0x080008e9   Thumb Code    10  at32m412_416_can.o(i.can_error_warning_set)
    can_fd_iso_mode_enable                   0x080008f3   Thumb Code    10  at32m412_416_can.o(i.can_fd_iso_mode_enable)
    can_mode_set                             0x080008fd   Thumb Code   294  at32m412_416_can.o(i.can_mode_set)
    can_rearbitration_limit_set              0x08000a23   Thumb Code    10  at32m412_416_can.o(i.can_rearbitration_limit_set)
    can_receive_all_enable                   0x08000a2d   Thumb Code    10  at32m412_416_can.o(i.can_receive_all_enable)
    can_restricted_operation_enable          0x08000a37   Thumb Code    10  at32m412_416_can.o(i.can_restricted_operation_enable)
    can_retransmission_limit_set             0x08000a41   Thumb Code    10  at32m412_416_can.o(i.can_retransmission_limit_set)
    can_rxbuf_overflow_mode_set              0x08000a4b   Thumb Code    10  at32m412_416_can.o(i.can_rxbuf_overflow_mode_set)
    can_rxbuf_warning_set                    0x08000a55   Thumb Code    10  at32m412_416_can.o(i.can_rxbuf_warning_set)
    can_software_reset                       0x08000a5f   Thumb Code    10  at32m412_416_can.o(i.can_software_reset)
    can_stb_transmit_mode_set                0x08000a69   Thumb Code    10  at32m412_416_can.o(i.can_stb_transmit_mode_set)
    crc_data_reset                           0x08000a75   Thumb Code    16  at32m412_416_crc.o(i.crc_data_reset)
    crc_init_data_set                        0x08000a89   Thumb Code     6  at32m412_416_crc.o(i.crc_init_data_set)
    crc_poly_size_set                        0x08000a95   Thumb Code    14  at32m412_416_crc.o(i.crc_poly_size_set)
    crc_poly_value_set                       0x08000aa9   Thumb Code     6  at32m412_416_crc.o(i.crc_poly_value_set)
    crc_reverse_input_data_set               0x08000ab5   Thumb Code    14  at32m412_416_crc.o(i.crc_reverse_input_data_set)
    crc_reverse_output_data_set              0x08000ac9   Thumb Code    14  at32m412_416_crc.o(i.crc_reverse_output_data_set)
    crm_ahb_div_set                          0x08000add   Thumb Code    30  at32m412_416_crm.o(i.crm_ahb_div_set)
    crm_apb1_div_set                         0x08000b01   Thumb Code    14  at32m412_416_crm.o(i.crm_apb1_div_set)
    crm_apb2_div_set                         0x08000b15   Thumb Code    14  at32m412_416_crm.o(i.crm_apb2_div_set)
    crm_apb3_div_set                         0x08000b29   Thumb Code    14  at32m412_416_crm.o(i.crm_apb3_div_set)
    crm_auto_step_mode_enable                0x08000b3d   Thumb Code    34  at32m412_416_crm.o(i.crm_auto_step_mode_enable)
    crm_can_clock_select                     0x08000b65   Thumb Code    20  at32m412_416_crm.o(i.crm_can_clock_select)
    crm_clock_source_enable                  0x08000b7d   Thumb Code    98  at32m412_416_crm.o(i.crm_clock_source_enable)
    crm_clocks_freq_get                      0x08000be5   Thumb Code   272  at32m412_416_crm.o(i.crm_clocks_freq_get)
    crm_flag_get                             0x08000d11   Thumb Code    44  at32m412_416_crm.o(i.crm_flag_get)
    crm_periph_clock_enable                  0x08000d41   Thumb Code    70  at32m412_416_crm.o(i.crm_periph_clock_enable)
    crm_periph_reset                         0x08000d8d   Thumb Code    70  at32m412_416_crm.o(i.crm_periph_reset)
    crm_pll_config                           0x08000dd9   Thumb Code    46  at32m412_416_crm.o(i.crm_pll_config)
    crm_reset                                0x08000e0d   Thumb Code   124  at32m412_416_crm.o(i.crm_reset)
    crm_sysclk_switch                        0x08000e95   Thumb Code    30  at32m412_416_crm.o(i.crm_sysclk_switch)
    crm_sysclk_switch_status_get             0x08000eb9   Thumb Code    10  at32m412_416_crm.o(i.crm_sysclk_switch_status_get)
    dma_channel_enable                       0x08000ec9   Thumb Code    10  at32m412_416_dma.o(i.dma_channel_enable)
    dma_default_para_init                    0x08000ed3   Thumb Code    24  at32m412_416_dma.o(i.dma_default_para_init)
    dma_init                                 0x08000eeb   Thumb Code    94  at32m412_416_dma.o(i.dma_init)
    dma_reset                                0x08000f49   Thumb Code    50  at32m412_416_dma.o(i.dma_reset)
    dmamux_enable                            0x08000f81   Thumb Code    14  at32m412_416_dma.o(i.dmamux_enable)
    dmamux_init                              0x08000f8f   Thumb Code    10  at32m412_416_dma.o(i.dmamux_init)
    gpio_bits_set                            0x08000f99   Thumb Code     4  at32m412_416_gpio.o(i.gpio_bits_set)
    gpio_default_para_init                   0x08000f9d   Thumb Code    20  at32m412_416_gpio.o(i.gpio_default_para_init)
    gpio_init                                0x08000fb1   Thumb Code   122  at32m412_416_gpio.o(i.gpio_init)
    gpio_pin_mux_config                      0x0800102b   Thumb Code    60  at32m412_416_gpio.o(i.gpio_pin_mux_config)
    main                                     0x08001069   Thumb Code    76  main.o(i.main)
    nvic_irq_enable                          0x080010bd   Thumb Code   190  at32m412_416_misc.o(i.nvic_irq_enable)
    nvic_priority_group_config               0x08001185   Thumb Code    32  at32m412_416_misc.o(i.nvic_priority_group_config)
    spi_default_para_init                    0x080011ad   Thumb Code    22  at32m412_416_spi.o(i.spi_default_para_init)
    spi_enable                               0x080011c3   Thumb Code    10  at32m412_416_spi.o(i.spi_enable)
    spi_init                                 0x080011cd   Thumb Code   344  at32m412_416_spi.o(i.spi_init)
    system_core_clock_update                 0x08001325   Thumb Code   248  system_at32m412_416.o(i.system_core_clock_update)
    systick_clock_source_config              0x08001435   Thumb Code    40  at32m412_416_misc.o(i.systick_clock_source_config)
    tmr_base_init                            0x0800145d   Thumb Code    16  at32m412_416_tmr.o(i.tmr_base_init)
    tmr_brk2_config                          0x0800146d   Thumb Code    32  at32m412_416_tmr.o(i.tmr_brk2_config)
    tmr_brk_filter_value_set                 0x0800148d   Thumb Code    10  at32m412_416_tmr.o(i.tmr_brk_filter_value_set)
    tmr_brkdt_config                         0x08001497   Thumb Code    72  at32m412_416_tmr.o(i.tmr_brkdt_config)
    tmr_channel_value_set                    0x080014df   Thumb Code    86  at32m412_416_tmr.o(i.tmr_channel_value_set)
    tmr_clock_source_div_set                 0x08001535   Thumb Code    10  at32m412_416_tmr.o(i.tmr_clock_source_div_set)
    tmr_cnt_dir_set                          0x0800153f   Thumb Code    10  at32m412_416_tmr.o(i.tmr_cnt_dir_set)
    tmr_counter_enable                       0x08001549   Thumb Code    10  at32m412_416_tmr.o(i.tmr_counter_enable)
    tmr_output_channel_buffer_enable         0x08001553   Thumb Code    88  at32m412_416_tmr.o(i.tmr_output_channel_buffer_enable)
    tmr_output_channel_config                0x080015ab   Thumb Code   506  at32m412_416_tmr.o(i.tmr_output_channel_config)
    tmr_output_channel_immediately_set       0x080017a5   Thumb Code    88  at32m412_416_tmr.o(i.tmr_output_channel_immediately_set)
    tmr_output_enable                        0x080017fd   Thumb Code    10  at32m412_416_tmr.o(i.tmr_output_enable)
    tmr_period_buffer_enable                 0x08001807   Thumb Code    10  at32m412_416_tmr.o(i.tmr_period_buffer_enable)
    tmr_primary_mode2_select                 0x08001811   Thumb Code    10  at32m412_416_tmr.o(i.tmr_primary_mode2_select)
    tmr_primary_mode_select                  0x0800181b   Thumb Code    14  at32m412_416_tmr.o(i.tmr_primary_mode_select)
    tmr_repetition_counter_set               0x08001829   Thumb Code    34  at32m412_416_tmr.o(i.tmr_repetition_counter_set)
    tmr_sub_sync_mode_set                    0x0800185d   Thumb Code    10  at32m412_416_tmr.o(i.tmr_sub_sync_mode_set)
    usart_enable                             0x08001867   Thumb Code    10  at32m412_416_usart.o(i.usart_enable)
    usart_hardware_flow_control_set          0x08001871   Thumb Code   102  at32m412_416_usart.o(i.usart_hardware_flow_control_set)
    usart_init                               0x080018d9   Thumb Code   156  at32m412_416_usart.o(i.usart_init)
    usart_parity_selection_config            0x08001979   Thumb Code    76  at32m412_416_usart.o(i.usart_parity_selection_config)
    usart_receiver_enable                    0x080019c5   Thumb Code    10  at32m412_416_usart.o(i.usart_receiver_enable)
    usart_transmitter_enable                 0x080019cf   Thumb Code    10  at32m412_416_usart.o(i.usart_transmitter_enable)
    wk_adc2_init                             0x080019d9   Thumb Code   290  wk_adc.o(i.wk_adc2_init)
    wk_adc_common_init                       0x08001b09   Thumb Code    50  wk_adc.o(i.wk_adc_common_init)
    wk_can1_init                             0x08001b3d   Thumb Code   268  wk_can.o(i.wk_can1_init)
    wk_crc_init                              0x08001c51   Thumb Code    38  wk_crc.o(i.wk_crc_init)
    wk_dma1_channel1_init                    0x08001c79   Thumb Code    84  wk_dma.o(i.wk_dma1_channel1_init)
    wk_dma_channel_config                    0x08001cd1   Thumb Code     8  wk_dma.o(i.wk_dma_channel_config)
    wk_gpio_config                           0x08001cd9   Thumb Code   128  wk_gpio.o(i.wk_gpio_config)
    wk_nvic_config                           0x08001d61   Thumb Code   212  at32m412_416_wk_config.o(i.wk_nvic_config)
    wk_periph_clock_config                   0x08001e35   Thumb Code   108  at32m412_416_wk_config.o(i.wk_periph_clock_config)
    wk_spi2_init                             0x08001ead   Thumb Code   212  wk_spi.o(i.wk_spi2_init)
    wk_system_clock_config                   0x08001f89   Thumb Code   166  at32m412_416_wk_config.o(i.wk_system_clock_config)
    wk_timebase_handler                      0x08002041   Thumb Code     8  wk_system.o(i.wk_timebase_handler)
    wk_timebase_increase                     0x08002049   Thumb Code    12  wk_system.o(i.wk_timebase_increase)
    wk_timebase_init                         0x08002059   Thumb Code    52  wk_system.o(i.wk_timebase_init)
    wk_tmr1_init                             0x0800208d   Thumb Code   598  wk_tmr.o(i.wk_tmr1_init)
    wk_usart1_init                           0x080022ed   Thumb Code   154  wk_usart.o(i.wk_usart1_init)
    _fp_init                                 0x08002391   Thumb Code    10  fpinit.o(x$fpl$fpinit)
    __fplib_config_fpu_vfp                   0x08002399   Thumb Code     0  fpinit.o(x$fpl$fpinit)
    __fplib_config_pureend_doubles           0x08002399   Thumb Code     0  fpinit.o(x$fpl$fpinit)
    Region$$Table$$Base                      0x080023d8   Number         0  anon$$obj.o(Region$$Table)
    Region$$Table$$Limit                     0x080023f8   Number         0  anon$$obj.o(Region$$Table)
    timebase_ticks                           0x20000000   Data           4  wk_system.o(.data)
    __stdout                                 0x20000004   Data           4  wk_system.o(.data)
    system_core_clock                        0x20000008   Data           4  system_at32m412_416.o(.data)
    __libspace_start                         0x2000000c   Data          96  libspace.o(.bss)
    __temporary_stack_top$libspace           0x2000006c   Data           0  libspace.o(.bss)



==============================================================================

Memory Map of the image

  Image Entry point : 0x080001bd

  Load Region LR_IROM1 (Base: 0x08000000, Size: 0x00002404, Max: 0x00010000, ABSOLUTE)

    Execution Region ER_IROM1 (Exec base: 0x08000000, Load base: 0x08000000, Size: 0x000023f8, Max: 0x00010000, ABSOLUTE)

    Exec Addr    Load Addr    Size         Type   Attr      Idx    E Section Name        Object

    0x08000000   0x08000000   0x000001bc   Data   RO         3223    RESET               startup_at32m412_416.o
    0x080001bc   0x080001bc   0x00000008   Code   RO         3273  * !!!main             c_w.l(__main.o)
    0x080001c4   0x080001c4   0x00000034   Code   RO         3438    !!!scatter          c_w.l(__scatter.o)
    0x080001f8   0x080001f8   0x0000001a   Code   RO         3440    !!handler_copy      c_w.l(__scatter_copy.o)
    0x08000212   0x08000212   0x00000002   PAD
    0x08000214   0x08000214   0x0000001c   Code   RO         3442    !!handler_zi        c_w.l(__scatter_zi.o)
    0x08000230   0x08000230   0x00000002   Code   RO         3312    .ARM.Collect$$libinit$$00000000  c_w.l(libinit.o)
    0x08000232   0x08000232   0x00000004   Code   RO         3324    .ARM.Collect$$libinit$$00000001  c_w.l(libinit2.o)
    0x08000236   0x08000236   0x00000000   Code   RO         3327    .ARM.Collect$$libinit$$00000004  c_w.l(libinit2.o)
    0x08000236   0x08000236   0x00000000   Code   RO         3330    .ARM.Collect$$libinit$$0000000A  c_w.l(libinit2.o)
    0x08000236   0x08000236   0x00000000   Code   RO         3332    .ARM.Collect$$libinit$$0000000C  c_w.l(libinit2.o)
    0x08000236   0x08000236   0x00000000   Code   RO         3334    .ARM.Collect$$libinit$$0000000E  c_w.l(libinit2.o)
    0x08000236   0x08000236   0x00000000   Code   RO         3337    .ARM.Collect$$libinit$$00000011  c_w.l(libinit2.o)
    0x08000236   0x08000236   0x00000000   Code   RO         3339    .ARM.Collect$$libinit$$00000013  c_w.l(libinit2.o)
    0x08000236   0x08000236   0x00000000   Code   RO         3341    .ARM.Collect$$libinit$$00000015  c_w.l(libinit2.o)
    0x08000236   0x08000236   0x00000000   Code   RO         3343    .ARM.Collect$$libinit$$00000017  c_w.l(libinit2.o)
    0x08000236   0x08000236   0x00000000   Code   RO         3345    .ARM.Collect$$libinit$$00000019  c_w.l(libinit2.o)
    0x08000236   0x08000236   0x00000000   Code   RO         3347    .ARM.Collect$$libinit$$0000001B  c_w.l(libinit2.o)
    0x08000236   0x08000236   0x00000000   Code   RO         3349    .ARM.Collect$$libinit$$0000001D  c_w.l(libinit2.o)
    0x08000236   0x08000236   0x00000000   Code   RO         3351    .ARM.Collect$$libinit$$0000001F  c_w.l(libinit2.o)
    0x08000236   0x08000236   0x00000000   Code   RO         3353    .ARM.Collect$$libinit$$00000021  c_w.l(libinit2.o)
    0x08000236   0x08000236   0x00000000   Code   RO         3355    .ARM.Collect$$libinit$$00000023  c_w.l(libinit2.o)
    0x08000236   0x08000236   0x00000000   Code   RO         3357    .ARM.Collect$$libinit$$00000025  c_w.l(libinit2.o)
    0x08000236   0x08000236   0x00000000   Code   RO         3361    .ARM.Collect$$libinit$$0000002C  c_w.l(libinit2.o)
    0x08000236   0x08000236   0x00000000   Code   RO         3363    .ARM.Collect$$libinit$$0000002E  c_w.l(libinit2.o)
    0x08000236   0x08000236   0x00000000   Code   RO         3365    .ARM.Collect$$libinit$$00000030  c_w.l(libinit2.o)
    0x08000236   0x08000236   0x00000000   Code   RO         3367    .ARM.Collect$$libinit$$00000032  c_w.l(libinit2.o)
    0x08000236   0x08000236   0x00000002   Code   RO         3368    .ARM.Collect$$libinit$$00000033  c_w.l(libinit2.o)
    0x08000238   0x08000238   0x00000002   Code   RO         3392    .ARM.Collect$$libshutdown$$00000000  c_w.l(libshutdown.o)
    0x0800023a   0x0800023a   0x00000000   Code   RO         3418    .ARM.Collect$$libshutdown$$00000002  c_w.l(libshutdown2.o)
    0x0800023a   0x0800023a   0x00000000   Code   RO         3420    .ARM.Collect$$libshutdown$$00000004  c_w.l(libshutdown2.o)
    0x0800023a   0x0800023a   0x00000000   Code   RO         3422    .ARM.Collect$$libshutdown$$00000006  c_w.l(libshutdown2.o)
    0x0800023a   0x0800023a   0x00000000   Code   RO         3425    .ARM.Collect$$libshutdown$$00000009  c_w.l(libshutdown2.o)
    0x0800023a   0x0800023a   0x00000000   Code   RO         3428    .ARM.Collect$$libshutdown$$0000000C  c_w.l(libshutdown2.o)
    0x0800023a   0x0800023a   0x00000000   Code   RO         3430    .ARM.Collect$$libshutdown$$0000000E  c_w.l(libshutdown2.o)
    0x0800023a   0x0800023a   0x00000000   Code   RO         3433    .ARM.Collect$$libshutdown$$00000011  c_w.l(libshutdown2.o)
    0x0800023a   0x0800023a   0x00000002   Code   RO         3434    .ARM.Collect$$libshutdown$$00000012  c_w.l(libshutdown2.o)
    0x0800023c   0x0800023c   0x00000000   Code   RO         3277    .ARM.Collect$$rtentry$$00000000  c_w.l(__rtentry.o)
    0x0800023c   0x0800023c   0x00000000   Code   RO         3283    .ARM.Collect$$rtentry$$00000002  c_w.l(__rtentry2.o)
    0x0800023c   0x0800023c   0x00000006   Code   RO         3295    .ARM.Collect$$rtentry$$00000004  c_w.l(__rtentry4.o)
    0x08000242   0x08000242   0x00000000   Code   RO         3285    .ARM.Collect$$rtentry$$00000009  c_w.l(__rtentry2.o)
    0x08000242   0x08000242   0x00000004   Code   RO         3286    .ARM.Collect$$rtentry$$0000000A  c_w.l(__rtentry2.o)
    0x08000246   0x08000246   0x00000000   Code   RO         3288    .ARM.Collect$$rtentry$$0000000C  c_w.l(__rtentry2.o)
    0x08000246   0x08000246   0x00000008   Code   RO         3289    .ARM.Collect$$rtentry$$0000000D  c_w.l(__rtentry2.o)
    0x0800024e   0x0800024e   0x00000002   Code   RO         3316    .ARM.Collect$$rtexit$$00000000  c_w.l(rtexit.o)
    0x08000250   0x08000250   0x00000000   Code   RO         3370    .ARM.Collect$$rtexit$$00000002  c_w.l(rtexit2.o)
    0x08000250   0x08000250   0x00000004   Code   RO         3371    .ARM.Collect$$rtexit$$00000003  c_w.l(rtexit2.o)
    0x08000254   0x08000254   0x00000006   Code   RO         3372    .ARM.Collect$$rtexit$$00000004  c_w.l(rtexit2.o)
    0x0800025a   0x0800025a   0x00000002   PAD
    0x0800025c   0x0800025c   0x00000040   Code   RO         3224    .text               startup_at32m412_416.o
    0x0800029c   0x0800029c   0x00000002   Code   RO         3267    .text               c_w.l(use_no_semi_2.o)
    0x0800029e   0x0800029e   0x000000ee   Code   RO         3269    .text               c_w.l(lludivv7m.o)
    0x0800038c   0x0800038c   0x00000006   Code   RO         3271    .text               c_w.l(heapauxi.o)
    0x08000392   0x08000392   0x00000002   Code   RO         3275    .text               c_w.l(use_no_semi.o)
    0x08000394   0x08000394   0x0000004a   Code   RO         3299    .text               c_w.l(sys_stackheap_outer.o)
    0x080003de   0x080003de   0x00000012   Code   RO         3301    .text               c_w.l(exit.o)
    0x080003f0   0x080003f0   0x00000008   Code   RO         3313    .text               c_w.l(libspace.o)
    0x080003f8   0x080003f8   0x00000002   Code   RO            4    i.ADC1_2_IRQHandler  at32m412_416_int.o
    0x080003fa   0x080003fa   0x00000004   Code   RO            5    i.BusFault_Handler  at32m412_416_int.o
    0x080003fe   0x080003fe   0x00000002   Code   RO            6    i.DMA1_Channel1_IRQHandler  at32m412_416_int.o
    0x08000400   0x08000400   0x00000002   Code   RO            7    i.DebugMon_Handler  at32m412_416_int.o
    0x08000402   0x08000402   0x00000004   Code   RO            8    i.HardFault_Handler  at32m412_416_int.o
    0x08000406   0x08000406   0x00000004   Code   RO            9    i.MemManage_Handler  at32m412_416_int.o
    0x0800040a   0x0800040a   0x00000002   Code   RO           10    i.NMI_Handler       at32m412_416_int.o
    0x0800040c   0x0800040c   0x00000040   Code   RO          175    i.NVIC_EncodePriority  at32m412_416_wk_config.o
    0x0800044c   0x0800044c   0x00000002   Code   RO           11    i.PendSV_Handler    at32m412_416_int.o
    0x0800044e   0x0800044e   0x00000002   Code   RO           12    i.SVC_Handler       at32m412_416_int.o
    0x08000450   0x08000450   0x00000008   Code   RO           13    i.SysTick_Handler   at32m412_416_int.o
    0x08000458   0x08000458   0x00000094   Code   RO         3231    i.SystemInit        system_at32m412_416.o
    0x080004ec   0x080004ec   0x00000004   Code   RO           14    i.UsageFault_Handler  at32m412_416_int.o
    0x080004f0   0x080004f0   0x00000010   Code   RO          176    i.__NVIC_GetPriorityGrouping  at32m412_416_wk_config.o
    0x08000500   0x08000500   0x00000028   Code   RO          177    i.__NVIC_SetPriority  at32m412_416_wk_config.o
    0x08000528   0x08000528   0x00000002   Code   RO          281    i._sys_exit         wk_system.o
    0x0800052a   0x0800052a   0x0000002c   Code   RO          558    i.adc_base_config   at32m412_416_adc.o
    0x08000556   0x08000556   0x0000000e   Code   RO          559    i.adc_base_default_para_init  at32m412_416_adc.o
    0x08000564   0x08000564   0x0000000c   Code   RO          560    i.adc_calibration_init  at32m412_416_adc.o
    0x08000570   0x08000570   0x00000012   Code   RO          561    i.adc_calibration_init_status_get  at32m412_416_adc.o
    0x08000582   0x08000582   0x0000000c   Code   RO          562    i.adc_calibration_start  at32m412_416_adc.o
    0x0800058e   0x0800058e   0x00000012   Code   RO          563    i.adc_calibration_status_get  at32m412_416_adc.o
    0x080005a0   0x080005a0   0x00000094   Code   RO          567    i.adc_common_config  at32m412_416_adc.o
    0x08000634   0x08000634   0x00000010   Code   RO          568    i.adc_common_default_para_init  at32m412_416_adc.o
    0x08000644   0x08000644   0x0000000a   Code   RO          575    i.adc_enable        at32m412_416_adc.o
    0x0800064e   0x0800064e   0x00000010   Code   RO          577    i.adc_flag_get      at32m412_416_adc.o
    0x0800065e   0x0800065e   0x0000000c   Code   RO          593    i.adc_preempt_channel_length_set  at32m412_416_adc.o
    0x0800066a   0x0800066a   0x0000016a   Code   RO          594    i.adc_preempt_channel_set  at32m412_416_adc.o
    0x080007d4   0x080007d4   0x00000034   Code   RO          596    i.adc_preempt_conversion_trigger_set  at32m412_416_adc.o
    0x08000808   0x08000808   0x0000003e   Code   RO          597    i.adc_preempt_offset_value_set  at32m412_416_adc.o
    0x08000846   0x08000846   0x00000002   PAD
    0x08000848   0x08000848   0x00000018   Code   RO          602    i.adc_reset         at32m412_416_adc.o
    0x08000860   0x08000860   0x0000000a   Code   RO          603    i.adc_resolution_set  at32m412_416_adc.o
    0x0800086a   0x0800086a   0x0000001e   Code   RO          871    i.can_bittime_default_para_init  at32m412_416_can.o
    0x08000888   0x08000888   0x00000060   Code   RO          872    i.can_bittime_set   at32m412_416_can.o
    0x080008e8   0x080008e8   0x0000000a   Code   RO          875    i.can_error_warning_set  at32m412_416_can.o
    0x080008f2   0x080008f2   0x0000000a   Code   RO          876    i.can_fd_iso_mode_enable  at32m412_416_can.o
    0x080008fc   0x080008fc   0x00000126   Code   RO          885    i.can_mode_set      at32m412_416_can.o
    0x08000a22   0x08000a22   0x0000000a   Code   RO          886    i.can_rearbitration_limit_set  at32m412_416_can.o
    0x08000a2c   0x08000a2c   0x0000000a   Code   RO          887    i.can_receive_all_enable  at32m412_416_can.o
    0x08000a36   0x08000a36   0x0000000a   Code   RO          890    i.can_restricted_operation_enable  at32m412_416_can.o
    0x08000a40   0x08000a40   0x0000000a   Code   RO          891    i.can_retransmission_limit_set  at32m412_416_can.o
    0x08000a4a   0x08000a4a   0x0000000a   Code   RO          892    i.can_rxbuf_overflow_mode_set  at32m412_416_can.o
    0x08000a54   0x08000a54   0x0000000a   Code   RO          896    i.can_rxbuf_warning_set  at32m412_416_can.o
    0x08000a5e   0x08000a5e   0x0000000a   Code   RO          897    i.can_software_reset  at32m412_416_can.o
    0x08000a68   0x08000a68   0x0000000a   Code   RO          901    i.can_stb_transmit_mode_set  at32m412_416_can.o
    0x08000a72   0x08000a72   0x00000002   PAD
    0x08000a74   0x08000a74   0x00000014   Code   RO         1206    i.crc_data_reset    at32m412_416_crc.o
    0x08000a88   0x08000a88   0x0000000c   Code   RO         1207    i.crc_init_data_set  at32m412_416_crc.o
    0x08000a94   0x08000a94   0x00000014   Code   RO         1210    i.crc_poly_size_set  at32m412_416_crc.o
    0x08000aa8   0x08000aa8   0x0000000c   Code   RO         1212    i.crc_poly_value_set  at32m412_416_crc.o
    0x08000ab4   0x08000ab4   0x00000014   Code   RO         1213    i.crc_reverse_input_data_set  at32m412_416_crc.o
    0x08000ac8   0x08000ac8   0x00000014   Code   RO         1214    i.crc_reverse_output_data_set  at32m412_416_crc.o
    0x08000adc   0x08000adc   0x00000024   Code   RO         1298    i.crm_ahb_div_set   at32m412_416_crm.o
    0x08000b00   0x08000b00   0x00000014   Code   RO         1299    i.crm_apb1_div_set  at32m412_416_crm.o
    0x08000b14   0x08000b14   0x00000014   Code   RO         1300    i.crm_apb2_div_set  at32m412_416_crm.o
    0x08000b28   0x08000b28   0x00000014   Code   RO         1301    i.crm_apb3_div_set  at32m412_416_crm.o
    0x08000b3c   0x08000b3c   0x00000028   Code   RO         1302    i.crm_auto_step_mode_enable  at32m412_416_crm.o
    0x08000b64   0x08000b64   0x00000018   Code   RO         1305    i.crm_can_clock_select  at32m412_416_crm.o
    0x08000b7c   0x08000b7c   0x00000068   Code   RO         1309    i.crm_clock_source_enable  at32m412_416_crm.o
    0x08000be4   0x08000be4   0x0000012c   Code   RO         1310    i.crm_clocks_freq_get  at32m412_416_crm.o
    0x08000d10   0x08000d10   0x00000030   Code   RO         1314    i.crm_flag_get      at32m412_416_crm.o
    0x08000d40   0x08000d40   0x0000004c   Code   RO         1327    i.crm_periph_clock_enable  at32m412_416_crm.o
    0x08000d8c   0x08000d8c   0x0000004c   Code   RO         1329    i.crm_periph_reset  at32m412_416_crm.o
    0x08000dd8   0x08000dd8   0x00000034   Code   RO         1330    i.crm_pll_config    at32m412_416_crm.o
    0x08000e0c   0x08000e0c   0x00000088   Code   RO         1332    i.crm_reset         at32m412_416_crm.o
    0x08000e94   0x08000e94   0x00000024   Code   RO         1333    i.crm_sysclk_switch  at32m412_416_crm.o
    0x08000eb8   0x08000eb8   0x00000010   Code   RO         1334    i.crm_sysclk_switch_status_get  at32m412_416_crm.o
    0x08000ec8   0x08000ec8   0x0000000a   Code   RO         1593    i.dma_channel_enable  at32m412_416_dma.o
    0x08000ed2   0x08000ed2   0x00000018   Code   RO         1596    i.dma_default_para_init  at32m412_416_dma.o
    0x08000eea   0x08000eea   0x0000005e   Code   RO         1600    i.dma_init          at32m412_416_dma.o
    0x08000f48   0x08000f48   0x00000038   Code   RO         1603    i.dma_reset         at32m412_416_dma.o
    0x08000f80   0x08000f80   0x0000000e   Code   RO         1604    i.dmamux_enable     at32m412_416_dma.o
    0x08000f8e   0x08000f8e   0x0000000a   Code   RO         1611    i.dmamux_init       at32m412_416_dma.o
    0x08000f98   0x08000f98   0x00000004   Code   RO         1991    i.gpio_bits_set     at32m412_416_gpio.o
    0x08000f9c   0x08000f9c   0x00000014   Code   RO         1994    i.gpio_default_para_init  at32m412_416_gpio.o
    0x08000fb0   0x08000fb0   0x0000007a   Code   RO         1995    i.gpio_init         at32m412_416_gpio.o
    0x0800102a   0x0800102a   0x0000003c   Code   RO         2000    i.gpio_pin_mux_config  at32m412_416_gpio.o
    0x08001066   0x08001066   0x00000002   PAD
    0x08001068   0x08001068   0x00000054   Code   RO          233    i.main              main.o
    0x080010bc   0x080010bc   0x000000c8   Code   RO         2099    i.nvic_irq_enable   at32m412_416_misc.o
    0x08001184   0x08001184   0x00000028   Code   RO         2101    i.nvic_priority_group_config  at32m412_416_misc.o
    0x080011ac   0x080011ac   0x00000016   Code   RO         2338    i.spi_default_para_init  at32m412_416_spi.o
    0x080011c2   0x080011c2   0x0000000a   Code   RO         2339    i.spi_enable        at32m412_416_spi.o
    0x080011cc   0x080011cc   0x00000158   Code   RO         2352    i.spi_init          at32m412_416_spi.o
    0x08001324   0x08001324   0x00000110   Code   RO         3232    i.system_core_clock_update  system_at32m412_416.o
    0x08001434   0x08001434   0x00000028   Code   RO         2104    i.systick_clock_source_config  at32m412_416_misc.o
    0x0800145c   0x0800145c   0x00000010   Code   RO         2498    i.tmr_base_init     at32m412_416_tmr.o
    0x0800146c   0x0800146c   0x00000020   Code   RO         2500    i.tmr_brk2_config   at32m412_416_tmr.o
    0x0800148c   0x0800148c   0x0000000a   Code   RO         2502    i.tmr_brk_filter_value_set  at32m412_416_tmr.o
    0x08001496   0x08001496   0x00000048   Code   RO         2506    i.tmr_brkdt_config  at32m412_416_tmr.o
    0x080014de   0x080014de   0x00000056   Code   RO         2514    i.tmr_channel_value_set  at32m412_416_tmr.o
    0x08001534   0x08001534   0x0000000a   Code   RO         2515    i.tmr_clock_source_div_set  at32m412_416_tmr.o
    0x0800153e   0x0800153e   0x0000000a   Code   RO         2517    i.tmr_cnt_dir_set   at32m412_416_tmr.o
    0x08001548   0x08001548   0x0000000a   Code   RO         2519    i.tmr_counter_enable  at32m412_416_tmr.o
    0x08001552   0x08001552   0x00000058   Code   RO         2548    i.tmr_output_channel_buffer_enable  at32m412_416_tmr.o
    0x080015aa   0x080015aa   0x000001fa   Code   RO         2549    i.tmr_output_channel_config  at32m412_416_tmr.o
    0x080017a4   0x080017a4   0x00000058   Code   RO         2550    i.tmr_output_channel_immediately_set  at32m412_416_tmr.o
    0x080017fc   0x080017fc   0x0000000a   Code   RO         2555    i.tmr_output_enable  at32m412_416_tmr.o
    0x08001806   0x08001806   0x0000000a   Code   RO         2560    i.tmr_period_buffer_enable  at32m412_416_tmr.o
    0x08001810   0x08001810   0x0000000a   Code   RO         2563    i.tmr_primary_mode2_select  at32m412_416_tmr.o
    0x0800181a   0x0800181a   0x0000000e   Code   RO         2564    i.tmr_primary_mode_select  at32m412_416_tmr.o
    0x08001828   0x08001828   0x00000034   Code   RO         2566    i.tmr_repetition_counter_set  at32m412_416_tmr.o
    0x0800185c   0x0800185c   0x0000000a   Code   RO         2569    i.tmr_sub_sync_mode_set  at32m412_416_tmr.o
    0x08001866   0x08001866   0x0000000a   Code   RO         2970    i.usart_enable      at32m412_416_usart.o
    0x08001870   0x08001870   0x00000066   Code   RO         2973    i.usart_hardware_flow_control_set  at32m412_416_usart.o
    0x080018d6   0x080018d6   0x00000002   PAD
    0x080018d8   0x080018d8   0x000000a0   Code   RO         2975    i.usart_init        at32m412_416_usart.o
    0x08001978   0x08001978   0x0000004c   Code   RO         2983    i.usart_parity_selection_config  at32m412_416_usart.o
    0x080019c4   0x080019c4   0x0000000a   Code   RO         2985    i.usart_receiver_enable  at32m412_416_usart.o
    0x080019ce   0x080019ce   0x0000000a   Code   RO         2998    i.usart_transmitter_enable  at32m412_416_usart.o
    0x080019d8   0x080019d8   0x00000130   Code   RO          354    i.wk_adc2_init      wk_adc.o
    0x08001b08   0x08001b08   0x00000032   Code   RO          355    i.wk_adc_common_init  wk_adc.o
    0x08001b3a   0x08001b3a   0x00000002   PAD
    0x08001b3c   0x08001b3c   0x00000114   Code   RO          384    i.wk_can1_init      wk_can.o
    0x08001c50   0x08001c50   0x00000026   Code   RO          408    i.wk_crc_init       wk_crc.o
    0x08001c76   0x08001c76   0x00000002   PAD
    0x08001c78   0x08001c78   0x00000058   Code   RO          504    i.wk_dma1_channel1_init  wk_dma.o
    0x08001cd0   0x08001cd0   0x00000008   Code   RO          505    i.wk_dma_channel_config  wk_dma.o
    0x08001cd8   0x08001cd8   0x00000088   Code   RO          534    i.wk_gpio_config    wk_gpio.o
    0x08001d60   0x08001d60   0x000000d4   Code   RO          178    i.wk_nvic_config    at32m412_416_wk_config.o
    0x08001e34   0x08001e34   0x00000078   Code   RO          179    i.wk_periph_clock_config  at32m412_416_wk_config.o
    0x08001eac   0x08001eac   0x000000dc   Code   RO          432    i.wk_spi2_init      wk_spi.o
    0x08001f88   0x08001f88   0x000000b8   Code   RO          180    i.wk_system_clock_config  at32m412_416_wk_config.o
    0x08002040   0x08002040   0x00000008   Code   RO          286    i.wk_timebase_handler  wk_system.o
    0x08002048   0x08002048   0x00000010   Code   RO          287    i.wk_timebase_increase  wk_system.o
    0x08002058   0x08002058   0x00000034   Code   RO          288    i.wk_timebase_init  wk_system.o
    0x0800208c   0x0800208c   0x00000260   Code   RO          456    i.wk_tmr1_init      wk_tmr.o
    0x080022ec   0x080022ec   0x000000a4   Code   RO          480    i.wk_usart1_init    wk_usart.o
    0x08002390   0x08002390   0x0000000a   Code   RO         3382    x$fpl$fpinit        fz_wm.l(fpinit.o)
    0x0800239a   0x0800239a   0x00000026   Data   RO         1336    .constdata          at32m412_416_crm.o
    0x080023c0   0x080023c0   0x00000016   Data   RO         3233    .constdata          system_at32m412_416.o
    0x080023d6   0x080023d6   0x00000002   PAD
    0x080023d8   0x080023d8   0x00000020   Data   RO         3436    Region$$Table       anon$$obj.o


    Execution Region RW_IRAM1 (Exec base: 0x20000000, Load base: 0x080023f8, Size: 0x00000670, Max: 0x00004000, ABSOLUTE)

    Exec Addr    Load Addr    Size         Type   Attr      Idx    E Section Name        Object

    0x20000000   0x080023f8   0x00000008   Data   RW          289    .data               wk_system.o
    0x20000008   0x08002400   0x00000004   Data   RW         3234    .data               system_at32m412_416.o
    0x2000000c        -       0x00000060   Zero   RW         3314    .bss                c_w.l(libspace.o)
    0x2000006c   0x08002404   0x00000004   PAD
    0x20000070        -       0x00000200   Zero   RW         3222    HEAP                startup_at32m412_416.o
    0x20000270        -       0x00000400   Zero   RW         3221    STACK               startup_at32m412_416.o


==============================================================================

Image component sizes


      Code (inc. data)   RO Data    RW Data    ZI Data      Debug   Object Name

       830         42          0          0          0      10976   at32m412_416_adc.o
       520          8          0          0          0       8889   at32m412_416_can.o
       104         34          0          0          0       3497   at32m412_416_crc.o
      1004        120         38          0          0      10362   at32m412_416_crm.o
       208          6          0          0          0       4146   at32m412_416_dma.o
       206          0          0          0          0       3171   at32m412_416_gpio.o
        36          0          0          0          0      96917   at32m412_416_int.o
       280         18          0          0          0      32788   at32m412_416_misc.o
       376          0          0          0          0       2384   at32m412_416_spi.o
      1034         62          0          0          0      12063   at32m412_416_tmr.o
       368          4          0          0          0       4589   at32m412_416_usart.o
       636         44          0          0          0      33578   at32m412_416_wk_config.o
        84          8          0          0          0        547   main.o
        64         26        444          0       1536        848   startup_at32m412_416.o
       420         40         22          4          0       2404   system_at32m412_416.o
       354         14          0          0          0       1280   wk_adc.o
       276          8          0          0          0        731   wk_can.o
        38          0          0          0          0        514   wk_crc.o
        96          4          0          0          0       1572   wk_dma.o
       136          8          0          0          0        605   wk_gpio.o
       220          8          0          0          0        683   wk_spi.o
        78          4          0          8          0       3985   wk_system.o
       608         10          0          0          0        995   wk_tmr.o
       164         10          0          0          0        613   wk_usart.o

    ----------------------------------------------------------------------
      8152        478        538         12       1536     238137   Object Totals
         0          0         32          0          0          0   (incl. Generated)
        12          0          2          0          0          0   (incl. Padding)

    ----------------------------------------------------------------------

      Code (inc. data)   RO Data    RW Data    ZI Data      Debug   Library Member Name

         8          0          0          0          0         68   __main.o
         0          0          0          0          0          0   __rtentry.o
        12          0          0          0          0          0   __rtentry2.o
         6          0          0          0          0          0   __rtentry4.o
        52          8          0          0          0          0   __scatter.o
        26          0          0          0          0          0   __scatter_copy.o
        28          0          0          0          0          0   __scatter_zi.o
        18          0          0          0          0         80   exit.o
         6          0          0          0          0        152   heapauxi.o
         2          0          0          0          0          0   libinit.o
         6          0          0          0          0          0   libinit2.o
         2          0          0          0          0          0   libshutdown.o
         2          0          0          0          0          0   libshutdown2.o
         8          4          0          0         96         68   libspace.o
       238          0          0          0          0        100   lludivv7m.o
         2          0          0          0          0          0   rtexit.o
        10          0          0          0          0          0   rtexit2.o
        74          0          0          0          0         80   sys_stackheap_outer.o
         2          0          0          0          0         68   use_no_semi.o
         2          0          0          0          0         68   use_no_semi_2.o
        10          0          0          0          0        116   fpinit.o

    ----------------------------------------------------------------------
       518         12          0          0        100        800   Library Totals
         4          0          0          0          4          0   (incl. Padding)

    ----------------------------------------------------------------------

      Code (inc. data)   RO Data    RW Data    ZI Data      Debug   Library Name

       504         12          0          0         96        684   c_w.l
        10          0          0          0          0        116   fz_wm.l

    ----------------------------------------------------------------------
       518         12          0          0        100        800   Library Totals

    ----------------------------------------------------------------------

==============================================================================


      Code (inc. data)   RO Data    RW Data    ZI Data      Debug   

      8670        490        538         12       1636     227029   Grand Totals
      8670        490        538         12       1636     227029   ELF Image Totals
      8670        490        538         12          0          0   ROM Totals

==============================================================================

    Total RO  Size (Code + RO Data)                 9208 (   8.99kB)
    Total RW  Size (RW Data + ZI Data)              1648 (   1.61kB)
    Total ROM Size (Code + RO Data + RW Data)       9220 (   9.00kB)

==============================================================================

