Component: ARM Compiler 5.06 update 7 (build 960) Tool: armlink [4d3601]

==============================================================================

Section Cross References

    at32m412_416_int.o(i.ADC1_2_IRQHandler) refers to at32m412_416_adc.o(i.adc_interrupt_flag_get) for adc_interrupt_flag_get
    at32m412_416_int.o(i.ADC1_2_IRQHandler) refers to board_at32.o(i.board_current_loop_irq_handler) for board_current_loop_irq_handler
    at32m412_416_int.o(i.ADC1_2_IRQHandler) refers to at32m412_416_adc.o(i.adc_flag_clear) for adc_flag_clear
    at32m412_416_int.o(i.CAN1_ERR_IRQHandler) refers to at32m412_416_can.o(i.can_interrupt_flag_get) for can_interrupt_flag_get
    at32m412_416_int.o(i.CAN1_ERR_IRQHandler) refers to at32m412_416_can.o(i.can_flag_clear) for can_flag_clear
    at32m412_416_int.o(i.CAN1_RX_IRQHandler) refers to at32m412_416_can.o(i.can_interrupt_flag_get) for can_interrupt_flag_get
    at32m412_416_int.o(i.CAN1_RX_IRQHandler) refers to at32m412_416_can.o(i.can_flag_clear) for can_flag_clear
    at32m412_416_int.o(i.CAN1_RX_IRQHandler) refers to at32m412_416_can.o(i.can_rxbuf_read) for can_rxbuf_read
    at32m412_416_int.o(i.DMA1_Channel3_IRQHandler) refers to logger.o(i.logger_dma_irq_handler) for logger_dma_irq_handler
    at32m412_416_int.o(i.SysTick_Handler) refers to wk_system.o(i.wk_timebase_handler) for wk_timebase_handler
    at32m412_416_wk_config.o(i.wk_nvic_config) refers to at32m412_416_misc.o(i.nvic_priority_group_config) for nvic_priority_group_config
    at32m412_416_wk_config.o(i.wk_nvic_config) refers to at32m412_416_wk_config.o(i.__NVIC_GetPriorityGrouping) for __NVIC_GetPriorityGrouping
    at32m412_416_wk_config.o(i.wk_nvic_config) refers to at32m412_416_wk_config.o(i.NVIC_EncodePriority) for NVIC_EncodePriority
    at32m412_416_wk_config.o(i.wk_nvic_config) refers to at32m412_416_wk_config.o(i.__NVIC_SetPriority) for __NVIC_SetPriority
    at32m412_416_wk_config.o(i.wk_nvic_config) refers to at32m412_416_misc.o(i.nvic_irq_enable) for nvic_irq_enable
    at32m412_416_wk_config.o(i.wk_periph_clock_config) refers to at32m412_416_crm.o(i.crm_periph_clock_enable) for crm_periph_clock_enable
    at32m412_416_wk_config.o(i.wk_system_clock_config) refers to at32m412_416_crm.o(i.crm_reset) for crm_reset
    at32m412_416_wk_config.o(i.wk_system_clock_config) refers to at32m412_416_crm.o(i.crm_periph_clock_enable) for crm_periph_clock_enable
    at32m412_416_wk_config.o(i.wk_system_clock_config) refers to at32m412_416_crm.o(i.crm_clock_source_enable) for crm_clock_source_enable
    at32m412_416_wk_config.o(i.wk_system_clock_config) refers to at32m412_416_crm.o(i.crm_flag_get) for crm_flag_get
    at32m412_416_wk_config.o(i.wk_system_clock_config) refers to at32m412_416_crm.o(i.crm_pll_config) for crm_pll_config
    at32m412_416_wk_config.o(i.wk_system_clock_config) refers to at32m412_416_crm.o(i.crm_ahb_div_set) for crm_ahb_div_set
    at32m412_416_wk_config.o(i.wk_system_clock_config) refers to at32m412_416_crm.o(i.crm_apb3_div_set) for crm_apb3_div_set
    at32m412_416_wk_config.o(i.wk_system_clock_config) refers to at32m412_416_crm.o(i.crm_apb2_div_set) for crm_apb2_div_set
    at32m412_416_wk_config.o(i.wk_system_clock_config) refers to at32m412_416_crm.o(i.crm_apb1_div_set) for crm_apb1_div_set
    at32m412_416_wk_config.o(i.wk_system_clock_config) refers to at32m412_416_crm.o(i.crm_auto_step_mode_enable) for crm_auto_step_mode_enable
    at32m412_416_wk_config.o(i.wk_system_clock_config) refers to at32m412_416_crm.o(i.crm_sysclk_switch) for crm_sysclk_switch
    at32m412_416_wk_config.o(i.wk_system_clock_config) refers to at32m412_416_crm.o(i.crm_sysclk_switch_status_get) for crm_sysclk_switch_status_get
    at32m412_416_wk_config.o(i.wk_system_clock_config) refers to system_at32m412_416.o(i.system_core_clock_update) for system_core_clock_update
    main.o(i.main) refers to at32m412_416_misc.o(i.nvic_vector_table_set) for nvic_vector_table_set
    main.o(i.main) refers to at32m412_416_wk_config.o(i.wk_system_clock_config) for wk_system_clock_config
    main.o(i.main) refers to at32m412_416_wk_config.o(i.wk_periph_clock_config) for wk_periph_clock_config
    main.o(i.main) refers to at32m412_416_wk_config.o(i.wk_nvic_config) for wk_nvic_config
    main.o(i.main) refers to wk_system.o(i.wk_timebase_init) for wk_timebase_init
    main.o(i.main) refers to wk_gpio.o(i.wk_gpio_config) for wk_gpio_config
    main.o(i.main) refers to wk_adc.o(i.wk_adc_common_init) for wk_adc_common_init
    main.o(i.main) refers to wk_adc.o(i.wk_adc1_init) for wk_adc1_init
    main.o(i.main) refers to wk_adc.o(i.wk_adc2_init) for wk_adc2_init
    main.o(i.main) refers to wk_dma.o(i.wk_dma1_channel1_init) for wk_dma1_channel1_init
    main.o(i.main) refers to wk_dma.o(i.wk_dma_channel_config) for wk_dma_channel_config
    main.o(i.main) refers to at32m412_416_dma.o(i.dma_channel_enable) for dma_channel_enable
[...]
    _printf_longlong_oct                     0x080008cd   Thumb Code    66  _printf_oct_int_ll.o(.text)
    _printf_int_oct                          0x0800090f   Thumb Code    24  _printf_oct_int_ll.o(.text)
    _printf_ll_oct                           0x08000927   Thumb Code    12  _printf_oct_int_ll.o(.text)
    _printf_longlong_hex                     0x0800093d   Thumb Code    86  _printf_hex_int_ll_ptr.o(.text)
    _printf_int_hex                          0x08000993   Thumb Code    28  _printf_hex_int_ll_ptr.o(.text)
    _printf_ll_hex                           0x080009af   Thumb Code    12  _printf_hex_int_ll_ptr.o(.text)
    _printf_hex_ptr                          0x080009bb   Thumb Code    18  _printf_hex_int_ll_ptr.o(.text)
    __printf                                 0x080009d1   Thumb Code   388  __printf_flags_ss_wp.o(.text)
    __aeabi_errno_addr                       0x08000b59   Thumb Code     8  rt_errno_addr_intlibspace.o(.text)
    __errno$intlibspace                      0x08000b59   Thumb Code     0  rt_errno_addr_intlibspace.o(.text)
    __rt_errno_addr$intlibspace              0x08000b59   Thumb Code     0  rt_errno_addr_intlibspace.o(.text)
    _ll_udiv10                               0x08000b61   Thumb Code   138  lludiv10.o(.text)
    _printf_int_common                       0x08000beb   Thumb Code   178  _printf_intcommon.o(.text)
    __lib_sel_fp_printf                      0x08000c9d   Thumb Code     2  _printf_fp_dec.o(.text)
    _printf_fp_dec_real                      0x08000e4f   Thumb Code   620  _printf_fp_dec.o(.text)
    _printf_fp_hex_real                      0x080010bd   Thumb Code   756  _printf_fp_hex.o(.text)
    _printf_cs_common                        0x080013b9   Thumb Code    20  _printf_char.o(.text)
    _printf_char                             0x080013cd   Thumb Code    16  _printf_char.o(.text)
    _printf_string                           0x080013dd   Thumb Code     8  _printf_char.o(.text)
    _printf_lcs_common                       0x080013e5   Thumb Code    20  _printf_wchar.o(.text)
    _printf_wchar                            0x080013f9   Thumb Code    16  _printf_wchar.o(.text)
    _printf_wstring                          0x08001409   Thumb Code     8  _printf_wchar.o(.text)
    _wcrtomb                                 0x08001411   Thumb Code    64  _wcrtomb.o(.text)
    __user_libspace                          0x08001451   Thumb Code     8  libspace.o(.text)
    __user_perproc_libspace                  0x08001451   Thumb Code     0  libspace.o(.text)
    __user_perthread_libspace                0x08001451   Thumb Code     0  libspace.o(.text)
    __user_setup_stackheap                   0x08001459   Thumb Code    74  sys_stackheap_outer.o(.text)
    __rt_ctype_table                         0x080014a5   Thumb Code    16  rt_ctype_table.o(.text)
    __rt_locale                              0x080014b5   Thumb Code     8  rt_locale_intlibspace.o(.text)
    _printf_fp_infnan                        0x080014bd   Thumb Code   112  _printf_fp_infnan.o(.text)
    _btod_etento                             0x0800153d   Thumb Code   224  bigflt0.o(.text)
    exit                                     0x08001621   Thumb Code    18  exit.o(.text)
    strcmp                                   0x08001635   Thumb Code   128  strcmpv7m.o(.text)
    _sys_exit                                0x080016b5   Thumb Code     8  sys_exit.o(.text)
    __I$use$semihosting                      0x080016c1   Thumb Code     0  use_no_semi.o(.text)
    __use_no_semihosting_swi                 0x080016c1   Thumb Code     2  use_no_semi.o(.text)
    __semihosting_library_function           0x080016c3   Thumb Code     0  indicate_semi.o(.text)
    _btod_d2e                                0x080016c3   Thumb Code    62  btod.o(CL$$btod_d2e)
    _d2e_denorm_low                          0x08001701   Thumb Code    70  btod.o(CL$$btod_d2e_denorm_low)
    _d2e_norm_op1                            0x08001747   Thumb Code    96  btod.o(CL$$btod_d2e_norm_op1)
    __btod_div_common                        0x080017a7   Thumb Code   696  btod.o(CL$$btod_div_common)
    _e2e                                     0x08001adf   Thumb Code   220  btod.o(CL$$btod_e2e)
    _btod_ediv                               0x08001bbb   Thumb Code    42  btod.o(CL$$btod_ediv)
    _btod_emul                               0x08001be5   Thumb Code    42  btod.o(CL$$btod_emul)
    __btod_mult_common                       0x08001c0f   Thumb Code   580  btod.o(CL$$btod_mult_common)
    ADC1_2_IRQHandler                        0x08001e55   Thumb Code    28  at32m412_416_int.o(i.ADC1_2_IRQHandler)
    BusFault_Handler                         0x08001e75   Thumb Code     4  at32m412_416_int.o(i.BusFault_Handler)
    CAN1_ERR_IRQHandler                      0x08001e79   Thumb Code    66  at32m412_416_int.o(i.CAN1_ERR_IRQHandler)
    CAN1_RX_IRQHandler                       0x08001ec1   Thumb Code    88  at32m412_416_int.o(i.CAN1_RX_IRQHandler)
    DMA1_Channel3_IRQHandler                 0x08001f1d   Thumb Code     8  at32m412_416_int.o(i.DMA1_Channel3_IRQHandler)
    DebugMon_Handler                         0x08001f25   Thumb Code     2  at32m412_416_int.o(i.DebugMon_Handler)
    HardFault_Handler                        0x08001f27   Thumb Code     4  at32m412_416_int.o(i.HardFault_Handler)
    KTH71_ReadAngle                          0x08001f61   Thumb Code    50  kth71xx.o(i.KTH71_ReadAngle)
    Logger_Init                              0x08001fe1   Thumb Code    56  logger.o(i.Logger_Init)
    MP6540_AsGateDriver                      0x08002039   Thumb Code    16  mp6540.o(i.MP6540_AsGateDriver)
    MP6540_EnterInactiveState                0x08002051   Thumb Code    26  mp6540.o(i.MP6540_EnterInactiveState)
    MP6540_EnterSleep                        0x0800206b   Thumb Code    40  mp6540.o(i.MP6540_EnterSleep)
    MP6540_ExitInactiveState                 0x08002093   Thumb Code    20  mp6540.o(i.MP6540_ExitInactiveState)
    MP6540_ExitSleep                         0x080020a7   Thumb Code    38  mp6540.o(i.MP6540_ExitSleep)
    MP6540_HW_DelayMs                        0x080020cd   Thumb Code    12  mp6540.o(i.MP6540_HW_DelayMs)
    MP6540_HW_GPIO_Set                       0x080020d9   Thumb Code    36  mp6540.o(i.MP6540_HW_GPIO_Set)
    MP6540_Init                              0x080020fd   Thumb Code    24  mp6540.o(i.MP6540_Init)
    MP6540_SetAllPhaseEn                     0x08002115   Thumb Code    38  mp6540.o(i.MP6540_SetAllPhaseEn)
    MP6540_SetPhaseEn                        0x0800213b   Thumb Code    60  mp6540.o(i.MP6540_SetPhaseEn)
    MemManage_Handler                        0x08002177   Thumb Code     4  at32m412_416_int.o(i.MemManage_Handler)
    NMI_Handler                              0x0800217b   Thumb Code     2  at32m412_416_int.o(i.NMI_Handler)
    PendSV_Handler                           0x080021bd   Thumb Code     2  at32m412_416_int.o(i.PendSV_Handler)
    SVC_Handler                              0x080021bf   Thumb Code     2  at32m412_416_int.o(i.SVC_Handler)
    SysTick_Handler                          0x080021c1   Thumb Code     8  at32m412_416_int.o(i.SysTick_Handler)
    SystemInit                               0x080021c9   Thumb Code   132  system_at32m412_416.o(i.SystemInit)
    TMR7_GLOBAL_IRQHandler                   0x0800225d   Thumb Code     2  at32m412_416_int.o(i.TMR7_GLOBAL_IRQHandler)
    UsageFault_Handler                       0x0800225f   Thumb Code     4  at32m412_416_int.o(i.UsageFault_Handler)
    __ARM_fpclassify                         0x08002263   Thumb Code    48  fpclassify.o(i.__ARM_fpclassify)
    __ARM_fpclassifyf                        0x08002293   Thumb Code    38  fpclassifyf.o(i.__ARM_fpclassifyf)
    __hardfp_cosf                            0x080022f1   Thumb Code   280  cosf.o(i.__hardfp_cosf)
    __hardfp_fmodf                           0x08002441   Thumb Code   176  fmodf.o(i.__hardfp_fmodf)
    __hardfp_sinf                            0x080024f1   Thumb Code   344  sinf.o(i.__hardfp_sinf)
    __hardfp_sqrtf                           0x08002681   Thumb Code    58  sqrtf.o(i.__hardfp_sqrtf)
    __mathlib_flt_infnan                     0x080026bb   Thumb Code     6  funder.o(i.__mathlib_flt_infnan)
    __mathlib_flt_invalid                    0x080026c1   Thumb Code    10  funder.o(i.__mathlib_flt_invalid)
    __mathlib_flt_underflow                  0x080026d1   Thumb Code    10  funder.o(i.__mathlib_flt_underflow)
    __mathlib_rredf2                         0x080026e1   Thumb Code   316  rredf.o(i.__mathlib_rredf2)
    _is_digit                                0x08002835   Thumb Code    14  __printf_wp.o(i._is_digit)
    adc_base_config                          0x08002843   Thumb Code    44  at32m412_416_adc.o(i.adc_base_config)
    adc_base_default_para_init               0x0800286f   Thumb Code    14  at32m412_416_adc.o(i.adc_base_default_para_init)
    adc_calibration_init                     0x0800287d   Thumb Code    12  at32m412_416_adc.o(i.adc_calibration_init)
    adc_calibration_init_status_get          0x08002889   Thumb Code    18  at32m412_416_adc.o(i.adc_calibration_init_status_get)
    adc_calibration_start                    0x0800289b   Thumb Code    12  at32m412_416_adc.o(i.adc_calibration_start)
    adc_calibration_status_get               0x080028a7   Thumb Code    18  at32m412_416_adc.o(i.adc_calibration_status_get)
    adc_common_config                        0x080028b9   Thumb Code   138  at32m412_416_adc.o(i.adc_common_config)
    adc_common_default_para_init             0x0800294d   Thumb Code    16  at32m412_416_adc.o(i.adc_common_default_para_init)
    adc_enable                               0x0800295d   Thumb Code    10  at32m412_416_adc.o(i.adc_enable)
    adc_flag_clear                           0x08002967   Thumb Code     6  at32m412_416_adc.o(i.adc_flag_clear)
    adc_flag_get                             0x0800296d   Thumb Code    16  at32m412_416_adc.o(i.adc_flag_get)
    adc_interrupt_enable                     0x0800297d   Thumb Code    22  at32m412_416_adc.o(i.adc_interrupt_enable)
    adc_interrupt_flag_get                   0x08002993   Thumb Code   136  at32m412_416_adc.o(i.adc_interrupt_flag_get)
    adc_preempt_channel_length_set           0x08002a1b   Thumb Code    12  at32m412_416_adc.o(i.adc_preempt_channel_length_set)
    adc_preempt_channel_set                  0x08002a27   Thumb Code   362  at32m412_416_adc.o(i.adc_preempt_channel_set)
    adc_preempt_conversion_data_get          0x08002b91   Thumb Code    50  at32m412_416_adc.o(i.adc_preempt_conversion_data_get)
    adc_preempt_conversion_trigger_set       0x08002bc3   Thumb Code    52  at32m412_416_adc.o(i.adc_preempt_conversion_trigger_set)
    adc_preempt_offset_value_set             0x08002bf7   Thumb Code    62  at32m412_416_adc.o(i.adc_preempt_offset_value_set)
    adc_reset                                0x08002c35   Thumb Code    20  at32m412_416_adc.o(i.adc_reset)
    adc_resolution_set                       0x08002c4d   Thumb Code    10  at32m412_416_adc.o(i.adc_resolution_set)
    board_current_loop_irq_handler           0x08002c6d   Thumb Code    18  board_at32.o(i.board_current_loop_irq_handler)
    board_get_phase_current                  0x08002c85   Thumb Code    64  board_at32.o(i.board_get_phase_current)
    board_init                               0x08002cc9   Thumb Code    10  board.o(i.board_init)
    can_bittime_default_para_init            0x08002cd3   Thumb Code    30  at32m412_416_can.o(i.can_bittime_default_para_init)
    can_bittime_set                          0x08002cf1   Thumb Code    96  at32m412_416_can.o(i.can_bittime_set)
    can_error_warning_set                    0x08002d51   Thumb Code    10  at32m412_416_can.o(i.can_error_warning_set)
    can_fd_iso_mode_enable                   0x08002d5b   Thumb Code    10  at32m412_416_can.o(i.can_fd_iso_mode_enable)
    can_filter_default_para_init             0x08002d65   Thumb Code    44  at32m412_416_can.o(i.can_filter_default_para_init)
    can_filter_enable                        0x08002d91   Thumb Code    44  at32m412_416_can.o(i.can_filter_enable)
    can_filter_set                           0x08002dbd   Thumb Code   254  at32m412_416_can.o(i.can_filter_set)
    can_flag_clear                           0x08002ebb   Thumb Code     4  at32m412_416_can.o(i.can_flag_clear)
    can_interrupt_enable                     0x08002ebf   Thumb Code    26  at32m412_416_can.o(i.can_interrupt_enable)
    can_interrupt_flag_get                   0x08002ed9   Thumb Code    22  at32m412_416_can.o(i.can_interrupt_flag_get)
    can_mode_set                             0x08002eef   Thumb Code   294  at32m412_416_can.o(i.can_mode_set)
    can_rearbitration_limit_set              0x08003015   Thumb Code    10  at32m412_416_can.o(i.can_rearbitration_limit_set)
    can_receive_all_enable                   0x0800301f   Thumb Code    10  at32m412_416_can.o(i.can_receive_all_enable)
    can_restricted_operation_enable          0x08003029   Thumb Code    10  at32m412_416_can.o(i.can_restricted_operation_enable)
    can_retransmission_limit_set             0x08003033   Thumb Code    10  at32m412_416_can.o(i.can_retransmission_limit_set)
    can_rxbuf_overflow_mode_set              0x0800303d   Thumb Code    10  at32m412_416_can.o(i.can_rxbuf_overflow_mode_set)
    can_rxbuf_read                           0x08003049   Thumb Code   282  at32m412_416_can.o(i.can_rxbuf_read)
    can_rxbuf_warning_set                    0x08003169   Thumb Code    10  at32m412_416_can.o(i.can_rxbuf_warning_set)
    can_software_reset                       0x08003173   Thumb Code    10  at32m412_416_can.o(i.can_software_reset)
    can_stb_transmit_mode_set                0x0800317d   Thumb Code    10  at32m412_416_can.o(i.can_stb_transmit_mode_set)
    crm_ahb_div_set                          0x08003189   Thumb Code    30  at32m412_416_crm.o(i.crm_ahb_div_set)
    crm_apb1_div_set                         0x080031ad   Thumb Code    14  at32m412_416_crm.o(i.crm_apb1_div_set)
    crm_apb2_div_set                         0x080031c1   Thumb Code    14  at32m412_416_crm.o(i.crm_apb2_div_set)
    crm_apb3_div_set                         0x080031d5   Thumb Code    14  at32m412_416_crm.o(i.crm_apb3_div_set)
    crm_auto_step_mode_enable                0x080031e9   Thumb Code    34  at32m412_416_crm.o(i.crm_auto_step_mode_enable)
    crm_can_clock_select                     0x08003211   Thumb Code    20  at32m412_416_crm.o(i.crm_can_clock_select)
    crm_clock_source_enable                  0x08003229   Thumb Code    98  at32m412_416_crm.o(i.crm_clock_source_enable)
    crm_clocks_freq_get                      0x08003291   Thumb Code   272  at32m412_416_crm.o(i.crm_clocks_freq_get)
    crm_flag_get                             0x080033bd   Thumb Code    44  at32m412_416_crm.o(i.crm_flag_get)
    crm_periph_clock_enable                  0x080033ed   Thumb Code    70  at32m412_416_crm.o(i.crm_periph_clock_enable)
    crm_periph_reset                         0x08003439   Thumb Code    70  at32m412_416_crm.o(i.crm_periph_reset)
    crm_pll_config                           0x08003485   Thumb Code    46  at32m412_416_crm.o(i.crm_pll_config)
    crm_reset                                0x080034b9   Thumb Code   124  at32m412_416_crm.o(i.crm_reset)
    crm_sysclk_switch                        0x08003541   Thumb Code    30  at32m412_416_crm.o(i.crm_sysclk_switch)
    crm_sysclk_switch_status_get             0x08003565   Thumb Code    10  at32m412_416_crm.o(i.crm_sysclk_switch_status_get)
    current_hw_init                          0x08003575   Thumb Code    16  board_at32.o(i.current_hw_init)
    current_sense_calibrate_blocking         0x08003659   Thumb Code   108  current_sense.o(i.current_sense_calibrate_blocking)
    current_sense_init                       0x080036c5   Thumb Code    44  current_sense.o(i.current_sense_init)
    current_sense_process_sample             0x080037a9   Thumb Code    18  current_sense.o(i.current_sense_process_sample)
    delay_us                                 0x080037bb   Thumb Code    12  kth71xx.o(i.delay_us)
    dma_channel_enable                       0x080037c7   Thumb Code    10  at32m412_416_dma.o(i.dma_channel_enable)
    dma_default_para_init                    0x080037d1   Thumb Code    24  at32m412_416_dma.o(i.dma_default_para_init)
    dma_flag_clear                           0x080037e9   Thumb Code     6  at32m412_416_dma.o(i.dma_flag_clear)
    dma_flag_get                             0x080037f5   Thumb Code    22  at32m412_416_dma.o(i.dma_flag_get)
    dma_init                                 0x08003811   Thumb Code    94  at32m412_416_dma.o(i.dma_init)
    dma_interrupt_enable                     0x0800386f   Thumb Code    18  at32m412_416_dma.o(i.dma_interrupt_enable)
    dma_reset                                0x08003881   Thumb Code    50  at32m412_416_dma.o(i.dma_reset)
    dmamux_enable                            0x080038b9   Thumb Code    14  at32m412_416_dma.o(i.dmamux_enable)
    dmamux_init                              0x080038c7   Thumb Code    10  at32m412_416_dma.o(i.dmamux_init)
    dwt_blocking_delay_ms                    0x080038d1   Thumb Code    18  dwt_profile_delay.o(i.dwt_blocking_delay_ms)
    dwt_blocking_delay_us                    0x080038e5   Thumb Code    82  dwt_profile_delay.o(i.dwt_blocking_delay_us)
    dwt_get_ticks                            0x08003941   Thumb Code     6  dwt_profile_delay.o(i.dwt_get_ticks)
    dwt_get_ticks_us                         0x0800394d   Thumb Code    34  dwt_profile_delay.o(i.dwt_get_ticks_us)
    dwt_init                                 0x08003975   Thumb Code    80  dwt_profile_delay.o(i.dwt_init)
    eeprom_read                              0x080039d9   Thumb Code    46  eeprom.o(i.eeprom_read)
    eeprom_write                             0x08003a75   Thumb Code    90  eeprom.o(i.eeprom_write)
    flash_erase                              0x08003adf   Thumb Code    80  flash.o(i.flash_erase)
    flash_halfword_program                   0x08003b79   Thumb Code    50  at32m412_416_flash.o(i.flash_halfword_program)
    flash_lock                               0x08003bb1   Thumb Code    16  at32m412_416_flash.o(i.flash_lock)
    flash_operation_status_get               0x08003bc5   Thumb Code    48  at32m412_416_flash.o(i.flash_operation_status_get)
    flash_operation_wait_for                 0x08003bf9   Thumb Code    36  at32m412_416_flash.o(i.flash_operation_wait_for)
    flash_read                               0x08003c1d   Thumb Code    30  flash.o(i.flash_read)
    flash_sector_erase                       0x08003c3d   Thumb Code    60  at32m412_416_flash.o(i.flash_sector_erase)
    flash_unlock                             0x08003d2d   Thumb Code    12  at32m412_416_flash.o(i.flash_unlock)
    flash_write                              0x08003d45   Thumb Code   116  flash.o(i.flash_write)
    foc_align_electrical                     0x08003db9   Thumb Code    58  foc.o(i.foc_align_electrical)
    foc_control_loop                         0x08003e01   Thumb Code    16  foc.o(i.foc_control_loop)
    foc_get_motor_angle                      0x08003e11   Thumb Code   308  foc_motor.o(i.foc_get_motor_angle)
    foc_get_motor_current                    0x08003f5d   Thumb Code   246  foc_motor.o(i.foc_get_motor_current)
    foc_init                                 0x08004069   Thumb Code   358  foc.o(i.foc_init)
    foc_motor_run                            0x080041e5   Thumb Code    78  foc.o(i.foc_motor_run)
    foc_next_state                           0x08004239   Thumb Code    16  foc.o(i.foc_next_state)
    foc_pid_init                             0x08004265   Thumb Code    88  foc_pid.o(i.foc_pid_init)
    foc_speed_open_control                   0x080042c1   Thumb Code   226  foc.o(i.foc_speed_open_control)
    foc_state_machine_loop                   0x080043c9   Thumb Code   104  foc.o(i.foc_state_machine_loop)
    foc_update                               0x08004435   Thumb Code    10  foc.o(i.foc_update)
    foc_voltage                              0x08004445   Thumb Code   372  foc.o(i.foc_voltage)
    gate_driver_get_active                   0x080045d1   Thumb Code     6  gate_driver.o(i.gate_driver_get_active)
    gate_driver_init                         0x080045dd   Thumb Code    76  gate_driver.o(i.gate_driver_init)
    gate_driver_set_active                   0x0800462d   Thumb Code     6  gate_driver.o(i.gate_driver_set_active)
    gpio_bits_reset                          0x08004639   Thumb Code     4  at32m412_416_gpio.o(i.gpio_bits_reset)
    gpio_bits_set                            0x0800463d   Thumb Code     4  at32m412_416_gpio.o(i.gpio_bits_set)
    gpio_default_para_init                   0x08004641   Thumb Code    20  at32m412_416_gpio.o(i.gpio_default_para_init)
    gpio_init                                0x08004655   Thumb Code   122  at32m412_416_gpio.o(i.gpio_init)
    gpio_input_data_bit_read                 0x080046cf   Thumb Code    18  at32m412_416_gpio.o(i.gpio_input_data_bit_read)
    gpio_pin_mux_config                      0x080046e1   Thumb Code    60  at32m412_416_gpio.o(i.gpio_pin_mux_config)
    logger_dma_irq_handler                   0x08004769   Thumb Code   118  logger.o(i.logger_dma_irq_handler)
    logger_output                            0x08004895   Thumb Code   108  logger.o(i.logger_output)
    lpf1_init                                0x080049b5   Thumb Code   110  foc_filter.o(i.lpf1_init)
    lpf1_update                              0x08004a2d   Thumb Code    50  foc_filter.o(i.lpf1_update)
    main                                     0x08004a65   Thumb Code   300  main.o(i.main)
    motor_config_clear_storage               0x08004d9d   Thumb Code    20  motor_config.o(i.motor_config_clear_storage)
    motor_config_init                        0x08004dcd   Thumb Code    24  motor_config.o(i.motor_config_init)
    motor_config_load                        0x08004de5   Thumb Code    76  motor_config.o(i.motor_config_load)
    motor_config_register_storage            0x08004e39   Thumb Code    46  motor_config.o(i.motor_config_register_storage)
    motor_config_register_storage_ops_by_mode 0x08004e71   Thumb Code   174  motor_config_storage_ops.o(i.motor_config_register_storage_ops_by_mode)
    motor_config_save                        0x08004f31   Thumb Code   106  motor_config.o(i.motor_config_save)
    motor_config_set_defaults                0x08004fa5   Thumb Code   340  motor_config.o(i.motor_config_set_defaults)
    motor_fault_is_latched                   0x0800511d   Thumb Code    20  foc_fault.o(i.motor_fault_is_latched)
    motor_fault_protect                      0x08005131   Thumb Code   874  foc_fault.o(i.motor_fault_protect)
    motor_fault_raise                        0x080054a9   Thumb Code    34  foc_fault.o(i.motor_fault_raise)
    nvic_irq_enable                          0x080054e5   Thumb Code   190  at32m412_416_misc.o(i.nvic_irq_enable)
    nvic_priority_group_config               0x080055ad   Thumb Code    32  at32m412_416_misc.o(i.nvic_priority_group_config)
    nvic_vector_table_set                    0x080055d5   Thumb Code    12  at32m412_416_misc.o(i.nvic_vector_table_set)
    pwm_hw_stop                              0x080055e9   Thumb Code    36  board_at32.o(i.pwm_hw_stop)
    set_pwm                                  0x08005611   Thumb Code   116  board_at32.o(i.set_pwm)
    spi_3wire_receive_byte                   0x0800568d   Thumb Code   114  kth71xx.o(i.spi_3wire_receive_byte)
    spi_3wire_send_byte                      0x08005705   Thumb Code   160  kth71xx.o(i.spi_3wire_send_byte)
    spi_default_para_init                    0x080057a9   Thumb Code    22  at32m412_416_spi.o(i.spi_default_para_init)
    spi_enable                               0x080057bf   Thumb Code    10  at32m412_416_spi.o(i.spi_enable)
    spi_init                                 0x080057c9   Thumb Code   344  at32m412_416_spi.o(i.spi_init)
    system_core_clock_update                 0x08005981   Thumb Code   248  system_at32m412_416.o(i.system_core_clock_update)
    systick_clock_source_config              0x08005a91   Thumb Code    40  at32m412_416_misc.o(i.systick_clock_source_config)
    tmr_base_init                            0x08005ab9   Thumb Code    16  at32m412_416_tmr.o(i.tmr_base_init)
    tmr_brk2_config                          0x08005ac9   Thumb Code    32  at32m412_416_tmr.o(i.tmr_brk2_config)
    tmr_brk_filter_value_set                 0x08005ae9   Thumb Code    10  at32m412_416_tmr.o(i.tmr_brk_filter_value_set)
    tmr_brkdt_config                         0x08005af3   Thumb Code    72  at32m412_416_tmr.o(i.tmr_brkdt_config)
    tmr_channel_enable                       0x08005b3b   Thumb Code   128  at32m412_416_tmr.o(i.tmr_channel_enable)
    tmr_channel_value_set                    0x08005bbb   Thumb Code    86  at32m412_416_tmr.o(i.tmr_channel_value_set)
    tmr_clock_source_div_set                 0x08005c11   Thumb Code    10  at32m412_416_tmr.o(i.tmr_clock_source_div_set)
    tmr_cnt_dir_set                          0x08005c1b   Thumb Code    10  at32m412_416_tmr.o(i.tmr_cnt_dir_set)
    tmr_counter_enable                       0x08005c25   Thumb Code    10  at32m412_416_tmr.o(i.tmr_counter_enable)
    tmr_output_channel_buffer_enable         0x08005c2f   Thumb Code    88  at32m412_416_tmr.o(i.tmr_output_channel_buffer_enable)
    tmr_output_channel_config                0x08005c87   Thumb Code   506  at32m412_416_tmr.o(i.tmr_output_channel_config)
    tmr_output_channel_immediately_set       0x08005e81   Thumb Code    88  at32m412_416_tmr.o(i.tmr_output_channel_immediately_set)
    tmr_output_enable                        0x08005ed9   Thumb Code    10  at32m412_416_tmr.o(i.tmr_output_enable)
    tmr_period_buffer_enable                 0x08005ee3   Thumb Code    10  at32m412_416_tmr.o(i.tmr_period_buffer_enable)
    tmr_primary_mode2_select                 0x08005eed   Thumb Code    10  at32m412_416_tmr.o(i.tmr_primary_mode2_select)
    tmr_primary_mode_select                  0x08005ef7   Thumb Code    14  at32m412_416_tmr.o(i.tmr_primary_mode_select)
    tmr_repetition_counter_set               0x08005f05   Thumb Code    34  at32m412_416_tmr.o(i.tmr_repetition_counter_set)
    tmr_sub_sync_mode_set                    0x08005f39   Thumb Code    10  at32m412_416_tmr.o(i.tmr_sub_sync_mode_set)
    usart_dma_transmitter_enable             0x08005f43   Thumb Code    10  at32m412_416_usart.o(i.usart_dma_transmitter_enable)
    usart_enable                             0x08005f4d   Thumb Code    10  at32m412_416_usart.o(i.usart_enable)
    usart_hardware_flow_control_set          0x08005f57   Thumb Code   102  at32m412_416_usart.o(i.usart_hardware_flow_control_set)
    usart_init                               0x08005fbd   Thumb Code   156  at32m412_416_usart.o(i.usart_init)
    usart_parity_selection_config            0x0800605d   Thumb Code    76  at32m412_416_usart.o(i.usart_parity_selection_config)
    usart_receiver_enable                    0x080060a9   Thumb Code    10  at32m412_416_usart.o(i.usart_receiver_enable)
    usart_transmitter_enable                 0x080060b3   Thumb Code    10  at32m412_416_usart.o(i.usart_transmitter_enable)
    wk_adc1_init                             0x080060bd   Thumb Code   192  wk_adc.o(i.wk_adc1_init)
    wk_adc2_init                             0x08006185   Thumb Code   300  wk_adc.o(i.wk_adc2_init)
    wk_adc_common_init                       0x080062bd   Thumb Code    52  wk_adc.o(i.wk_adc_common_init)
    wk_can1_init                             0x080062f1   Thumb Code   530  wk_can.o(i.wk_can1_init)
    wk_dma1_channel1_init                    0x0800650d   Thumb Code    84  wk_dma.o(i.wk_dma1_channel1_init)
    wk_dma1_channel3_init                    0x08006565   Thumb Code    84  wk_dma.o(i.wk_dma1_channel3_init)
    wk_dma_channel_config                    0x080065bd   Thumb Code     8  wk_dma.o(i.wk_dma_channel_config)
    wk_gpio_config                           0x080065c5   Thumb Code   130  wk_gpio.o(i.wk_gpio_config)
    wk_nvic_config                           0x08006651   Thumb Code   242  at32m412_416_wk_config.o(i.wk_nvic_config)
    wk_periph_clock_config                   0x08006745   Thumb Code   128  at32m412_416_wk_config.o(i.wk_periph_clock_config)
    wk_spi2_init                             0x080067d1   Thumb Code   166  wk_spi.o(i.wk_spi2_init)
    wk_system_clock_config                   0x08006881   Thumb Code   166  at32m412_416_wk_config.o(i.wk_system_clock_config)
    wk_timebase_handler                      0x08006939   Thumb Code     8  wk_system.o(i.wk_timebase_handler)
    wk_timebase_increase                     0x08006941   Thumb Code    12  wk_system.o(i.wk_timebase_increase)
    wk_timebase_init                         0x08006951   Thumb Code    52  wk_system.o(i.wk_timebase_init)
    wk_tmr1_init                             0x08006985   Thumb Code   602  wk_tmr.o(i.wk_tmr1_init)
    wk_tmr6_init                             0x08006be9   Thumb Code    48  wk_tmr.o(i.wk_tmr6_init)
    wk_tmr7_init                             0x08006c1d   Thumb Code    48  wk_tmr.o(i.wk_tmr7_init)
    wk_usart1_init                           0x08006c51   Thumb Code   162  wk_usart.o(i.wk_usart1_init)
    _get_lc_numeric                          0x08006cfd   Thumb Code    44  lc_numeric_c.o(locale$$code)
    _get_lc_ctype                            0x08006d29   Thumb Code    44  lc_ctype_c.o(locale$$code)
    __fpl_fnaninf                            0x08006d55   Thumb Code   140  fnaninf.o(x$fpl$fnaninf)
    _fp_init                                 0x08006de1   Thumb Code    10  fpinit.o(x$fpl$fpinit)
    __fplib_config_fpu_vfp                   0x08006de9   Thumb Code     0  fpinit.o(x$fpl$fpinit)
    __fplib_config_pureend_doubles           0x08006de9   Thumb Code     0  fpinit.o(x$fpl$fpinit)
    _frem                                    0x08006ded   Thumb Code   240  frem_clz.o(x$fpl$frem)
    _printf_fp_dec                           0x08006ee1   Thumb Code     4  printf1.o(x$fpl$printf1)
    _printf_fp_hex                           0x08006ee5   Thumb Code     4  printf2.o(x$fpl$printf2)
    __I$use$fp                               0x08006ee8   Number         0  usenofp.o(x$fpl$usenofp)
    Region$$Table$$Base                      0x0800711c   Number         0  anon$$obj.o(Region$$Table)
    Region$$Table$$Limit                     0x0800713c   Number         0  anon$$obj.o(Region$$Table)
    __ctype                                  0x08007165   Data           0  lc_ctype_c.o(locale$$data)
    timebase_ticks                           0x20000000   Data           4  wk_system.o(.data)
    system_core_clock                        0x20000004   Data           4  system_at32m412_416.o(.data)
    pwm_compare_top                          0x20000008   Data           2  board_at32.o(.data)
    uq_now                                   0x20000014   Data           4  foc.o(.data)
    omega_now                                0x20000018   Data           4  foc.o(.data)
    shaft_angle                              0x2000001c   Data           4  foc.o(.data)
    CRC8Table                                0x20000030   Data         256  kth71xx.o(.data)
    global_log_level                         0x20000148   Data           1  logger.o(.data)
    log_level_strings                        0x2000014c   Data          16  logger.o(.data)
    g_motor                                  0x200001d0   Data         756  foc.o(.bss)
    __libspace_start                         0x20000a00   Data          96  libspace.o(.bss)
    __temporary_stack_top$libspace           0x20000a60   Data           0  libspace.o(.bss)



==============================================================================

Memory Map of the image

  Image Entry point : 0x080001bd

  Load Region LR_IROM1 (Base: 0x08000000, Size: 0x000073d4, Max: 0x00020000, ABSOLUTE, COMPRESSED[0x00007384])

    Execution Region ER_IROM1 (Exec base: 0x08000000, Load base: 0x08000000, Size: 0x00007268, Max: 0x00020000, ABSOLUTE)

    Exec Addr    Load Addr    Size         Type   Attr      Idx    E Section Name        Object

    0x08000000   0x08000000   0x000001bc   Data   RO         3230    RESET               startup_at32m412_416.o
    0x080001bc   0x080001bc   0x00000008   Code   RO         4512  * !!!main             c_w.l(__main.o)
    0x080001c4   0x080001c4   0x00000034   Code   RO         4927    !!!scatter          c_w.l(__scatter.o)
    0x080001f8   0x080001f8   0x0000003a   Code   RO         4925    !!dczerorl          c_w.l(__dczerorl.o)
    0x08000232   0x08000232   0x00000002   PAD
    0x08000234   0x08000234   0x0000001c   Code   RO         4929    !!handler_zi        c_w.l(__scatter_zi.o)
    0x08000250   0x08000250   0x00000000   Code   RO         4652    .ARM.Collect$$_printf_percent$$00000000  c_w.l(_printf_percent.o)
    0x08000250   0x08000250   0x00000006   Code   RO         4641    .ARM.Collect$$_printf_percent$$00000001  c_w.l(_printf_n.o)
    0x08000256   0x08000256   0x00000006   Code   RO         4643    .ARM.Collect$$_printf_percent$$00000002  c_w.l(_printf_p.o)
    0x0800025c   0x0800025c   0x00000006   Code   RO         4648    .ARM.Collect$$_printf_percent$$00000003  c_w.l(_printf_f.o)
    0x08000262   0x08000262   0x00000006   Code   RO         4649    .ARM.Collect$$_printf_percent$$00000004  c_w.l(_printf_e.o)
    0x08000268   0x08000268   0x00000006   Code   RO         4650    .ARM.Collect$$_printf_percent$$00000005  c_w.l(_printf_g.o)
    0x0800026e   0x0800026e   0x00000006   Code   RO         4651    .ARM.Collect$$_printf_percent$$00000006  c_w.l(_printf_a.o)
    0x08000274   0x08000274   0x0000000a   Code   RO         4656    .ARM.Collect$$_printf_percent$$00000007  c_w.l(_printf_ll.o)
    0x0800027e   0x0800027e   0x00000006   Code   RO         4645    .ARM.Collect$$_printf_percent$$00000008  c_w.l(_printf_i.o)
    0x08000284   0x08000284   0x00000006   Code   RO         4646    .ARM.Collect$$_printf_percent$$00000009  c_w.l(_printf_d.o)
    0x0800028a   0x0800028a   0x00000006   Code   RO         4647    .ARM.Collect$$_printf_percent$$0000000A  c_w.l(_printf_u.o)
    0x08000290   0x08000290   0x00000006   Code   RO         4644    .ARM.Collect$$_printf_percent$$0000000B  c_w.l(_printf_o.o)
    0x08000296   0x08000296   0x00000006   Code   RO         4642    .ARM.Collect$$_printf_percent$$0000000C  c_w.l(_printf_x.o)
    0x0800029c   0x0800029c   0x00000006   Code   RO         4653    .ARM.Collect$$_printf_percent$$0000000D  c_w.l(_printf_lli.o)
    0x080002a2   0x080002a2   0x00000006   Code   RO         4654    .ARM.Collect$$_printf_percent$$0000000E  c_w.l(_printf_lld.o)
    0x080002a8   0x080002a8   0x00000006   Code   RO         4655    .ARM.Collect$$_printf_percent$$0000000F  c_w.l(_printf_llu.o)
    0x080002ae   0x080002ae   0x00000006   Code   RO         4660    .ARM.Collect$$_printf_percent$$00000010  c_w.l(_printf_llo.o)
    0x080002b4   0x080002b4   0x00000006   Code   RO         4661    .ARM.Collect$$_printf_percent$$00000011  c_w.l(_printf_llx.o)
    0x080002ba   0x080002ba   0x0000000a   Code   RO         4657    .ARM.Collect$$_printf_percent$$00000012  c_w.l(_printf_l.o)
    0x080002c4   0x080002c4   0x00000006   Code   RO         4639    .ARM.Collect$$_printf_percent$$00000013  c_w.l(_printf_c.o)
    0x080002ca   0x080002ca   0x00000006   Code   RO         4640    .ARM.Collect$$_printf_percent$$00000014  c_w.l(_printf_s.o)
    0x080002d0   0x080002d0   0x00000006   Code   RO         4658    .ARM.Collect$$_printf_percent$$00000015  c_w.l(_printf_lc.o)
    0x080002d6   0x080002d6   0x00000006   Code   RO         4659    .ARM.Collect$$_printf_percent$$00000016  c_w.l(_printf_ls.o)
    0x080002dc   0x080002dc   0x00000004   Code   RO         4729    .ARM.Collect$$_printf_percent$$00000017  c_w.l(_printf_percent_end.o)
    0x080002e0   0x080002e0   0x00000002   Code   RO         4787    .ARM.Collect$$libinit$$00000000  c_w.l(libinit.o)
    0x080002e2   0x080002e2   0x00000004   Code   RO         4805    .ARM.Collect$$libinit$$00000001  c_w.l(libinit2.o)
    0x080002e6   0x080002e6   0x00000000   Code   RO         4808    .ARM.Collect$$libinit$$00000004  c_w.l(libinit2.o)
    0x080002e6   0x080002e6   0x00000000   Code   RO         4811    .ARM.Collect$$libinit$$0000000A  c_w.l(libinit2.o)
    0x080002e6   0x080002e6   0x00000000   Code   RO         4813    .ARM.Collect$$libinit$$0000000C  c_w.l(libinit2.o)
    0x080002e6   0x080002e6   0x00000000   Code   RO         4815    .ARM.Collect$$libinit$$0000000E  c_w.l(libinit2.o)
    0x080002e6   0x080002e6   0x00000006   Code   RO         4816    .ARM.Collect$$libinit$$0000000F  c_w.l(libinit2.o)
    0x080002ec   0x080002ec   0x00000000   Code   RO         4818    .ARM.Collect$$libinit$$00000011  c_w.l(libinit2.o)
    0x080002ec   0x080002ec   0x0000000c   Code   RO         4819    .ARM.Collect$$libinit$$00000012  c_w.l(libinit2.o)
    0x080002f8   0x080002f8   0x00000000   Code   RO         4820    .ARM.Collect$$libinit$$00000013  c_w.l(libinit2.o)
    0x080002f8   0x080002f8   0x00000000   Code   RO         4822    .ARM.Collect$$libinit$$00000015  c_w.l(libinit2.o)
    0x080002f8   0x080002f8   0x0000000a   Code   RO         4823    .ARM.Collect$$libinit$$00000016  c_w.l(libinit2.o)
    0x08000302   0x08000302   0x00000000   Code   RO         4824    .ARM.Collect$$libinit$$00000017  c_w.l(libinit2.o)
    0x08000302   0x08000302   0x00000000   Code   RO         4826    .ARM.Collect$$libinit$$00000019  c_w.l(libinit2.o)
    0x08000302   0x08000302   0x00000000   Code   RO         4828    .ARM.Collect$$libinit$$0000001B  c_w.l(libinit2.o)
    0x08000302   0x08000302   0x00000000   Code   RO         4830    .ARM.Collect$$libinit$$0000001D  c_w.l(libinit2.o)
    0x08000302   0x08000302   0x00000000   Code   RO         4832    .ARM.Collect$$libinit$$0000001F  c_w.l(libinit2.o)
    0x08000302   0x08000302   0x00000000   Code   RO         4834    .ARM.Collect$$libinit$$00000021  c_w.l(libinit2.o)
    0x08000302   0x08000302   0x00000000   Code   RO         4836    .ARM.Collect$$libinit$$00000023  c_w.l(libinit2.o)
    0x08000302   0x08000302   0x00000000   Code   RO         4838    .ARM.Collect$$libinit$$00000025  c_w.l(libinit2.o)
    0x08000302   0x08000302   0x00000000   Code   RO         4842    .ARM.Collect$$libinit$$0000002C  c_w.l(libinit2.o)
    0x08000302   0x08000302   0x00000000   Code   RO         4844    .ARM.Collect$$libinit$$0000002E  c_w.l(libinit2.o)
    0x08000302   0x08000302   0x00000000   Code   RO         4846    .ARM.Collect$$libinit$$00000030  c_w.l(libinit2.o)
    0x08000302   0x08000302   0x00000000   Code   RO         4848    .ARM.Collect$$libinit$$00000032  c_w.l(libinit2.o)
    0x08000302   0x08000302   0x00000002   Code   RO         4849    .ARM.Collect$$libinit$$00000033  c_w.l(libinit2.o)
    0x08000304   0x08000304   0x00000002   Code   RO         4880    .ARM.Collect$$libshutdown$$00000000  c_w.l(libshutdown.o)
    0x08000306   0x08000306   0x00000000   Code   RO         4906    .ARM.Collect$$libshutdown$$00000002  c_w.l(libshutdown2.o)
    0x08000306   0x08000306   0x00000000   Code   RO         4908    .ARM.Collect$$libshutdown$$00000004  c_w.l(libshutdown2.o)
    0x08000306   0x08000306   0x00000000   Code   RO         4910    .ARM.Collect$$libshutdown$$00000006  c_w.l(libshutdown2.o)
    0x08000306   0x08000306   0x00000000   Code   RO         4913    .ARM.Collect$$libshutdown$$00000009  c_w.l(libshutdown2.o)
    0x08000306   0x08000306   0x00000000   Code   RO         4916    .ARM.Collect$$libshutdown$$0000000C  c_w.l(libshutdown2.o)
    0x08000306   0x08000306   0x00000000   Code   RO         4918    .ARM.Collect$$libshutdown$$0000000E  c_w.l(libshutdown2.o)
    0x08000306   0x08000306   0x00000000   Code   RO         4921    .ARM.Collect$$libshutdown$$00000011  c_w.l(libshutdown2.o)
    0x08000306   0x08000306   0x00000002   Code   RO         4922    .ARM.Collect$$libshutdown$$00000012  c_w.l(libshutdown2.o)
    0x08000308   0x08000308   0x00000000   Code   RO         4562    .ARM.Collect$$rtentry$$00000000  c_w.l(__rtentry.o)
    0x08000308   0x08000308   0x00000000   Code   RO         4693    .ARM.Collect$$rtentry$$00000002  c_w.l(__rtentry2.o)
    0x08000308   0x08000308   0x00000006   Code   RO         4705    .ARM.Collect$$rtentry$$00000004  c_w.l(__rtentry4.o)
    0x0800030e   0x0800030e   0x00000000   Code   RO         4695    .ARM.Collect$$rtentry$$00000009  c_w.l(__rtentry2.o)
    0x0800030e   0x0800030e   0x00000004   Code   RO         4696    .ARM.Collect$$rtentry$$0000000A  c_w.l(__rtentry2.o)
    0x08000312   0x08000312   0x00000000   Code   RO         4698    .ARM.Collect$$rtentry$$0000000C  c_w.l(__rtentry2.o)
    0x08000312   0x08000312   0x00000008   Code   RO         4699    .ARM.Collect$$rtentry$$0000000D  c_w.l(__rtentry2.o)
    0x0800031a   0x0800031a   0x00000002   Code   RO         4792    .ARM.Collect$$rtexit$$00000000  c_w.l(rtexit.o)
    0x0800031c   0x0800031c   0x00000000   Code   RO         4853    .ARM.Collect$$rtexit$$00000002  c_w.l(rtexit2.o)
    0x0800031c   0x0800031c   0x00000004   Code   RO         4854    .ARM.Collect$$rtexit$$00000003  c_w.l(rtexit2.o)
    0x08000320   0x08000320   0x00000006   Code   RO         4855    .ARM.Collect$$rtexit$$00000004  c_w.l(rtexit2.o)
    0x08000326   0x08000326   0x00000002   PAD
    0x08000328   0x08000328   0x00000040   Code   RO         3231    .text               startup_at32m412_416.o
    0x08000368   0x08000368   0x000000ee   Code   RO         4500    .text               c_w.l(lludivv7m.o)
    0x08000456   0x08000456   0x00000002   PAD
    0x08000458   0x08000458   0x00000034   Code   RO         4502    .text               c_w.l(vsnprintf.o)
    0x0800048c   0x0800048c   0x0000008a   Code   RO         4504    .text               c_w.l(rt_memcpy_v6.o)
    0x08000516   0x08000516   0x00000064   Code   RO         4506    .text               c_w.l(rt_memcpy_w.o)
    0x0800057a   0x0800057a   0x0000004e   Code   RO         4508    .text               c_w.l(rt_memclr_w.o)
    0x080005c8   0x080005c8   0x00000006   Code   RO         4510    .text               c_w.l(heapauxi.o)
    0x080005ce   0x080005ce   0x00000016   Code   RO         4567    .text               c_w.l(_rserrno.o)
    0x080005e4   0x080005e4   0x0000004e   Code   RO         4571    .text               c_w.l(_printf_pad.o)
    0x08000632   0x08000632   0x00000024   Code   RO         4573    .text               c_w.l(_printf_truncate.o)
    0x08000656   0x08000656   0x00000052   Code   RO         4575    .text               c_w.l(_printf_str.o)
    0x080006a8   0x080006a8   0x00000078   Code   RO         4577    .text               c_w.l(_printf_dec.o)
    0x08000720   0x08000720   0x00000028   Code   RO         4579    .text               c_w.l(_printf_charcount.o)
    0x08000748   0x08000748   0x00000030   Code   RO         4581    .text               c_w.l(_printf_char_common.o)
    0x08000778   0x08000778   0x0000000a   Code   RO         4583    .text               c_w.l(_sputc.o)
    0x08000782   0x08000782   0x00000010   Code   RO         4585    .text               c_w.l(_snputc.o)
    0x08000792   0x08000792   0x00000002   PAD
    0x08000794   0x08000794   0x000000bc   Code   RO         4587    .text               c_w.l(_printf_wctomb.o)
    0x08000850   0x08000850   0x0000007c   Code   RO         4590    .text               c_w.l(_printf_longlong_dec.o)
    0x080008cc   0x080008cc   0x00000070   Code   RO         4596    .text               c_w.l(_printf_oct_int_ll.o)
    0x0800093c   0x0800093c   0x00000094   Code   RO         4616    .text               c_w.l(_printf_hex_int_ll_ptr.o)
    0x080009d0   0x080009d0   0x00000188   Code   RO         4636    .text               c_w.l(__printf_flags_ss_wp.o)
    0x08000b58   0x08000b58   0x00000008   Code   RO         4712    .text               c_w.l(rt_errno_addr_intlibspace.o)
    0x08000b60   0x08000b60   0x0000008a   Code   RO         4714    .text               c_w.l(lludiv10.o)
    0x08000bea   0x08000bea   0x000000b2   Code   RO         4716    .text               c_w.l(_printf_intcommon.o)
    0x08000c9c   0x08000c9c   0x0000041e   Code   RO         4718    .text               c_w.l(_printf_fp_dec.o)
    0x080010ba   0x080010ba   0x00000002   PAD
    0x080010bc   0x080010bc   0x000002fc   Code   RO         4720    .text               c_w.l(_printf_fp_hex.o)
    0x080013b8   0x080013b8   0x0000002c   Code   RO         4725    .text               c_w.l(_printf_char.o)
    0x080013e4   0x080013e4   0x0000002c   Code   RO         4727    .text               c_w.l(_printf_wchar.o)
    0x08001410   0x08001410   0x00000040   Code   RO         4730    .text               c_w.l(_wcrtomb.o)
    0x08001450   0x08001450   0x00000008   Code   RO         4734    .text               c_w.l(libspace.o)
    0x08001458   0x08001458   0x0000004a   Code   RO         4737    .text               c_w.l(sys_stackheap_outer.o)
    0x080014a2   0x080014a2   0x00000002   PAD
    0x080014a4   0x080014a4   0x00000010   Code   RO         4739    .text               c_w.l(rt_ctype_table.o)
    0x080014b4   0x080014b4   0x00000008   Code   RO         4744    .text               c_w.l(rt_locale_intlibspace.o)
    0x080014bc   0x080014bc   0x00000080   Code   RO         4746    .text               c_w.l(_printf_fp_infnan.o)
    0x0800153c   0x0800153c   0x000000e4   Code   RO         4748    .text               c_w.l(bigflt0.o)
    0x08001620   0x08001620   0x00000012   Code   RO         4776    .text               c_w.l(exit.o)
    0x08001632   0x08001632   0x00000002   PAD
    0x08001634   0x08001634   0x00000080   Code   RO         4803    .text               c_w.l(strcmpv7m.o)
    0x080016b4   0x080016b4   0x0000000c   Code   RO         4850    .text               c_w.l(sys_exit.o)
    0x080016c0   0x080016c0   0x00000002   Code   RO         4869    .text               c_w.l(use_no_semi.o)
    0x080016c2   0x080016c2   0x00000000   Code   RO         4871    .text               c_w.l(indicate_semi.o)
    0x080016c2   0x080016c2   0x0000003e   Code   RO         4751    CL$$btod_d2e        c_w.l(btod.o)
    0x08001700   0x08001700   0x00000046   Code   RO         4753    CL$$btod_d2e_denorm_low  c_w.l(btod.o)
    0x08001746   0x08001746   0x00000060   Code   RO         4752    CL$$btod_d2e_norm_op1  c_w.l(btod.o)
    0x080017a6   0x080017a6   0x00000338   Code   RO         4761    CL$$btod_div_common  c_w.l(btod.o)
    0x08001ade   0x08001ade   0x000000dc   Code   RO         4758    CL$$btod_e2e        c_w.l(btod.o)
    0x08001bba   0x08001bba   0x0000002a   Code   RO         4755    CL$$btod_ediv       c_w.l(btod.o)
    0x08001be4   0x08001be4   0x0000002a   Code   RO         4754    CL$$btod_emul       c_w.l(btod.o)
    0x08001c0e   0x08001c0e   0x00000244   Code   RO         4760    CL$$btod_mult_common  c_w.l(btod.o)
    0x08001e52   0x08001e52   0x00000002   PAD
    0x08001e54   0x08001e54   0x00000020   Code   RO            4    i.ADC1_2_IRQHandler  at32m412_416_int.o
    0x08001e74   0x08001e74   0x00000004   Code   RO            5    i.BusFault_Handler  at32m412_416_int.o
    0x08001e78   0x08001e78   0x00000048   Code   RO            6    i.CAN1_ERR_IRQHandler  at32m412_416_int.o
    0x08001ec0   0x08001ec0   0x0000005c   Code   RO            7    i.CAN1_RX_IRQHandler  at32m412_416_int.o
    0x08001f1c   0x08001f1c   0x00000008   Code   RO            8    i.DMA1_Channel3_IRQHandler  at32m412_416_int.o
    0x08001f24   0x08001f24   0x00000002   Code   RO            9    i.DebugMon_Handler  at32m412_416_int.o
    0x08001f26   0x08001f26   0x00000004   Code   RO           10    i.HardFault_Handler  at32m412_416_int.o
    0x08001f2a   0x08001f2a   0x00000002   PAD
    0x08001f2c   0x08001f2c   0x00000034   Code   RO         3867    i.KTH71_IsCRCOK     kth71xx.o
    0x08001f60   0x08001f60   0x00000032   Code   RO         3869    i.KTH71_ReadAngle   kth71xx.o
    0x08001f92   0x08001f92   0x00000002   PAD
    0x08001f94   0x08001f94   0x0000004c   Code   RO         3871    i.KTH71_SPI_TransmitReceive  kth71xx.o
    0x08001fe0   0x08001fe0   0x00000058   Code   RO         4374    i.Logger_Init       logger.o
    0x08002038   0x08002038   0x00000018   Code   RO         4020    i.MP6540_AsGateDriver  mp6540.o
    0x08002050   0x08002050   0x0000001a   Code   RO         4021    i.MP6540_EnterInactiveState  mp6540.o
    0x0800206a   0x0800206a   0x00000028   Code   RO         4022    i.MP6540_EnterSleep  mp6540.o
    0x08002092   0x08002092   0x00000014   Code   RO         4023    i.MP6540_ExitInactiveState  mp6540.o
    0x080020a6   0x080020a6   0x00000026   Code   RO         4024    i.MP6540_ExitSleep  mp6540.o
    0x080020cc   0x080020cc   0x0000000c   Code   RO         4025    i.MP6540_HW_DelayMs  mp6540.o
    0x080020d8   0x080020d8   0x00000024   Code   RO         4027    i.MP6540_HW_GPIO_Set  mp6540.o
    0x080020fc   0x080020fc   0x00000018   Code   RO         4028    i.MP6540_Init       mp6540.o
    0x08002114   0x08002114   0x00000026   Code   RO         4031    i.MP6540_SetAllPhaseEn  mp6540.o
    0x0800213a   0x0800213a   0x0000003c   Code   RO         4032    i.MP6540_SetPhaseEn  mp6540.o
    0x08002176   0x08002176   0x00000004   Code   RO           11    i.MemManage_Handler  at32m412_416_int.o
    0x0800217a   0x0800217a   0x00000002   Code   RO           12    i.NMI_Handler       at32m412_416_int.o
    0x0800217c   0x0800217c   0x00000040   Code   RO          228    i.NVIC_EncodePriority  at32m412_416_wk_config.o
    0x080021bc   0x080021bc   0x00000002   Code   RO           13    i.PendSV_Handler    at32m412_416_int.o
    0x080021be   0x080021be   0x00000002   Code   RO           14    i.SVC_Handler       at32m412_416_int.o
    0x080021c0   0x080021c0   0x00000008   Code   RO           15    i.SysTick_Handler   at32m412_416_int.o
    0x080021c8   0x080021c8   0x00000094   Code   RO         3238    i.SystemInit        system_at32m412_416.o
    0x0800225c   0x0800225c   0x00000002   Code   RO           16    i.TMR7_GLOBAL_IRQHandler  at32m412_416_int.o
    0x0800225e   0x0800225e   0x00000004   Code   RO           17    i.UsageFault_Handler  at32m412_416_int.o
    0x08002262   0x08002262   0x00000030   Code   RO         4790    i.__ARM_fpclassify  m_wm.l(fpclassify.o)
    0x08002292   0x08002292   0x00000026   Code   RO         4673    i.__ARM_fpclassifyf  m_wm.l(fpclassifyf.o)
    0x080022b8   0x080022b8   0x00000010   Code   RO          229    i.__NVIC_GetPriorityGrouping  at32m412_416_wk_config.o
    0x080022c8   0x080022c8   0x00000028   Code   RO          230    i.__NVIC_SetPriority  at32m412_416_wk_config.o
    0x080022f0   0x080022f0   0x00000150   Code   RO         4514    i.__hardfp_cosf     m_wm.l(cosf.o)
    0x08002440   0x08002440   0x000000b0   Code   RO         4526    i.__hardfp_fmodf    m_wm.l(fmodf.o)
    0x080024f0   0x080024f0   0x00000190   Code   RO         4538    i.__hardfp_sinf     m_wm.l(sinf.o)
    0x08002680   0x08002680   0x0000003a   Code   RO         4550    i.__hardfp_sqrtf    m_wm.l(sqrtf.o)
    0x080026ba   0x080026ba   0x00000006   Code   RO         4676    i.__mathlib_flt_infnan  m_wm.l(funder.o)
    0x080026c0   0x080026c0   0x00000010   Code   RO         4678    i.__mathlib_flt_invalid  m_wm.l(funder.o)
    0x080026d0   0x080026d0   0x00000010   Code   RO         4681    i.__mathlib_flt_underflow  m_wm.l(funder.o)
    0x080026e0   0x080026e0   0x00000154   Code   RO         4689    i.__mathlib_rredf2  m_wm.l(rredf.o)
    0x08002834   0x08002834   0x0000000e   Code   RO         4629    i._is_digit         c_w.l(__printf_wp.o)
    0x08002842   0x08002842   0x0000002c   Code   RO          661    i.adc_base_config   at32m412_416_adc.o
    0x0800286e   0x0800286e   0x0000000e   Code   RO          662    i.adc_base_default_para_init  at32m412_416_adc.o
    0x0800287c   0x0800287c   0x0000000c   Code   RO          663    i.adc_calibration_init  at32m412_416_adc.o
    0x08002888   0x08002888   0x00000012   Code   RO          664    i.adc_calibration_init_status_get  at32m412_416_adc.o
    0x0800289a   0x0800289a   0x0000000c   Code   RO          665    i.adc_calibration_start  at32m412_416_adc.o
    0x080028a6   0x080028a6   0x00000012   Code   RO          666    i.adc_calibration_status_get  at32m412_416_adc.o
    0x080028b8   0x080028b8   0x00000094   Code   RO          670    i.adc_common_config  at32m412_416_adc.o
    0x0800294c   0x0800294c   0x00000010   Code   RO          671    i.adc_common_default_para_init  at32m412_416_adc.o
    0x0800295c   0x0800295c   0x0000000a   Code   RO          678    i.adc_enable        at32m412_416_adc.o
    0x08002966   0x08002966   0x00000006   Code   RO          679    i.adc_flag_clear    at32m412_416_adc.o
    0x0800296c   0x0800296c   0x00000010   Code   RO          680    i.adc_flag_get      at32m412_416_adc.o
    0x0800297c   0x0800297c   0x00000016   Code   RO          681    i.adc_interrupt_enable  at32m412_416_adc.o
    0x08002992   0x08002992   0x00000088   Code   RO          682    i.adc_interrupt_flag_get  at32m412_416_adc.o
    0x08002a1a   0x08002a1a   0x0000000c   Code   RO          696    i.adc_preempt_channel_length_set  at32m412_416_adc.o
    0x08002a26   0x08002a26   0x0000016a   Code   RO          697    i.adc_preempt_channel_set  at32m412_416_adc.o
    0x08002b90   0x08002b90   0x00000032   Code   RO          698    i.adc_preempt_conversion_data_get  at32m412_416_adc.o
    0x08002bc2   0x08002bc2   0x00000034   Code   RO          699    i.adc_preempt_conversion_trigger_set  at32m412_416_adc.o
    0x08002bf6   0x08002bf6   0x0000003e   Code   RO          700    i.adc_preempt_offset_value_set  at32m412_416_adc.o
    0x08002c34   0x08002c34   0x00000018   Code   RO          705    i.adc_reset         at32m412_416_adc.o
    0x08002c4c   0x08002c4c   0x0000000a   Code   RO          706    i.adc_resolution_set  at32m412_416_adc.o
    0x08002c56   0x08002c56   0x0000000a   Code   RO         4161    i.align_down        flash.o
    0x08002c60   0x08002c60   0x0000000c   Code   RO         4162    i.align_up          flash.o
    0x08002c6c   0x08002c6c   0x00000018   Code   RO         3293    i.board_current_loop_irq_handler  board_at32.o
    0x08002c84   0x08002c84   0x00000044   Code   RO         3294    i.board_get_phase_current  board_at32.o
    0x08002cc8   0x08002cc8   0x0000000a   Code   RO         3273    i.board_init        board.o
    0x08002cd2   0x08002cd2   0x0000001e   Code   RO          974    i.can_bittime_default_para_init  at32m412_416_can.o
    0x08002cf0   0x08002cf0   0x00000060   Code   RO          975    i.can_bittime_set   at32m412_416_can.o
    0x08002d50   0x08002d50   0x0000000a   Code   RO          978    i.can_error_warning_set  at32m412_416_can.o
    0x08002d5a   0x08002d5a   0x0000000a   Code   RO          979    i.can_fd_iso_mode_enable  at32m412_416_can.o
    0x08002d64   0x08002d64   0x0000002c   Code   RO          980    i.can_filter_default_para_init  at32m412_416_can.o
    0x08002d90   0x08002d90   0x0000002c   Code   RO          981    i.can_filter_enable  at32m412_416_can.o
    0x08002dbc   0x08002dbc   0x000000fe   Code   RO          982    i.can_filter_set    at32m412_416_can.o
    0x08002eba   0x08002eba   0x00000004   Code   RO          983    i.can_flag_clear    at32m412_416_can.o
    0x08002ebe   0x08002ebe   0x0000001a   Code   RO          985    i.can_interrupt_enable  at32m412_416_can.o
    0x08002ed8   0x08002ed8   0x00000016   Code   RO          986    i.can_interrupt_flag_get  at32m412_416_can.o
    0x08002eee   0x08002eee   0x00000126   Code   RO          988    i.can_mode_set      at32m412_416_can.o
    0x08003014   0x08003014   0x0000000a   Code   RO          989    i.can_rearbitration_limit_set  at32m412_416_can.o
    0x0800301e   0x0800301e   0x0000000a   Code   RO          990    i.can_receive_all_enable  at32m412_416_can.o
    0x08003028   0x08003028   0x0000000a   Code   RO          993    i.can_restricted_operation_enable  at32m412_416_can.o
    0x08003032   0x08003032   0x0000000a   Code   RO          994    i.can_retransmission_limit_set  at32m412_416_can.o
    0x0800303c   0x0800303c   0x0000000a   Code   RO          995    i.can_rxbuf_overflow_mode_set  at32m412_416_can.o
    0x08003046   0x08003046   0x00000002   PAD
    0x08003048   0x08003048   0x00000120   Code   RO          996    i.can_rxbuf_read    at32m412_416_can.o
    0x08003168   0x08003168   0x0000000a   Code   RO          999    i.can_rxbuf_warning_set  at32m412_416_can.o
    0x08003172   0x08003172   0x0000000a   Code   RO         1000    i.can_software_reset  at32m412_416_can.o
    0x0800317c   0x0800317c   0x0000000a   Code   RO         1004    i.can_stb_transmit_mode_set  at32m412_416_can.o
    0x08003186   0x08003186   0x00000002   PAD
    0x08003188   0x08003188   0x00000024   Code   RO         1305    i.crm_ahb_div_set   at32m412_416_crm.o
    0x080031ac   0x080031ac   0x00000014   Code   RO         1306    i.crm_apb1_div_set  at32m412_416_crm.o
    0x080031c0   0x080031c0   0x00000014   Code   RO         1307    i.crm_apb2_div_set  at32m412_416_crm.o
    0x080031d4   0x080031d4   0x00000014   Code   RO         1308    i.crm_apb3_div_set  at32m412_416_crm.o
    0x080031e8   0x080031e8   0x00000028   Code   RO         1309    i.crm_auto_step_mode_enable  at32m412_416_crm.o
    0x08003210   0x08003210   0x00000018   Code   RO         1312    i.crm_can_clock_select  at32m412_416_crm.o
    0x08003228   0x08003228   0x00000068   Code   RO         1316    i.crm_clock_source_enable  at32m412_416_crm.o
    0x08003290   0x08003290   0x0000012c   Code   RO         1317    i.crm_clocks_freq_get  at32m412_416_crm.o
    0x080033bc   0x080033bc   0x00000030   Code   RO         1321    i.crm_flag_get      at32m412_416_crm.o
    0x080033ec   0x080033ec   0x0000004c   Code   RO         1334    i.crm_periph_clock_enable  at32m412_416_crm.o
    0x08003438   0x08003438   0x0000004c   Code   RO         1336    i.crm_periph_reset  at32m412_416_crm.o
    0x08003484   0x08003484   0x00000034   Code   RO         1337    i.crm_pll_config    at32m412_416_crm.o
    0x080034b8   0x080034b8   0x00000088   Code   RO         1339    i.crm_reset         at32m412_416_crm.o
    0x08003540   0x08003540   0x00000024   Code   RO         1340    i.crm_sysclk_switch  at32m412_416_crm.o
    0x08003564   0x08003564   0x00000010   Code   RO         1341    i.crm_sysclk_switch_status_get  at32m412_416_crm.o
    0x08003574   0x08003574   0x00000014   Code   RO         3296    i.current_hw_init   board_at32.o
    0x08003588   0x08003588   0x000000d0   Code   RO         3441    i.current_sense_apply_raw_to_physical  current_sense.o
    0x08003658   0x08003658   0x0000006c   Code   RO         3442    i.current_sense_calibrate_blocking  current_sense.o
    0x080036c4   0x080036c4   0x0000002c   Code   RO         3443    i.current_sense_init  current_sense.o
    0x080036f0   0x080036f0   0x000000b8   Code   RO         3444    i.current_sense_offset_cal_step  current_sense.o
    0x080037a8   0x080037a8   0x00000012   Code   RO         3445    i.current_sense_process_sample  current_sense.o
    0x080037ba   0x080037ba   0x0000000c   Code   RO         3876    i.delay_us          kth71xx.o
    0x080037c6   0x080037c6   0x0000000a   Code   RO         1600    i.dma_channel_enable  at32m412_416_dma.o
    0x080037d0   0x080037d0   0x00000018   Code   RO         1603    i.dma_default_para_init  at32m412_416_dma.o
    0x080037e8   0x080037e8   0x0000000c   Code   RO         1604    i.dma_flag_clear    at32m412_416_dma.o
    0x080037f4   0x080037f4   0x0000001c   Code   RO         1605    i.dma_flag_get      at32m412_416_dma.o
    0x08003810   0x08003810   0x0000005e   Code   RO         1607    i.dma_init          at32m412_416_dma.o
    0x0800386e   0x0800386e   0x00000012   Code   RO         1608    i.dma_interrupt_enable  at32m412_416_dma.o
    0x08003880   0x08003880   0x00000038   Code   RO         1610    i.dma_reset         at32m412_416_dma.o
    0x080038b8   0x080038b8   0x0000000e   Code   RO         1611    i.dmamux_enable     at32m412_416_dma.o
    0x080038c6   0x080038c6   0x0000000a   Code   RO         1618    i.dmamux_init       at32m412_416_dma.o
    0x080038d0   0x080038d0   0x00000012   Code   RO         3373    i.dwt_blocking_delay_ms  dwt_profile_delay.o
    0x080038e2   0x080038e2   0x00000002   PAD
    0x080038e4   0x080038e4   0x0000005c   Code   RO         3374    i.dwt_blocking_delay_us  dwt_profile_delay.o
    0x08003940   0x08003940   0x0000000c   Code   RO         3375    i.dwt_get_ticks     dwt_profile_delay.o
    0x0800394c   0x0800394c   0x00000028   Code   RO         3376    i.dwt_get_ticks_us  dwt_profile_delay.o
    0x08003974   0x08003974   0x00000064   Code   RO         3377    i.dwt_init          dwt_profile_delay.o
    0x080039d8   0x080039d8   0x00000034   Code   RO         4130    i.eeprom_read       eeprom.o
    0x08003a0c   0x08003a0c   0x00000006   Code   RO         4296    i.eeprom_storage_erase  motor_config_storage_ops.o
    0x08003a12   0x08003a12   0x00000002   PAD
    0x08003a14   0x08003a14   0x00000030   Code   RO         4297    i.eeprom_storage_read  motor_config_storage_ops.o
    0x08003a44   0x08003a44   0x00000030   Code   RO         4298    i.eeprom_storage_write  motor_config_storage_ops.o
    0x08003a74   0x08003a74   0x00000060   Code   RO         4131    i.eeprom_write      eeprom.o
    0x08003ad4   0x08003ad4   0x0000000a   Code   RO         3651    i.fabsf             foc_fault.o
    0x08003ade   0x08003ade   0x00000050   Code   RO         4163    i.flash_erase       flash.o
    0x08003b2e   0x08003b2e   0x00000002   PAD
    0x08003b30   0x08003b30   0x00000048   Code   RO         4299    i.flash_factory_storage_read  motor_config_storage_ops.o
    0x08003b78   0x08003b78   0x00000038   Code   RO         1782    i.flash_halfword_program  at32m412_416_flash.o
    0x08003bb0   0x08003bb0   0x00000014   Code   RO         1785    i.flash_lock        at32m412_416_flash.o
    0x08003bc4   0x08003bc4   0x00000034   Code   RO         1786    i.flash_operation_status_get  at32m412_416_flash.o
    0x08003bf8   0x08003bf8   0x00000024   Code   RO         1787    i.flash_operation_wait_for  at32m412_416_flash.o
    0x08003c1c   0x08003c1c   0x0000001e   Code   RO         4164    i.flash_read        flash.o
    0x08003c3a   0x08003c3a   0x00000002   PAD
    0x08003c3c   0x08003c3c   0x00000040   Code   RO         1790    i.flash_sector_erase  at32m412_416_flash.o
    0x08003c7c   0x08003c7c   0x00000024   Code   RO         4300    i.flash_storage_erase  motor_config_storage_ops.o
    0x08003ca0   0x08003ca0   0x00000030   Code   RO         4301    i.flash_storage_read  motor_config_storage_ops.o
    0x08003cd0   0x08003cd0   0x0000005c   Code   RO         4302    i.flash_storage_write  motor_config_storage_ops.o
    0x08003d2c   0x08003d2c   0x00000018   Code   RO         1799    i.flash_unlock      at32m412_416_flash.o
    0x08003d44   0x08003d44   0x00000074   Code   RO         4165    i.flash_write       flash.o
    0x08003db8   0x08003db8   0x00000048   Code   RO         3510    i.foc_align_electrical  foc.o
    0x08003e00   0x08003e00   0x00000010   Code   RO         3511    i.foc_control_loop  foc.o
    0x08003e10   0x08003e10   0x0000014c   Code   RO         3773    i.foc_get_motor_angle  foc_motor.o
    0x08003f5c   0x08003f5c   0x0000010c   Code   RO         3774    i.foc_get_motor_current  foc_motor.o
    0x08004068   0x08004068   0x0000017c   Code   RO         3513    i.foc_init          foc.o
    0x080041e4   0x080041e4   0x00000054   Code   RO         3514    i.foc_motor_run     foc.o
    0x08004238   0x08004238   0x00000014   Code   RO         3515    i.foc_next_state    foc.o
    0x0800424c   0x0800424c   0x00000016   Code   RO         3516    i.foc_pid_apply_param  foc.o
    0x08004262   0x08004262   0x00000002   PAD
    0x08004264   0x08004264   0x0000005c   Code   RO         3829    i.foc_pid_init      foc_pid.o
    0x080042c0   0x080042c0   0x00000108   Code   RO         3518    i.foc_speed_open_control  foc.o
    0x080043c8   0x080043c8   0x0000006c   Code   RO         3519    i.foc_state_machine_loop  foc.o
    0x08004434   0x08004434   0x00000010   Code   RO         3521    i.foc_update        foc.o
    0x08004444   0x08004444   0x0000018c   Code   RO         3522    i.foc_voltage       foc.o
    0x080045d0   0x080045d0   0x0000000c   Code   RO         3969    i.gate_driver_get_active  gate_driver.o
    0x080045dc   0x080045dc   0x00000050   Code   RO         3970    i.gate_driver_init  gate_driver.o
    0x0800462c   0x0800462c   0x0000000c   Code   RO         3971    i.gate_driver_set_active  gate_driver.o
    0x08004638   0x08004638   0x00000004   Code   RO         1997    i.gpio_bits_reset   at32m412_416_gpio.o
    0x0800463c   0x0800463c   0x00000004   Code   RO         1998    i.gpio_bits_set     at32m412_416_gpio.o
    0x08004640   0x08004640   0x00000014   Code   RO         2001    i.gpio_default_para_init  at32m412_416_gpio.o
    0x08004654   0x08004654   0x0000007a   Code   RO         2002    i.gpio_init         at32m412_416_gpio.o
    0x080046ce   0x080046ce   0x00000012   Code   RO         2003    i.gpio_input_data_bit_read  at32m412_416_gpio.o
    0x080046e0   0x080046e0   0x0000003c   Code   RO         2007    i.gpio_pin_mux_config  at32m412_416_gpio.o
    0x0800471c   0x0800471c   0x0000004c   Code   RO         3523    i.inv_park_transform  foc.o
    0x08004768   0x08004768   0x00000088   Code   RO         4379    i.logger_dma_irq_handler  logger.o
    0x080047f0   0x080047f0   0x00000028   Code   RO         4380    i.logger_dma_ring_available  logger.o
    0x08004818   0x08004818   0x0000007c   Code   RO         4382    i.logger_dma_start_transfer_locked  logger.o
    0x08004894   0x08004894   0x00000070   Code   RO         4384    i.logger_output     logger.o
    0x08004904   0x08004904   0x00000016   Code   RO         4385    i.logger_output_uart  logger.o
    0x0800491a   0x0800491a   0x00000002   PAD
    0x0800491c   0x0800491c   0x00000098   Code   RO         4386    i.logger_output_uart_dma_at32  logger.o
    0x080049b4   0x080049b4   0x00000078   Code   RO         3724    i.lpf1_init         foc_filter.o
    0x08004a2c   0x08004a2c   0x00000038   Code   RO         3726    i.lpf1_update       foc_filter.o
    0x08004a64   0x08004a64   0x000001c4   Code   RO          290    i.main              main.o
    0x08004c28   0x08004c28   0x0000002e   Code   RO         4303    i.motor_cfg_erase_with_mirror  motor_config_storage_ops.o
    0x08004c56   0x08004c56   0x0000003c   Code   RO         4304    i.motor_cfg_read_with_mirror  motor_config_storage_ops.o
    0x08004c92   0x08004c92   0x0000004c   Code   RO         4305    i.motor_cfg_write_with_mirror  motor_config_storage_ops.o
    0x08004cde   0x08004cde   0x00000002   PAD
    0x08004ce0   0x08004ce0   0x00000040   Code   RO         4213    i.motor_config_blob_build  motor_config.o
    0x08004d20   0x08004d20   0x00000058   Code   RO         4214    i.motor_config_blob_parse  motor_config.o
    0x08004d78   0x08004d78   0x00000024   Code   RO         4215    i.motor_config_checksum32  motor_config.o
    0x08004d9c   0x08004d9c   0x0000001c   Code   RO         4216    i.motor_config_clear_storage  motor_config.o
    0x08004db8   0x08004db8   0x00000014   Code   RO         4217    i.motor_config_has_storage  motor_config.o
    0x08004dcc   0x08004dcc   0x00000018   Code   RO         4218    i.motor_config_init  motor_config.o
    0x08004de4   0x08004de4   0x00000054   Code   RO         4219    i.motor_config_load  motor_config.o
    0x08004e38   0x08004e38   0x00000038   Code   RO         4220    i.motor_config_register_storage  motor_config.o
    0x08004e70   0x08004e70   0x000000c0   Code   RO         4307    i.motor_config_register_storage_ops_by_mode  motor_config_storage_ops.o
    0x08004f30   0x08004f30   0x00000074   Code   RO         4222    i.motor_config_save  motor_config.o
    0x08004fa4   0x08004fa4   0x00000178   Code   RO         4223    i.motor_config_set_defaults  motor_config.o
    0x0800511c   0x0800511c   0x00000014   Code   RO         3654    i.motor_fault_is_latched  foc_fault.o
    0x08005130   0x08005130   0x00000378   Code   RO         3656    i.motor_fault_protect  foc_fault.o
    0x080054a8   0x080054a8   0x00000022   Code   RO         3657    i.motor_fault_raise  foc_fault.o
    0x080054ca   0x080054ca   0x0000000c   Code   RO         4033    i.mp6540_enter_inactive_state  mp6540.o
    0x080054d6   0x080054d6   0x0000000c   Code   RO         4034    i.mp6540_exit_inactive_state  mp6540.o
    0x080054e2   0x080054e2   0x00000002   PAD
    0x080054e4   0x080054e4   0x000000c8   Code   RO         2106    i.nvic_irq_enable   at32m412_416_misc.o
    0x080055ac   0x080055ac   0x00000028   Code   RO         2108    i.nvic_priority_group_config  at32m412_416_misc.o
    0x080055d4   0x080055d4   0x00000014   Code   RO         2110    i.nvic_vector_table_set  at32m412_416_misc.o
    0x080055e8   0x080055e8   0x00000028   Code   RO         3301    i.pwm_hw_stop       board_at32.o
    0x08005610   0x08005610   0x0000007c   Code   RO         3302    i.set_pwm           board_at32.o
    0x0800568c   0x0800568c   0x00000078   Code   RO         3877    i.spi_3wire_receive_byte  kth71xx.o
    0x08005704   0x08005704   0x000000a4   Code   RO         3878    i.spi_3wire_send_byte  kth71xx.o
    0x080057a8   0x080057a8   0x00000016   Code   RO         2345    i.spi_default_para_init  at32m412_416_spi.o
    0x080057be   0x080057be   0x0000000a   Code   RO         2346    i.spi_enable        at32m412_416_spi.o
    0x080057c8   0x080057c8   0x00000158   Code   RO         2359    i.spi_init          at32m412_416_spi.o
    0x08005920   0x08005920   0x00000060   Code   RO         3524    i.svm               foc.o
    0x08005980   0x08005980   0x00000110   Code   RO         3239    i.system_core_clock_update  system_at32m412_416.o
    0x08005a90   0x08005a90   0x00000028   Code   RO         2111    i.systick_clock_source_config  at32m412_416_misc.o
    0x08005ab8   0x08005ab8   0x00000010   Code   RO         2505    i.tmr_base_init     at32m412_416_tmr.o
    0x08005ac8   0x08005ac8   0x00000020   Code   RO         2507    i.tmr_brk2_config   at32m412_416_tmr.o
    0x08005ae8   0x08005ae8   0x0000000a   Code   RO         2509    i.tmr_brk_filter_value_set  at32m412_416_tmr.o
    0x08005af2   0x08005af2   0x00000048   Code   RO         2513    i.tmr_brkdt_config  at32m412_416_tmr.o
    0x08005b3a   0x08005b3a   0x00000080   Code   RO         2519    i.tmr_channel_enable  at32m412_416_tmr.o
    0x08005bba   0x08005bba   0x00000056   Code   RO         2521    i.tmr_channel_value_set  at32m412_416_tmr.o
    0x08005c10   0x08005c10   0x0000000a   Code   RO         2522    i.tmr_clock_source_div_set  at32m412_416_tmr.o
    0x08005c1a   0x08005c1a   0x0000000a   Code   RO         2524    i.tmr_cnt_dir_set   at32m412_416_tmr.o
    0x08005c24   0x08005c24   0x0000000a   Code   RO         2526    i.tmr_counter_enable  at32m412_416_tmr.o
    0x08005c2e   0x08005c2e   0x00000058   Code   RO         2555    i.tmr_output_channel_buffer_enable  at32m412_416_tmr.o
    0x08005c86   0x08005c86   0x000001fa   Code   RO         2556    i.tmr_output_channel_config  at32m412_416_tmr.o
    0x08005e80   0x08005e80   0x00000058   Code   RO         2557    i.tmr_output_channel_immediately_set  at32m412_416_tmr.o
    0x08005ed8   0x08005ed8   0x0000000a   Code   RO         2562    i.tmr_output_enable  at32m412_416_tmr.o
    0x08005ee2   0x08005ee2   0x0000000a   Code   RO         2567    i.tmr_period_buffer_enable  at32m412_416_tmr.o
    0x08005eec   0x08005eec   0x0000000a   Code   RO         2570    i.tmr_primary_mode2_select  at32m412_416_tmr.o
    0x08005ef6   0x08005ef6   0x0000000e   Code   RO         2571    i.tmr_primary_mode_select  at32m412_416_tmr.o
    0x08005f04   0x08005f04   0x00000034   Code   RO         2573    i.tmr_repetition_counter_set  at32m412_416_tmr.o
    0x08005f38   0x08005f38   0x0000000a   Code   RO         2576    i.tmr_sub_sync_mode_set  at32m412_416_tmr.o
    0x08005f42   0x08005f42   0x0000000a   Code   RO         2975    i.usart_dma_transmitter_enable  at32m412_416_usart.o
    0x08005f4c   0x08005f4c   0x0000000a   Code   RO         2977    i.usart_enable      at32m412_416_usart.o
    0x08005f56   0x08005f56   0x00000066   Code   RO         2980    i.usart_hardware_flow_control_set  at32m412_416_usart.o
    0x08005fbc   0x08005fbc   0x000000a0   Code   RO         2982    i.usart_init        at32m412_416_usart.o
    0x0800605c   0x0800605c   0x0000004c   Code   RO         2990    i.usart_parity_selection_config  at32m412_416_usart.o
    0x080060a8   0x080060a8   0x0000000a   Code   RO         2992    i.usart_receiver_enable  at32m412_416_usart.o
    0x080060b2   0x080060b2   0x0000000a   Code   RO         3005    i.usart_transmitter_enable  at32m412_416_usart.o
    0x080060bc   0x080060bc   0x000000c8   Code   RO          429    i.wk_adc1_init      wk_adc.o
    0x08006184   0x08006184   0x00000138   Code   RO          430    i.wk_adc2_init      wk_adc.o
    0x080062bc   0x080062bc   0x00000034   Code   RO          431    i.wk_adc_common_init  wk_adc.o
    0x080062f0   0x080062f0   0x0000021c   Code   RO          469    i.wk_can1_init      wk_can.o
    0x0800650c   0x0800650c   0x00000058   Code   RO          593    i.wk_dma1_channel1_init  wk_dma.o
    0x08006564   0x08006564   0x00000058   Code   RO          594    i.wk_dma1_channel3_init  wk_dma.o
    0x080065bc   0x080065bc   0x00000008   Code   RO          595    i.wk_dma_channel_config  wk_dma.o
    0x080065c4   0x080065c4   0x0000008c   Code   RO          633    i.wk_gpio_config    wk_gpio.o
    0x08006650   0x08006650   0x000000f2   Code   RO          231    i.wk_nvic_config    at32m412_416_wk_config.o
    0x08006742   0x08006742   0x00000002   PAD
    0x08006744   0x08006744   0x0000008c   Code   RO          232    i.wk_periph_clock_config  at32m412_416_wk_config.o
    0x080067d0   0x080067d0   0x000000b0   Code   RO          497    i.wk_spi2_init      wk_spi.o
    0x08006880   0x08006880   0x000000b8   Code   RO          233    i.wk_system_clock_config  at32m412_416_wk_config.o
    0x08006938   0x08006938   0x00000008   Code   RO          380    i.wk_timebase_handler  wk_system.o
    0x08006940   0x08006940   0x00000010   Code   RO          381    i.wk_timebase_increase  wk_system.o
    0x08006950   0x08006950   0x00000034   Code   RO          382    i.wk_timebase_init  wk_system.o
    0x08006984   0x08006984   0x00000264   Code   RO          525    i.wk_tmr1_init      wk_tmr.o
    0x08006be8   0x08006be8   0x00000034   Code   RO          526    i.wk_tmr6_init      wk_tmr.o
    0x08006c1c   0x08006c1c   0x00000034   Code   RO          527    i.wk_tmr7_init      wk_tmr.o
    0x08006c50   0x08006c50   0x000000ac   Code   RO          565    i.wk_usart1_init    wk_usart.o
    0x08006cfc   0x08006cfc   0x0000002c   Code   RO         4774    locale$$code        c_w.l(lc_numeric_c.o)
    0x08006d28   0x08006d28   0x0000002c   Code   RO         4797    locale$$code        c_w.l(lc_ctype_c.o)
    0x08006d54   0x08006d54   0x0000008c   Code   RO         4732    x$fpl$fnaninf       fz_wm.l(fnaninf.o)
    0x08006de0   0x08006de0   0x0000000a   Code   RO         4865    x$fpl$fpinit        fz_wm.l(fpinit.o)
    0x08006dea   0x08006dea   0x00000002   PAD
    0x08006dec   0x08006dec   0x000000f4   Code   RO         4662    x$fpl$frem          fz_wm.l(frem_clz.o)
    0x08006ee0   0x08006ee0   0x00000004   Code   RO         4664    x$fpl$printf1       fz_wm.l(printf1.o)
    0x08006ee4   0x08006ee4   0x00000004   Code   RO         4666    x$fpl$printf2       fz_wm.l(printf2.o)
    0x08006ee8   0x08006ee8   0x00000000   Code   RO         4672    x$fpl$usenofp       fz_wm.l(usenofp.o)
    0x08006ee8   0x08006ee8   0x00000048   Data   RO          291    .constdata          main.o
    0x08006f30   0x08006f30   0x00000010   Data   RO         1025    .constdata          at32m412_416_can.o
    0x08006f40   0x08006f40   0x00000026   Data   RO         1343    .constdata          at32m412_416_crm.o
    0x08006f66   0x08006f66   0x00000016   Data   RO         3240    .constdata          system_at32m412_416.o
    0x08006f7c   0x08006f7c   0x0000000c   Data   RO         4035    .constdata          mp6540.o
    0x08006f88   0x08006f88   0x00000054   Data   RO         4308    .constdata          motor_config_storage_ops.o
    0x08006fdc   0x08006fdc   0x00000008   Data   RO         4588    .constdata          c_w.l(_printf_wctomb.o)
    0x08006fe4   0x08006fe4   0x00000028   Data   RO         4617    .constdata          c_w.l(_printf_hex_int_ll_ptr.o)
    0x0800700c   0x0800700c   0x00000011   Data   RO         4637    .constdata          c_w.l(__printf_flags_ss_wp.o)
    0x0800701d   0x0800701d   0x00000003   PAD
    0x08007020   0x08007020   0x00000020   Data   RO         4690    .constdata          m_wm.l(rredf.o)
    0x08007040   0x08007040   0x00000026   Data   RO         4721    .constdata          c_w.l(_printf_fp_hex.o)
    0x08007066   0x08007066   0x00000002   PAD
    0x08007068   0x08007068   0x00000094   Data   RO         4749    .constdata          c_w.l(bigflt0.o)
    0x080070fc   0x080070fc   0x0000001e   Data   RO         4390    .conststring        logger.o
    0x0800711a   0x0800711a   0x00000002   PAD
    0x0800711c   0x0800711c   0x00000020   Data   RO         4923    Region$$Table       anon$$obj.o
    0x0800713c   0x0800713c   0x0000001c   Data   RO         4773    locale$$data        c_w.l(lc_numeric_c.o)
    0x08007158   0x08007158   0x00000110   Data   RO         4796    locale$$data        c_w.l(lc_ctype_c.o)


    Execution Region RW_IRAM1 (Exec base: 0x20000000, Load base: 0x08007268, Size: 0x00001060, Max: 0x00004000, ABSOLUTE, COMPRESSED[0x0000011c])

    Exec Addr    Load Addr    Size         Type   Attr      Idx    E Section Name        Object

    0x20000000   COMPRESSED   0x00000004   Data   RW          383    .data               wk_system.o
    0x20000004   COMPRESSED   0x00000004   Data   RW         3241    .data               system_at32m412_416.o
    0x20000008   COMPRESSED   0x00000002   Data   RW         3303    .data               board_at32.o
    0x2000000a   COMPRESSED   0x00000002   PAD
    0x2000000c   COMPRESSED   0x00000005   Data   RW         3447    .data               current_sense.o
    0x20000011   COMPRESSED   0x00000003   PAD
    0x20000014   COMPRESSED   0x0000000c   Data   RW         3527    .data               foc.o
    0x20000020   COMPRESSED   0x00000010   Data   RW         3777    .data               foc_motor.o
    0x20000030   COMPRESSED   0x00000100   Data   RW         3879    .data               kth71xx.o
    0x20000130   COMPRESSED   0x00000004   Data   RW         3973    .data               gate_driver.o
    0x20000134   COMPRESSED   0x00000008   Data   RW         4036    .data               mp6540.o
    0x2000013c   COMPRESSED   0x00000004   Data   RW         4132    .data               eeprom.o
    0x20000140   COMPRESSED   0x00000004   Data   RW         4225    .data               motor_config.o
    0x20000144   COMPRESSED   0x00000004   Data   RW         4309    .data               motor_config_storage_ops.o
    0x20000148   COMPRESSED   0x00000024   Data   RW         4391    .data               logger.o
    0x2000016c        -       0x00000058   Zero   RW         3381    .bss                dwt_profile_delay.o
    0x200001c4        -       0x0000000c   Zero   RW         3446    .bss                current_sense.o
    0x200001d0        -       0x000002f4   Zero   RW         3526    .bss                foc.o
    0x200004c4        -       0x0000002c   Zero   RW         3972    .bss                gate_driver.o
    0x200004f0        -       0x00000010   Zero   RW         4224    .bss                motor_config.o
    0x20000500        -       0x00000500   Zero   RW         4389    .bss                logger.o
    0x20000a00        -       0x00000060   Zero   RW         4735    .bss                c_w.l(libspace.o)
    0x20000a60        -       0x00000200   Zero   RW         3229    HEAP                startup_at32m412_416.o
    0x20000c60        -       0x00000400   Zero   RW         3228    STACK               startup_at32m412_416.o


==============================================================================

Image component sizes


      Code (inc. data)   RO Data    RW Data    ZI Data      Debug   Object Name

      1044         42          0          0          0      13943   at32m412_416_adc.o
      1202         14         16          0          0      14523   at32m412_416_can.o
      1004        120         38          0          0      10486   at32m412_416_crm.o
       266         18          0          0          0       6221   at32m412_416_dma.o
       252         30          0          0          0       3894   at32m412_416_flash.o
       228          0          0          0          0       4612   at32m412_416_gpio.o
       238         14          0          0          0     109353   at32m412_416_int.o
       300         26          0          0          0      33420   at32m412_416_misc.o
       376          0          0          0          0       2504   at32m412_416_spi.o
      1162         72          0          0          0      12952   at32m412_416_tmr.o
       378          4          0          0          0       5368   at32m412_416_usart.o
       686         44          0          0          0      33598   at32m412_416_wk_config.o
        10          0          0          0          0        953   board.o
       276         26          0          2          0       3927   board_at32.o
       562         36          0          5         12      12051   current_sense.o
       262         42          0          0         88       3210   dwt_profile_delay.o
       148         12          0          4          0       3025   eeprom.o
       248          0          0          0          0       4201   flash.o
      1550        142          0         12        756      10822   foc.o
       952         14          0          0          0      10514   foc_fault.o
       176         16          0          0          0       3730   foc_filter.o
       600         46          0         16          0       4476   foc_motor.o
        92          4          0          0          0       1975   foc_pid.o
       104         16          0          4         44       5057   gate_driver.o
       474         20          0        256          0       5756   kth71xx.o
       674        110         30         36       1280      15032   logger.o
       452        152         72          0          0       4759   main.o
       892         94          0          4         16       8893   motor_config.o
       724         44         84          4          0      11048   motor_config_storage_ops.o
       342          8         12          8          0       8238   mp6540.o
        64         26        444          0       1536        848   startup_at32m412_416.o
       420         40         22          4          0       2524   system_at32m412_416.o
       564         20          0          0          0       1943   wk_adc.o
       540         10          0          0          0        935   wk_can.o
       184          8          0          0          0       2316   wk_dma.o
       140         10          0          0          0        605   wk_gpio.o
       176         10          0          0          0        655   wk_spi.o
        76          4          0          4          0       2257   wk_system.o
       716         18          0          0          0       2033   wk_tmr.o
       172         10          0          0          0        617   wk_usart.o

    ----------------------------------------------------------------------
     18752       1322        752        364       3732     383274   Object Totals
         0          0         32          0          0          0   (incl. Generated)
        26          0          2          5          0          0   (incl. Padding)

    ----------------------------------------------------------------------

      Code (inc. data)   RO Data    RW Data    ZI Data      Debug   Library Member Name

        58          0          0          0          0          0   __dczerorl.o
         8          0          0          0          0         68   __main.o
       392          4         17          0          0         92   __printf_flags_ss_wp.o
        14          0          0          0          0         68   __printf_wp.o
         0          0          0          0          0          0   __rtentry.o
        12          0          0          0          0          0   __rtentry2.o
         6          0          0          0          0          0   __rtentry4.o
        52          8          0          0          0          0   __scatter.o
        28          0          0          0          0          0   __scatter_zi.o
         6          0          0          0          0          0   _printf_a.o
         6          0          0          0          0          0   _printf_c.o
        44          0          0          0          0        108   _printf_char.o
        48          6          0          0          0         96   _printf_char_common.o
        40          0          0          0          0         68   _printf_charcount.o
         6          0          0          0          0          0   _printf_d.o
       120         16          0          0          0         92   _printf_dec.o
         6          0          0          0          0          0   _printf_e.o
         6          0          0          0          0          0   _printf_f.o
      1054          0          0          0          0        216   _printf_fp_dec.o
       764          8         38          0          0        100   _printf_fp_hex.o
       128         16          0          0          0         84   _printf_fp_infnan.o
         6          0          0          0          0          0   _printf_g.o
       148          4         40          0          0        160   _printf_hex_int_ll_ptr.o
         6          0          0          0          0          0   _printf_i.o
       178          0          0          0          0         88   _printf_intcommon.o
        10          0          0          0          0          0   _printf_l.o
         6          0          0          0          0          0   _printf_lc.o
        10          0          0          0          0          0   _printf_ll.o
         6          0          0          0          0          0   _printf_lld.o
         6          0          0          0          0          0   _printf_lli.o
         6          0          0          0          0          0   _printf_llo.o
         6          0          0          0          0          0   _printf_llu.o
         6          0          0          0          0          0   _printf_llx.o
       124         16          0          0          0         92   _printf_longlong_dec.o
         6          0          0          0          0          0   _printf_ls.o
         6          0          0          0          0          0   _printf_n.o
         6          0          0          0          0          0   _printf_o.o
       112         10          0          0          0        124   _printf_oct_int_ll.o
         6          0          0          0          0          0   _printf_p.o
        78          0          0          0          0        108   _printf_pad.o
         0          0          0          0          0          0   _printf_percent.o
         4          0          0          0          0          0   _printf_percent_end.o
         6          0          0          0          0          0   _printf_s.o
        82          0          0          0          0         80   _printf_str.o
        36          0          0          0          0         84   _printf_truncate.o
         6          0          0          0          0          0   _printf_u.o
        44          0          0          0          0        108   _printf_wchar.o
       188          6          8          0          0         92   _printf_wctomb.o
         6          0          0          0          0          0   _printf_x.o
        22          0          0          0          0        100   _rserrno.o
        16          0          0          0          0         68   _snputc.o
        10          0          0          0          0         68   _sputc.o
        64          0          0          0          0         92   _wcrtomb.o
       228          4        148          0          0         96   bigflt0.o
      1936        128          0          0          0        672   btod.o
        18          0          0          0          0         80   exit.o
         6          0          0          0          0        152   heapauxi.o
         0          0          0          0          0          0   indicate_semi.o
        44         10        272          0          0         76   lc_ctype_c.o
        44         10         28          0          0         76   lc_numeric_c.o
         2          0          0          0          0          0   libinit.o
        34          0          0          0          0          0   libinit2.o
         2          0          0          0          0          0   libshutdown.o
         2          0          0          0          0          0   libshutdown2.o
         8          4          0          0         96         68   libspace.o
       138          0          0          0          0         80   lludiv10.o
       238          0          0          0          0        100   lludivv7m.o
        16          4          0          0          0         76   rt_ctype_table.o
         8          4          0          0          0         68   rt_errno_addr_intlibspace.o
         8          4          0          0          0         68   rt_locale_intlibspace.o
        78          0          0          0          0         80   rt_memclr_w.o
       138          0          0          0          0         68   rt_memcpy_v6.o
       100          0          0          0          0         80   rt_memcpy_w.o
         2          0          0          0          0          0   rtexit.o
        10          0          0          0          0          0   rtexit2.o
       128          0          0          0          0         68   strcmpv7m.o
        12          4          0          0          0         68   sys_exit.o
        74          0          0          0          0         80   sys_stackheap_outer.o
         2          0          0          0          0         68   use_no_semi.o
        52          4          0          0          0         80   vsnprintf.o
       140          4          0          0          0        132   fnaninf.o
        10          0          0          0          0        116   fpinit.o
       244          8          0          0          0        132   frem_clz.o
         4          0          0          0          0        116   printf1.o
         4          0          0          0          0        116   printf2.o
         0          0          0          0          0          0   usenofp.o
       336         56          0          0          0        136   cosf.o
       176          0          0          0          0        168   fmodf.o
        48          0          0          0          0        124   fpclassify.o
        38          0          0          0          0        116   fpclassifyf.o
        38         12          0          0          0        348   funder.o
       340         24         32          0          0        160   rredf.o
       400         56          0          0          0        212   sinf.o
        58          0          0          0          0        136   sqrtf.o

    ----------------------------------------------------------------------
      9196        430        588          0         96       6472   Library Totals
        18          0          5          0          0          0   (incl. Padding)

    ----------------------------------------------------------------------

      Code (inc. data)   RO Data    RW Data    ZI Data      Debug   Library Name

      7342        270        551          0         96       4460   c_w.l
       402         12          0          0          0        612   fz_wm.l
      1434        148         32          0          0       1400   m_wm.l

    ----------------------------------------------------------------------
      9196        430        588          0         96       6472   Library Totals

    ----------------------------------------------------------------------

==============================================================================


      Code (inc. data)   RO Data    RW Data    ZI Data      Debug   

     27948       1752       1340        364       3828     362902   Grand Totals
     27948       1752       1340        284       3828     362902   ELF Image Totals (compressed)
     27948       1752       1340        284          0          0   ROM Totals

==============================================================================

    Total RO  Size (Code + RO Data)                29288 (  28.60kB)
    Total RW  Size (RW Data + ZI Data)              4192 (   4.09kB)
    Total ROM Size (Code + RO Data + RW Data)      29572 (  28.88kB)

==============================================================================

